<!doctype html public "-//w3c//dtd html 4.0 transitional//en">
<html><head>
<title>Static Call Graph - [.\build\mbedOfficialLibrary.axf]</title></head>
<body><HR>
<H1>Static Call Graph for image .\build\mbedOfficialLibrary.axf</H1><HR>
<BR><P>#&#060CALLGRAPH&#062# ARM Linker, 5050169: Last Updated: Mon Feb 08 13:03:29 2016
<BR><P>
<H3>Maximum Stack Usage =        656 bytes + Unknown(Cycles, Untraceable Function Pointers)</H3><H3>
Call chain for Maximum Stack Depth:</H3>
__sti___8_main_cpp_Gps &rArr; AjK::MODSERIAL::MODSERIAL(PinName, PinName, int, int, const char*) &rArr; mbed::Serial::Serial(PinName, PinName, const char*) &rArr; mbed::Stream::Stream__sub_object(const char*) &rArr; fopen &rArr; freopen &rArr; _sys_open &rArr; __0sscanf &rArr; __vfscanf_char &rArr; __vfscanf &rArr; _scanf_real &rArr; _scanf_really_real &rArr; _fp_value &rArr; _btod_etento &rArr; _btod_emul &rArr; _e2e
<P>
<H3>
Mutually Recursive functions
</H3> <LI><a href="#[14]">NMI_Handler</a>&nbsp;&nbsp;&nbsp;&rArr;&nbsp;&nbsp;&nbsp;<a href="#[14]">NMI_Handler</a><BR>
 <LI><a href="#[15]">HardFault_Handler</a>&nbsp;&nbsp;&nbsp;&rArr;&nbsp;&nbsp;&nbsp;<a href="#[15]">HardFault_Handler</a><BR>
 <LI><a href="#[16]">MemManage_Handler</a>&nbsp;&nbsp;&nbsp;&rArr;&nbsp;&nbsp;&nbsp;<a href="#[16]">MemManage_Handler</a><BR>
 <LI><a href="#[17]">BusFault_Handler</a>&nbsp;&nbsp;&nbsp;&rArr;&nbsp;&nbsp;&nbsp;<a href="#[17]">BusFault_Handler</a><BR>
 <LI><a href="#[18]">UsageFault_Handler</a>&nbsp;&nbsp;&nbsp;&rArr;&nbsp;&nbsp;&nbsp;<a href="#[18]">UsageFault_Handler</a><BR>
 <LI><a href="#[19]">SVC_Handler</a>&nbsp;&nbsp;&nbsp;&rArr;&nbsp;&nbsp;&nbsp;<a href="#[19]">SVC_Handler</a><BR>
 <LI><a href="#[1a]">DebugMon_Handler</a>&nbsp;&nbsp;&nbsp;&rArr;&nbsp;&nbsp;&nbsp;<a href="#[1a]">DebugMon_Handler</a><BR>
 <LI><a href="#[1b]">PendSV_Handler</a>&nbsp;&nbsp;&nbsp;&rArr;&nbsp;&nbsp;&nbsp;<a href="#[1b]">PendSV_Handler</a><BR>
 <LI><a href="#[1c]">SysTick_Handler</a>&nbsp;&nbsp;&nbsp;&rArr;&nbsp;&nbsp;&nbsp;<a href="#[1c]">SysTick_Handler</a><BR>
 <LI><a href="#[33]">ADC_IRQHandler</a>&nbsp;&nbsp;&nbsp;&rArr;&nbsp;&nbsp;&nbsp;<a href="#[33]">ADC_IRQHandler</a><BR>
</UL>
<P>
<H3>
Function Pointers
</H3><UL>
 <LI><a href="#[4d]">&lang;Func1&rang;</a> from SerialBase.o(i.<Func1>) referenced from SerialBase.o(i._ZN4mbed10SerialBaseC1E7PinNameS1_)
 <LI><a href="#[33]">ADC_IRQHandler</a> from startup_LPC17xx.o(.text) referenced from startup_LPC17xx.o(RESET)
 <LI><a href="#[34]">BOD_IRQHandler</a> from startup_LPC17xx.o(.text) referenced from startup_LPC17xx.o(RESET)
 <LI><a href="#[17]">BusFault_Handler</a> from startup_LPC17xx.o(.text) referenced from startup_LPC17xx.o(RESET)
 <LI><a href="#[36]">CAN_IRQHandler</a> from startup_LPC17xx.o(.text) referenced from startup_LPC17xx.o(RESET)
 <LI><a href="#[37]">DMA_IRQHandler</a> from startup_LPC17xx.o(.text) referenced from startup_LPC17xx.o(RESET)
 <LI><a href="#[1a]">DebugMon_Handler</a> from startup_LPC17xx.o(.text) referenced from startup_LPC17xx.o(RESET)
 <LI><a href="#[2f]">EINT0_IRQHandler</a> from startup_LPC17xx.o(.text) referenced from startup_LPC17xx.o(RESET)
 <LI><a href="#[30]">EINT1_IRQHandler</a> from startup_LPC17xx.o(.text) referenced from startup_LPC17xx.o(RESET)
 <LI><a href="#[31]">EINT2_IRQHandler</a> from startup_LPC17xx.o(.text) referenced from startup_LPC17xx.o(RESET)
 <LI><a href="#[32]">EINT3_IRQHandler</a> from startup_LPC17xx.o(.text) referenced from startup_LPC17xx.o(RESET)
 <LI><a href="#[39]">ENET_IRQHandler</a> from startup_LPC17xx.o(.text) referenced from startup_LPC17xx.o(RESET)
 <LI><a href="#[15]">HardFault_Handler</a> from startup_LPC17xx.o(.text) referenced from startup_LPC17xx.o(RESET)
 <LI><a href="#[27]">I2C0_IRQHandler</a> from startup_LPC17xx.o(.text) referenced from startup_LPC17xx.o(RESET)
 <LI><a href="#[28]">I2C1_IRQHandler</a> from startup_LPC17xx.o(.text) referenced from startup_LPC17xx.o(RESET)
 <LI><a href="#[29]">I2C2_IRQHandler</a> from startup_LPC17xx.o(.text) referenced from startup_LPC17xx.o(RESET)
 <LI><a href="#[38]">I2S_IRQHandler</a> from startup_LPC17xx.o(.text) referenced from startup_LPC17xx.o(RESET)
 <LI><a href="#[3b]">MCPWM_IRQHandler</a> from startup_LPC17xx.o(.text) referenced from startup_LPC17xx.o(RESET)
 <LI><a href="#[16]">MemManage_Handler</a> from startup_LPC17xx.o(.text) referenced from startup_LPC17xx.o(RESET)
 <LI><a href="#[14]">NMI_Handler</a> from startup_LPC17xx.o(.text) referenced from startup_LPC17xx.o(RESET)
 <LI><a href="#[2d]">PLL0_IRQHandler</a> from startup_LPC17xx.o(.text) referenced from startup_LPC17xx.o(RESET)
 <LI><a href="#[3d]">PLL1_IRQHandler</a> from startup_LPC17xx.o(.text) referenced from startup_LPC17xx.o(RESET)
 <LI><a href="#[26]">PWM1_IRQHandler</a> from startup_LPC17xx.o(.text) referenced from startup_LPC17xx.o(RESET)
 <LI><a href="#[1b]">PendSV_Handler</a> from startup_LPC17xx.o(.text) referenced from startup_LPC17xx.o(RESET)
 <LI><a href="#[3c]">QEI_IRQHandler</a> from startup_LPC17xx.o(.text) referenced from startup_LPC17xx.o(RESET)
 <LI><a href="#[3a]">RIT_IRQHandler</a> from startup_LPC17xx.o(.text) referenced from startup_LPC17xx.o(RESET)
 <LI><a href="#[2e]">RTC_IRQHandler</a> from startup_LPC17xx.o(.text) referenced from startup_LPC17xx.o(RESET)
 <LI><a href="#[13]">Reset_Handler</a> from startup_LPC17xx.o(.text) referenced from startup_LPC17xx.o(RESET)
 <LI><a href="#[2a]">SPI_IRQHandler</a> from startup_LPC17xx.o(.text) referenced from startup_LPC17xx.o(RESET)
 <LI><a href="#[2b]">SSP0_IRQHandler</a> from startup_LPC17xx.o(.text) referenced from startup_LPC17xx.o(RESET)
 <LI><a href="#[2c]">SSP1_IRQHandler</a> from startup_LPC17xx.o(.text) referenced from startup_LPC17xx.o(RESET)
 <LI><a href="#[19]">SVC_Handler</a> from startup_LPC17xx.o(.text) referenced from startup_LPC17xx.o(RESET)
 <LI><a href="#[1c]">SysTick_Handler</a> from startup_LPC17xx.o(.text) referenced from startup_LPC17xx.o(RESET)
 <LI><a href="#[3e]">SystemInit</a> from system_LPC17xx.o(i.SystemInit) referenced from startup_LPC17xx.o(.text)
 <LI><a href="#[1e]">TIMER0_IRQHandler</a> from startup_LPC17xx.o(.text) referenced from startup_LPC17xx.o(RESET)
 <LI><a href="#[1f]">TIMER1_IRQHandler</a> from startup_LPC17xx.o(.text) referenced from startup_LPC17xx.o(RESET)
 <LI><a href="#[20]">TIMER2_IRQHandler</a> from startup_LPC17xx.o(.text) referenced from startup_LPC17xx.o(RESET)
 <LI><a href="#[21]">TIMER3_IRQHandler</a> from startup_LPC17xx.o(.text) referenced from startup_LPC17xx.o(RESET)
 <LI><a href="#[22]">UART0_IRQHandler</a> from startup_LPC17xx.o(.text) referenced from startup_LPC17xx.o(RESET)
 <LI><a href="#[23]">UART1_IRQHandler</a> from startup_LPC17xx.o(.text) referenced from startup_LPC17xx.o(RESET)
 <LI><a href="#[24]">UART2_IRQHandler</a> from startup_LPC17xx.o(.text) referenced from startup_LPC17xx.o(RESET)
 <LI><a href="#[25]">UART3_IRQHandler</a> from startup_LPC17xx.o(.text) referenced from startup_LPC17xx.o(RESET)
 <LI><a href="#[35]">USB_IRQHandler</a> from startup_LPC17xx.o(.text) referenced from startup_LPC17xx.o(RESET)
 <LI><a href="#[18]">UsageFault_Handler</a> from startup_LPC17xx.o(.text) referenced from startup_LPC17xx.o(RESET)
 <LI><a href="#[1d]">WDT_IRQHandler</a> from startup_LPC17xx.o(.text) referenced from startup_LPC17xx.o(RESET)
 <LI><a href="#[90]">gpsTimeoutHandler()</a> from main.o(.text) referenced 10 times from main.o(.text)
 <LI><a href="#[a6]">realDataGpsTimeoutHandler()</a> from main.o(.text) referenced from main.o(.text)
 <LI><a href="#[42]">AjK::MODSERIAL_callback::MODSERIAL_callback()</a> from modserial.o(i._ZN3AjK18MODSERIAL_callbackC1Ev) referenced from modserial.o(.text)
 <LI><a href="#[60]">AjK::MODSERIAL::_getc()</a> from modserial.o(i._ZN3AjK9MODSERIAL5_getcEv) referenced from modserial.o(.constdata__ZTVN3AjK9MODSERIALE)
 <LI><a href="#[5f]">AjK::MODSERIAL::_putc(int)</a> from modserial.o(i._ZN3AjK9MODSERIAL5_putcEi) referenced from modserial.o(.constdata__ZTVN3AjK9MODSERIALE)
 <LI><a href="#[56]">AjK::MODSERIAL::isr_rx()</a> from isr_rx.o(.text) referenced from init.o(.constdata)
 <LI><a href="#[57]">AjK::MODSERIAL::isr_tx()</a> from init.o(i._ZN3AjK9MODSERIAL6isr_txEv) referenced from init.o(.constdata)
 <LI><a href="#[5e]">AjK::MODSERIAL::~MODSERIAL__deallocating()</a> from modserial.o(.text) referenced from modserial.o(.constdata__ZTVN3AjK9MODSERIALE)
 <LI><a href="#[40]">AjK::MODSERIAL::~MODSERIAL()</a> from modserial.o(.text) referenced from modserial.o(.constdata__ZTVN3AjK9MODSERIALE)
 <LI><a href="#[40]">AjK::MODSERIAL::~MODSERIAL()</a> from modserial.o(.text) referenced from main.o(.text)
 <LI><a href="#[64]">mbed::FileHandle::flen()</a> from retarget.o(i._ZN4mbed10FileHandle4flenEv) referenced from retarget.o(.constdata__ZTVN4mbed10FileHandleE)
 <LI><a href="#[64]">mbed::FileHandle::flen()</a> from retarget.o(i._ZN4mbed10FileHandle4flenEv) referenced from FileLike.o(.constdata__ZTVN4mbed8FileLikeE)
 <LI><a href="#[65]">mbed::FileHandle::~FileHandle__sub_object()</a> from retarget.o(i._ZN4mbed10FileHandleD2Ev) referenced from retarget.o(.constdata__ZTVN4mbed10FileHandleE)
 <LI><a href="#[4e]">mbed::SerialBase::_irq_handler(unsigned, SerialIrq)</a> from SerialBase.o(i._ZN4mbed10SerialBase12_irq_handlerEj9SerialIrq) referenced from SerialBase.o(i._ZN4mbed10SerialBaseC1E7PinNameS1_)
 <LI><a href="#[4f]">mbed::TimerEvent::irq(unsigned)</a> from TimerEvent.o(i._ZN4mbed10TimerEvent3irqEj) referenced from TimerEvent.o(i._ZN4mbed10TimerEventC2Ev)
 <LI><a href="#[66]">mbed::TimerEvent::~TimerEvent__sub_object()</a> from TimerEvent.o(i._ZN4mbed10TimerEventD2Ev) referenced from TimerEvent.o(.constdata__ZTVN4mbed10TimerEventE)
 <LI><a href="#[55]">void mbed::FunctionPointer::membercaller&lang;AjK::MODSERIAL&rang;(void*, char*)</a> from init.o(t._ZN4mbed15FunctionPointer12membercallerIN3AjK9MODSERIALEEEvPvPc) referenced from init.o(t._ZN4mbed10SerialBase6attachIN3AjK9MODSERIALEEEvPT_MS4_FvvENS0_7IrqTypeE)
 <LI><a href="#[68]">mbed::Serial::_getc()</a> from Serial.o(i._ZN4mbed6Serial5_getcEv) referenced from Serial.o(.constdata__ZTVN4mbed6SerialE)
 <LI><a href="#[67]">mbed::Serial::_putc(int)</a> from Serial.o(i._ZN4mbed6Serial5_putcEi) referenced from Serial.o(.constdata__ZTVN4mbed6SerialE)
 <LI><a href="#[5d]">mbed::Stream::flen()</a> from Stream.o(i._ZN4mbed6Stream4flenEv) referenced from modserial.o(.constdata__ZTVN3AjK9MODSERIALE)
 <LI><a href="#[5d]">mbed::Stream::flen()</a> from Stream.o(i._ZN4mbed6Stream4flenEv) referenced from Serial.o(.constdata__ZTVN4mbed6SerialE)
 <LI><a href="#[5d]">mbed::Stream::flen()</a> from Stream.o(i._ZN4mbed6Stream4flenEv) referenced from Stream.o(.constdata__ZTVN4mbed6StreamE)
 <LI><a href="#[5a]">mbed::Stream::read(void*, unsigned)</a> from Stream.o(i._ZN4mbed6Stream4readEPvj) referenced from modserial.o(.constdata__ZTVN3AjK9MODSERIALE)
 <LI><a href="#[5a]">mbed::Stream::read(void*, unsigned)</a> from Stream.o(i._ZN4mbed6Stream4readEPvj) referenced from Serial.o(.constdata__ZTVN4mbed6SerialE)
 <LI><a href="#[5a]">mbed::Stream::read(void*, unsigned)</a> from Stream.o(i._ZN4mbed6Stream4readEPvj) referenced from Stream.o(.constdata__ZTVN4mbed6StreamE)
 <LI><a href="#[59]">mbed::Stream::close()</a> from Stream.o(i._ZN4mbed6Stream5closeEv) referenced from modserial.o(.constdata__ZTVN3AjK9MODSERIALE)
 <LI><a href="#[59]">mbed::Stream::close()</a> from Stream.o(i._ZN4mbed6Stream5closeEv) referenced from Serial.o(.constdata__ZTVN4mbed6SerialE)
 <LI><a href="#[59]">mbed::Stream::close()</a> from Stream.o(i._ZN4mbed6Stream5closeEv) referenced from Stream.o(.constdata__ZTVN4mbed6StreamE)
 <LI><a href="#[5c]">mbed::Stream::lseek(long, int)</a> from Stream.o(i._ZN4mbed6Stream5lseekEli) referenced from modserial.o(.constdata__ZTVN3AjK9MODSERIALE)
 <LI><a href="#[5c]">mbed::Stream::lseek(long, int)</a> from Stream.o(i._ZN4mbed6Stream5lseekEli) referenced from Serial.o(.constdata__ZTVN4mbed6SerialE)
 <LI><a href="#[5c]">mbed::Stream::lseek(long, int)</a> from Stream.o(i._ZN4mbed6Stream5lseekEli) referenced from Stream.o(.constdata__ZTVN4mbed6StreamE)
 <LI><a href="#[58]">mbed::Stream::write(const void*, unsigned)</a> from Stream.o(i._ZN4mbed6Stream5writeEPKvj) referenced from modserial.o(.constdata__ZTVN3AjK9MODSERIALE)
 <LI><a href="#[58]">mbed::Stream::write(const void*, unsigned)</a> from Stream.o(i._ZN4mbed6Stream5writeEPKvj) referenced from Serial.o(.constdata__ZTVN4mbed6SerialE)
 <LI><a href="#[58]">mbed::Stream::write(const void*, unsigned)</a> from Stream.o(i._ZN4mbed6Stream5writeEPKvj) referenced from Stream.o(.constdata__ZTVN4mbed6StreamE)
 <LI><a href="#[5b]">mbed::Stream::isatty()</a> from Stream.o(i._ZN4mbed6Stream6isattyEv) referenced from modserial.o(.constdata__ZTVN3AjK9MODSERIALE)
 <LI><a href="#[5b]">mbed::Stream::isatty()</a> from Stream.o(i._ZN4mbed6Stream6isattyEv) referenced from Serial.o(.constdata__ZTVN4mbed6SerialE)
 <LI><a href="#[5b]">mbed::Stream::isatty()</a> from Stream.o(i._ZN4mbed6Stream6isattyEv) referenced from Stream.o(.constdata__ZTVN4mbed6StreamE)
 <LI><a href="#[69]">mbed::Stream::~Stream__sub_object()</a> from Stream.o(i._ZN4mbed6StreamD2Ev) referenced from Stream.o(.constdata__ZTVN4mbed6StreamE)
 <LI><a href="#[6a]">mbed::Ticker::handler()</a> from Ticker.o(i._ZN4mbed6Ticker7handlerEv) referenced from Ticker.o(.constdata__ZTVN4mbed6TickerE)
 <LI><a href="#[6b]">mbed::Timeout::handler()</a> from Timeout.o(i._ZN4mbed7Timeout7handlerEv) referenced from Timeout.o(.constdata__ZTVN4mbed7TimeoutE)
 <LI><a href="#[41]">mbed::Timeout::~Timeout()</a> from Timeout.o(i._ZN4mbed7TimeoutD1Ev) referenced from Timeout.o(.constdata__ZTVN4mbed7TimeoutE)
 <LI><a href="#[41]">mbed::Timeout::~Timeout()</a> from Timeout.o(i._ZN4mbed7TimeoutD1Ev) referenced from main.o(.text)
 <LI><a href="#[6c]">mbed::FileBase::~FileBase()</a> from FileBase.o(i._ZN4mbed8FileBaseD1Ev) referenced from FileBase.o(.constdata__ZTVN4mbed8FileBaseE)
 <LI><a href="#[6d]">mbed::FileLike::~FileLike__sub_object()</a> from FileLike.o(i._ZN4mbed8FileLikeD2Ev) referenced from FileLike.o(.constdata__ZTVN4mbed8FileLikeE)
 <LI><a href="#[62]">thunk{-4} to AjK::MODSERIAL::~MODSERIAL__deallocating()</a> from modserial.o(.text) referenced from modserial.o(.constdata__ZTVN3AjK9MODSERIALE)
 <LI><a href="#[61]">thunk{-4} to AjK::MODSERIAL::~MODSERIAL()</a> from modserial.o(.text) referenced from modserial.o(.constdata__ZTVN3AjK9MODSERIALE)
 <LI><a href="#[4b]">__backspace</a> from backspace.o(.text) referenced from scanf_char_file.o(.text)
 <LI><a href="#[63]">__cxa_pure_virtual</a> from pure_virt.o(i.__cxa_pure_virtual) referenced 6 times from retarget.o(.constdata__ZTVN4mbed10FileHandleE)
 <LI><a href="#[63]">__cxa_pure_virtual</a> from pure_virt.o(i.__cxa_pure_virtual) referenced from TimerEvent.o(.constdata__ZTVN4mbed10TimerEventE)
 <LI><a href="#[63]">__cxa_pure_virtual</a> from pure_virt.o(i.__cxa_pure_virtual) referenced 2 times from Stream.o(.constdata__ZTVN4mbed6StreamE)
 <LI><a href="#[63]">__cxa_pure_virtual</a> from pure_virt.o(i.__cxa_pure_virtual) referenced 6 times from FileLike.o(.constdata__ZTVN4mbed8FileLikeE)
 <LI><a href="#[6f]">__main</a> from __main.o(!!!main) referenced from startup_LPC17xx.o(.text)
 <LI><a href="#[6e]">__sti___8_main_cpp_Gps</a> from main.o(.text) referenced from main.o(.init_array)
 <LI><a href="#[4c]">_get_lc_ctype</a> from lc_ctype_c.o(locale$$code) referenced from rt_ctype_table.o(.text)
 <LI><a href="#[46]">_printf_input_char</a> from _printf_char_common.o(.text) referenced from _printf_char_common.o(.text)
 <LI><a href="#[45]">_sbackspace</a> from _sgetc.o(.text) referenced from __0sscanf.o(.text)
 <LI><a href="#[48]">_scanf_char_input</a> from scanf_char.o(.text) referenced from scanf_char.o(.text)
 <LI><a href="#[44]">_sgetc</a> from _sgetc.o(.text) referenced from __0sscanf.o(.text)
 <LI><a href="#[43]">_sputc</a> from _sputc.o(.text) referenced from __2sprintf.o(.text)
 <LI><a href="#[4a]">fgetc</a> from fgetc.o(i.fgetc) referenced from scanf_char_file.o(.text)
 <LI><a href="#[47]">fputc</a> from fputc.o(i.fputc) referenced from _printf_char_file.o(.text)
 <LI><a href="#[49]">isspace</a> from isspace.o(.text) referenced from scanf_char.o(.text)
 <LI><a href="#[50]">uart0_irq</a> from serial_api.o(i.uart0_irq) referenced from serial_api.o(i.serial_irq_set)
 <LI><a href="#[51]">uart1_irq</a> from serial_api.o(i.uart1_irq) referenced from serial_api.o(i.serial_irq_set)
 <LI><a href="#[52]">uart2_irq</a> from serial_api.o(i.uart2_irq) referenced from serial_api.o(i.serial_irq_set)
 <LI><a href="#[53]">uart3_irq</a> from serial_api.o(i.uart3_irq) referenced from serial_api.o(i.serial_irq_set)
 <LI><a href="#[54]">us_ticker_irq_handler</a> from us_ticker_api.o(i.us_ticker_irq_handler) referenced from us_ticker.o(i.us_ticker_init)
</UL>
<P>
<H3>
Global Symbols
</H3>
<P><STRONG><a name="[6f]"></a>__main</STRONG> (Thumb, 8 bytes, Stack size 0 bytes, __main.o(!!!main))
<BR><BR>[Calls]<UL><LI><a href="#[72]">&gt;&gt;</a>&nbsp;&nbsp;&nbsp;__rt_entry
<LI><a href="#[71]">&gt;&gt;</a>&nbsp;&nbsp;&nbsp;__scatterload
</UL>

<P><STRONG><a name="[71]"></a>__scatterload</STRONG> (Thumb, 0 bytes, Stack size unknown bytes, __scatter.o(!!!scatter))
<BR><BR>[Called By]<UL><LI><a href="#[6f]">&gt;&gt;</a>&nbsp;&nbsp;&nbsp;__main
</UL>

<P><STRONG><a name="[73]"></a>__scatterload_rt2</STRONG> (Thumb, 44 bytes, Stack size unknown bytes, __scatter.o(!!!scatter), UNUSED)
<BR><BR>[Calls]<UL><LI><a href="#[72]">&gt;&gt;</a>&nbsp;&nbsp;&nbsp;__rt_entry
</UL>

<P><STRONG><a name="[198]"></a>__scatterload_rt2_thumb_only</STRONG> (Thumb, 0 bytes, Stack size unknown bytes, __scatter.o(!!!scatter), UNUSED)

<P><STRONG><a name="[199]"></a>__scatterload_null</STRONG> (Thumb, 0 bytes, Stack size unknown bytes, __scatter.o(!!!scatter), UNUSED)

<P><STRONG><a name="[74]"></a>__scatterload_copy</STRONG> (Thumb, 26 bytes, Stack size unknown bytes, __scatter_copy.o(!!handler_copy), UNUSED)
<BR><BR>[Calls]<UL><LI><a href="#[74]">&gt;&gt;</a>&nbsp;&nbsp;&nbsp;__scatterload_copy
</UL>
<BR>[Called By]<UL><LI><a href="#[74]">&gt;&gt;</a>&nbsp;&nbsp;&nbsp;__scatterload_copy
</UL>

<P><STRONG><a name="[19a]"></a>__scatterload_zeroinit</STRONG> (Thumb, 28 bytes, Stack size unknown bytes, __scatter_zi.o(!!handler_zi), UNUSED)

<P><STRONG><a name="[75]"></a>_printf_p</STRONG> (Thumb, 0 bytes, Stack size unknown bytes, _printf_p.o(.ARM.Collect$$_printf_percent$$00000002))
<BR><BR>[Stack]<UL><LI>Max Depth = 48 + Unknown Stack Size
<LI>Call Chain = _printf_p &rArr; _printf_hex_ptr &rArr; _printf_longlong_hex &rArr; _printf_int_common
</UL>
<BR>[Calls]<UL><LI><a href="#[76]">&gt;&gt;</a>&nbsp;&nbsp;&nbsp;_printf_hex_ptr
</UL>

<P><STRONG><a name="[d6]"></a>_printf_percent</STRONG> (Thumb, 0 bytes, Stack size unknown bytes, _printf_percent.o(.ARM.Collect$$_printf_percent$$00000000))
<BR><BR>[Called By]<UL><LI><a href="#[d4]">&gt;&gt;</a>&nbsp;&nbsp;&nbsp;__printf
</UL>

<P><STRONG><a name="[77]"></a>_printf_d</STRONG> (Thumb, 0 bytes, Stack size unknown bytes, _printf_d.o(.ARM.Collect$$_printf_percent$$00000009))
<BR><BR>[Stack]<UL><LI>Max Depth = 56 + Unknown Stack Size
<LI>Call Chain = _printf_d &rArr; _printf_int_dec &rArr; _printf_int_common
</UL>
<BR>[Calls]<UL><LI><a href="#[78]">&gt;&gt;</a>&nbsp;&nbsp;&nbsp;_printf_int_dec
</UL>

<P><STRONG><a name="[19b]"></a>_printf_percent_end</STRONG> (Thumb, 0 bytes, Stack size unknown bytes, _printf_percent_end.o(.ARM.Collect$$_printf_percent$$00000017))

<P><STRONG><a name="[88]"></a>__rt_lib_init</STRONG> (Thumb, 0 bytes, Stack size unknown bytes, libinit.o(.ARM.Collect$$libinit$$00000000))
<BR><BR>[Called By]<UL><LI><a href="#[87]">&gt;&gt;</a>&nbsp;&nbsp;&nbsp;__rt_entry_li
</UL>

<P><STRONG><a name="[19c]"></a>__rt_lib_init_fp_1</STRONG> (Thumb, 0 bytes, Stack size unknown bytes, libinit2.o(.ARM.Collect$$libinit$$00000002))

<P><STRONG><a name="[79]"></a>__rt_lib_init_heap_2</STRONG> (Thumb, 0 bytes, Stack size unknown bytes, libinit2.o(.ARM.Collect$$libinit$$00000005))
<BR><BR>[Stack]<UL><LI>Max Depth = 64 + Unknown Stack Size
<LI>Call Chain = __rt_lib_init_heap_2 &rArr; _init_alloc &rArr; __rt_SIGRTMEM &rArr; __rt_SIGRTMEM_inner &rArr; __default_signal_display &rArr; _ttywrch
</UL>
<BR>[Calls]<UL><LI><a href="#[7a]">&gt;&gt;</a>&nbsp;&nbsp;&nbsp;_init_alloc
</UL>

<P><STRONG><a name="[19d]"></a>__rt_lib_init_preinit_1</STRONG> (Thumb, 0 bytes, Stack size unknown bytes, libinit2.o(.ARM.Collect$$libinit$$00000004))

<P><STRONG><a name="[19e]"></a>__rt_lib_init_heap_1</STRONG> (Thumb, 0 bytes, Stack size unknown bytes, libinit2.o(.ARM.Collect$$libinit$$0000000A))

<P><STRONG><a name="[7b]"></a>__rt_lib_init_lc_common</STRONG> (Thumb, 0 bytes, Stack size unknown bytes, libinit2.o(.ARM.Collect$$libinit$$0000000F))
<BR><BR>[Calls]<UL><LI><a href="#[7c]">&gt;&gt;</a>&nbsp;&nbsp;&nbsp;__rt_locale
</UL>

<P><STRONG><a name="[19f]"></a>__rt_lib_init_rand_1</STRONG> (Thumb, 0 bytes, Stack size unknown bytes, libinit2.o(.ARM.Collect$$libinit$$0000000E))

<P><STRONG><a name="[1a0]"></a>__rt_lib_init_user_alloc_1</STRONG> (Thumb, 0 bytes, Stack size unknown bytes, libinit2.o(.ARM.Collect$$libinit$$0000000C))

<P><STRONG><a name="[1a1]"></a>__rt_lib_init_lc_collate_1</STRONG> (Thumb, 0 bytes, Stack size unknown bytes, libinit2.o(.ARM.Collect$$libinit$$00000011))

<P><STRONG><a name="[7d]"></a>__rt_lib_init_lc_ctype_2</STRONG> (Thumb, 0 bytes, Stack size unknown bytes, libinit2.o(.ARM.Collect$$libinit$$00000012))
<BR><BR>[Stack]<UL><LI>Max Depth = 8 + Unknown Stack Size
<LI>Call Chain = __rt_lib_init_lc_ctype_2 &rArr; _get_lc_ctype
</UL>
<BR>[Calls]<UL><LI><a href="#[4c]">&gt;&gt;</a>&nbsp;&nbsp;&nbsp;_get_lc_ctype
</UL>

<P><STRONG><a name="[1a2]"></a>__rt_lib_init_lc_ctype_1</STRONG> (Thumb, 0 bytes, Stack size unknown bytes, libinit2.o(.ARM.Collect$$libinit$$00000013))

<P><STRONG><a name="[1a3]"></a>__rt_lib_init_lc_monetary_1</STRONG> (Thumb, 0 bytes, Stack size unknown bytes, libinit2.o(.ARM.Collect$$libinit$$00000015))

<P><STRONG><a name="[7e]"></a>__rt_lib_init_lc_numeric_2</STRONG> (Thumb, 0 bytes, Stack size unknown bytes, libinit2.o(.ARM.Collect$$libinit$$00000016))
<BR><BR>[Stack]<UL><LI>Max Depth = 8 + Unknown Stack Size
<LI>Call Chain = __rt_lib_init_lc_numeric_2 &rArr; _get_lc_numeric
</UL>
<BR>[Calls]<UL><LI><a href="#[7f]">&gt;&gt;</a>&nbsp;&nbsp;&nbsp;_get_lc_numeric
</UL>

<P><STRONG><a name="[1a4]"></a>__rt_lib_init_atexit_1</STRONG> (Thumb, 0 bytes, Stack size unknown bytes, libinit2.o(.ARM.Collect$$libinit$$0000001B))

<P><STRONG><a name="[1a5]"></a>__rt_lib_init_clock_1</STRONG> (Thumb, 0 bytes, Stack size unknown bytes, libinit2.o(.ARM.Collect$$libinit$$00000021))

<P><STRONG><a name="[1a6]"></a>__rt_lib_init_fp_trap_1</STRONG> (Thumb, 0 bytes, Stack size unknown bytes, libinit2.o(.ARM.Collect$$libinit$$0000001F))

<P><STRONG><a name="[1a7]"></a>__rt_lib_init_getenv_1</STRONG> (Thumb, 0 bytes, Stack size unknown bytes, libinit2.o(.ARM.Collect$$libinit$$00000023))

<P><STRONG><a name="[1a8]"></a>__rt_lib_init_lc_numeric_1</STRONG> (Thumb, 0 bytes, Stack size unknown bytes, libinit2.o(.ARM.Collect$$libinit$$00000017))

<P><STRONG><a name="[1a9]"></a>__rt_lib_init_lc_time_1</STRONG> (Thumb, 0 bytes, Stack size unknown bytes, libinit2.o(.ARM.Collect$$libinit$$00000019))

<P><STRONG><a name="[1aa]"></a>__rt_lib_init_signal_1</STRONG> (Thumb, 0 bytes, Stack size unknown bytes, libinit2.o(.ARM.Collect$$libinit$$0000001D))

<P><STRONG><a name="[80]"></a>__rt_lib_init_stdio_2</STRONG> (Thumb, 0 bytes, Stack size unknown bytes, libinit2.o(.ARM.Collect$$libinit$$00000024))
<BR><BR>[Stack]<UL><LI>Max Depth = 560 + Unknown Stack Size
<LI>Call Chain = __rt_lib_init_stdio_2 &rArr; _initio &rArr; freopen &rArr; _sys_open &rArr; __0sscanf &rArr; __vfscanf_char &rArr; __vfscanf &rArr; _scanf_real &rArr; _scanf_really_real &rArr; _fp_value &rArr; _btod_etento &rArr; _btod_emul &rArr; _e2e
</UL>
<BR>[Calls]<UL><LI><a href="#[81]">&gt;&gt;</a>&nbsp;&nbsp;&nbsp;_initio
</UL>

<P><STRONG><a name="[1ab]"></a>__rt_lib_init_alloca_1</STRONG> (Thumb, 0 bytes, Stack size unknown bytes, libinit2.o(.ARM.Collect$$libinit$$0000002E))

<P><STRONG><a name="[1ac]"></a>__rt_lib_init_argv_1</STRONG> (Thumb, 0 bytes, Stack size unknown bytes, libinit2.o(.ARM.Collect$$libinit$$0000002C))

<P><STRONG><a name="[82]"></a>__rt_lib_init_cpp_2</STRONG> (Thumb, 0 bytes, Stack size unknown bytes, libinit2.o(.ARM.Collect$$libinit$$00000031))
<BR><BR>[Stack]<UL><LI>Max Depth = 16 + Unknown Stack Size
<LI>Call Chain = __rt_lib_init_cpp_2 &rArr; __cpp_initialize__aeabi_
</UL>
<BR>[Calls]<UL><LI><a href="#[70]">&gt;&gt;</a>&nbsp;&nbsp;&nbsp;__cpp_initialize__aeabi_
</UL>

<P><STRONG><a name="[1ad]"></a>__rt_lib_init_exceptions_1</STRONG> (Thumb, 0 bytes, Stack size unknown bytes, libinit2.o(.ARM.Collect$$libinit$$00000030))

<P><STRONG><a name="[1ae]"></a>__rt_lib_init_stdio_1</STRONG> (Thumb, 0 bytes, Stack size unknown bytes, libinit2.o(.ARM.Collect$$libinit$$00000025))

<P><STRONG><a name="[1af]"></a>__rt_lib_init_cpp_1</STRONG> (Thumb, 0 bytes, Stack size unknown bytes, libinit2.o(.ARM.Collect$$libinit$$00000032))

<P><STRONG><a name="[1b0]"></a>__rt_lib_init_return</STRONG> (Thumb, 0 bytes, Stack size unknown bytes, libinit2.o(.ARM.Collect$$libinit$$00000033))

<P><STRONG><a name="[83]"></a>__rt_lib_shutdown_cpp_1</STRONG> (Thumb, 0 bytes, Stack size unknown bytes, libshutdown2.o(.ARM.Collect$$libshutdown$$00000001))
<BR><BR>[Stack]<UL><LI>Max Depth = 40 + Unknown Stack Size
<LI>Call Chain = __rt_lib_shutdown_cpp_1 &rArr; __cxa_finalize &rArr; free
</UL>
<BR>[Calls]<UL><LI><a href="#[84]">&gt;&gt;</a>&nbsp;&nbsp;&nbsp;__cxa_finalize
</UL>

<P><STRONG><a name="[72]"></a>__rt_entry</STRONG> (Thumb, 0 bytes, Stack size unknown bytes, __rtentry.o(.ARM.Collect$$rtentry$$00000000))
<BR><BR>[Called By]<UL><LI><a href="#[6f]">&gt;&gt;</a>&nbsp;&nbsp;&nbsp;__main
<LI><a href="#[73]">&gt;&gt;</a>&nbsp;&nbsp;&nbsp;__scatterload_rt2
</UL>

<P><STRONG><a name="[1b1]"></a>__rt_entry_presh_1</STRONG> (Thumb, 0 bytes, Stack size unknown bytes, __rtentry2.o(.ARM.Collect$$rtentry$$00000002))

<P><STRONG><a name="[85]"></a>__rt_entry_sh</STRONG> (Thumb, 0 bytes, Stack size unknown bytes, __rtentry4.o(.ARM.Collect$$rtentry$$00000004))
<BR><BR>[Calls]<UL><LI><a href="#[86]">&gt;&gt;</a>&nbsp;&nbsp;&nbsp;__user_setup_stackheap
</UL>

<P><STRONG><a name="[1b2]"></a>__rt_lib_shutdown_stdio_2</STRONG> (Thumb, 0 bytes, Stack size unknown bytes, libshutdown2.o(.ARM.Collect$$libshutdown$$00000003))

<P><STRONG><a name="[87]"></a>__rt_entry_li</STRONG> (Thumb, 0 bytes, Stack size unknown bytes, __rtentry2.o(.ARM.Collect$$rtentry$$0000000A))
<BR><BR>[Calls]<UL><LI><a href="#[88]">&gt;&gt;</a>&nbsp;&nbsp;&nbsp;__rt_lib_init
</UL>

<P><STRONG><a name="[1b3]"></a>__rt_entry_postsh_1</STRONG> (Thumb, 0 bytes, Stack size unknown bytes, __rtentry2.o(.ARM.Collect$$rtentry$$00000009))

<P><STRONG><a name="[89]"></a>__rt_entry_main</STRONG> (Thumb, 0 bytes, Stack size unknown bytes, __rtentry2.o(.ARM.Collect$$rtentry$$0000000D))
<BR><BR>[Stack]<UL><LI>Max Depth = 132 + Unknown Stack Size
<LI>Call Chain = __rt_entry_main &rArr; exit &rArr; mbed_die &rArr; gpio_init &rArr; pin_mode
</UL>
<BR>[Calls]<UL><LI><a href="#[8b]">&gt;&gt;</a>&nbsp;&nbsp;&nbsp;exit
<LI><a href="#[8a]">&gt;&gt;</a>&nbsp;&nbsp;&nbsp;main
</UL>

<P><STRONG><a name="[1b4]"></a>__rt_entry_postli_1</STRONG> (Thumb, 0 bytes, Stack size unknown bytes, __rtentry2.o(.ARM.Collect$$rtentry$$0000000C))

<P><STRONG><a name="[af]"></a>Task1_Init()</STRONG> (Thumb, 2 bytes, Stack size 0 bytes, task1.o(.text))
<BR><BR>[Called By]<UL><LI><a href="#[ad]">&gt;&gt;</a>&nbsp;&nbsp;&nbsp;$Super$$main
</UL>

<P><STRONG><a name="[1b5]"></a>_maybe_terminate_alloc</STRONG> (Thumb, 0 bytes, Stack size 0 bytes, maybetermalloc1.o(.emb_text), UNUSED)

<P><STRONG><a name="[b4]"></a>Task1_Run()</STRONG> (Thumb, 26 bytes, Stack size 0 bytes, task1.o(.text))
<BR><BR>[Called By]<UL><LI><a href="#[ad]">&gt;&gt;</a>&nbsp;&nbsp;&nbsp;$Super$$main
</UL>

<P><STRONG><a name="[1b6]"></a>Task1_Flush()</STRONG> (Thumb, 8 bytes, Stack size 0 bytes, task1.o(.text), UNUSED)

<P><STRONG><a name="[b0]"></a>Task2_Init()</STRONG> (Thumb, 2 bytes, Stack size 0 bytes, task2.o(.text))
<BR><BR>[Called By]<UL><LI><a href="#[ad]">&gt;&gt;</a>&nbsp;&nbsp;&nbsp;$Super$$main
</UL>

<P><STRONG><a name="[b5]"></a>Task2_Run()</STRONG> (Thumb, 26 bytes, Stack size 0 bytes, task2.o(.text))
<BR><BR>[Called By]<UL><LI><a href="#[ad]">&gt;&gt;</a>&nbsp;&nbsp;&nbsp;$Super$$main
</UL>

<P><STRONG><a name="[1b7]"></a>Task2_Flush()</STRONG> (Thumb, 8 bytes, Stack size 0 bytes, task2.o(.text), UNUSED)

<P><STRONG><a name="[b1]"></a>Task3_Init()</STRONG> (Thumb, 2 bytes, Stack size 0 bytes, task3.o(.text))
<BR><BR>[Called By]<UL><LI><a href="#[ad]">&gt;&gt;</a>&nbsp;&nbsp;&nbsp;$Super$$main
</UL>

<P><STRONG><a name="[b6]"></a>Task3_Run()</STRONG> (Thumb, 26 bytes, Stack size 0 bytes, task3.o(.text))
<BR><BR>[Called By]<UL><LI><a href="#[ad]">&gt;&gt;</a>&nbsp;&nbsp;&nbsp;$Super$$main
</UL>

<P><STRONG><a name="[1b8]"></a>Task3_Flush()</STRONG> (Thumb, 8 bytes, Stack size 0 bytes, task3.o(.text), UNUSED)

<P><STRONG><a name="[b2]"></a>Task4_Init()</STRONG> (Thumb, 2 bytes, Stack size 0 bytes, task4.o(.text))
<BR><BR>[Called By]<UL><LI><a href="#[ad]">&gt;&gt;</a>&nbsp;&nbsp;&nbsp;$Super$$main
</UL>

<P><STRONG><a name="[b7]"></a>Task4_Run()</STRONG> (Thumb, 26 bytes, Stack size 0 bytes, task4.o(.text))
<BR><BR>[Called By]<UL><LI><a href="#[ad]">&gt;&gt;</a>&nbsp;&nbsp;&nbsp;$Super$$main
</UL>

<P><STRONG><a name="[1b9]"></a>Task4_Flush()</STRONG> (Thumb, 8 bytes, Stack size 0 bytes, task4.o(.text), UNUSED)

<P><STRONG><a name="[8c]"></a>AjK::MODSERIAL::isr_tx(bool)</STRONG> (Thumb, 140 bytes, Stack size 16 bytes, isr_tx.o(.text))
<BR><BR>[Stack]<UL><LI>Max Depth = 40<LI>Call Chain = AjK::MODSERIAL::isr_tx(bool) &rArr; AjK::MODSERIAL_callback::call(AjK::MODSERIAL_IRQ_INFO*)
</UL>
<BR>[Calls]<UL><LI><a href="#[8d]">&gt;&gt;</a>&nbsp;&nbsp;&nbsp;AjK::MODSERIAL_callback::call(AjK::MODSERIAL_IRQ_INFO*)
</UL>
<BR>[Called By]<UL><LI><a href="#[bc]">&gt;&gt;</a>&nbsp;&nbsp;&nbsp;AjK::MODSERIAL::__putc(int, bool)
<LI><a href="#[57]">&gt;&gt;</a>&nbsp;&nbsp;&nbsp;AjK::MODSERIAL::isr_tx()
</UL>

<P><STRONG><a name="[13]"></a>Reset_Handler</STRONG> (Thumb, 8 bytes, Stack size 0 bytes, startup_LPC17xx.o(.text))
<BR>[Address Reference Count : 1]<UL><LI> startup_LPC17xx.o(RESET)
</UL>
<P><STRONG><a name="[14]"></a>NMI_Handler</STRONG> (Thumb, 2 bytes, Stack size 0 bytes, startup_LPC17xx.o(.text))
<BR><BR>[Calls]<UL><LI><a href="#[14]">&gt;&gt;</a>&nbsp;&nbsp;&nbsp;NMI_Handler
</UL>
<BR>[Called By]<UL><LI><a href="#[14]">&gt;&gt;</a>&nbsp;&nbsp;&nbsp;NMI_Handler
</UL>
<BR>[Address Reference Count : 1]<UL><LI> startup_LPC17xx.o(RESET)
</UL>
<P><STRONG><a name="[15]"></a>HardFault_Handler</STRONG> (Thumb, 2 bytes, Stack size 0 bytes, startup_LPC17xx.o(.text))
<BR><BR>[Calls]<UL><LI><a href="#[15]">&gt;&gt;</a>&nbsp;&nbsp;&nbsp;HardFault_Handler
</UL>
<BR>[Called By]<UL><LI><a href="#[15]">&gt;&gt;</a>&nbsp;&nbsp;&nbsp;HardFault_Handler
</UL>
<BR>[Address Reference Count : 1]<UL><LI> startup_LPC17xx.o(RESET)
</UL>
<P><STRONG><a name="[16]"></a>MemManage_Handler</STRONG> (Thumb, 2 bytes, Stack size 0 bytes, startup_LPC17xx.o(.text))
<BR><BR>[Calls]<UL><LI><a href="#[16]">&gt;&gt;</a>&nbsp;&nbsp;&nbsp;MemManage_Handler
</UL>
<BR>[Called By]<UL><LI><a href="#[16]">&gt;&gt;</a>&nbsp;&nbsp;&nbsp;MemManage_Handler
</UL>
<BR>[Address Reference Count : 1]<UL><LI> startup_LPC17xx.o(RESET)
</UL>
<P><STRONG><a name="[17]"></a>BusFault_Handler</STRONG> (Thumb, 2 bytes, Stack size 0 bytes, startup_LPC17xx.o(.text))
<BR><BR>[Calls]<UL><LI><a href="#[17]">&gt;&gt;</a>&nbsp;&nbsp;&nbsp;BusFault_Handler
</UL>
<BR>[Called By]<UL><LI><a href="#[17]">&gt;&gt;</a>&nbsp;&nbsp;&nbsp;BusFault_Handler
</UL>
<BR>[Address Reference Count : 1]<UL><LI> startup_LPC17xx.o(RESET)
</UL>
<P><STRONG><a name="[18]"></a>UsageFault_Handler</STRONG> (Thumb, 2 bytes, Stack size 0 bytes, startup_LPC17xx.o(.text))
<BR><BR>[Calls]<UL><LI><a href="#[18]">&gt;&gt;</a>&nbsp;&nbsp;&nbsp;UsageFault_Handler
</UL>
<BR>[Called By]<UL><LI><a href="#[18]">&gt;&gt;</a>&nbsp;&nbsp;&nbsp;UsageFault_Handler
</UL>
<BR>[Address Reference Count : 1]<UL><LI> startup_LPC17xx.o(RESET)
</UL>
<P><STRONG><a name="[19]"></a>SVC_Handler</STRONG> (Thumb, 2 bytes, Stack size 0 bytes, startup_LPC17xx.o(.text))
<BR><BR>[Calls]<UL><LI><a href="#[19]">&gt;&gt;</a>&nbsp;&nbsp;&nbsp;SVC_Handler
</UL>
<BR>[Called By]<UL><LI><a href="#[19]">&gt;&gt;</a>&nbsp;&nbsp;&nbsp;SVC_Handler
</UL>
<BR>[Address Reference Count : 1]<UL><LI> startup_LPC17xx.o(RESET)
</UL>
<P><STRONG><a name="[1a]"></a>DebugMon_Handler</STRONG> (Thumb, 2 bytes, Stack size 0 bytes, startup_LPC17xx.o(.text))
<BR><BR>[Calls]<UL><LI><a href="#[1a]">&gt;&gt;</a>&nbsp;&nbsp;&nbsp;DebugMon_Handler
</UL>
<BR>[Called By]<UL><LI><a href="#[1a]">&gt;&gt;</a>&nbsp;&nbsp;&nbsp;DebugMon_Handler
</UL>
<BR>[Address Reference Count : 1]<UL><LI> startup_LPC17xx.o(RESET)
</UL>
<P><STRONG><a name="[1b]"></a>PendSV_Handler</STRONG> (Thumb, 2 bytes, Stack size 0 bytes, startup_LPC17xx.o(.text))
<BR><BR>[Calls]<UL><LI><a href="#[1b]">&gt;&gt;</a>&nbsp;&nbsp;&nbsp;PendSV_Handler
</UL>
<BR>[Called By]<UL><LI><a href="#[1b]">&gt;&gt;</a>&nbsp;&nbsp;&nbsp;PendSV_Handler
</UL>
<BR>[Address Reference Count : 1]<UL><LI> startup_LPC17xx.o(RESET)
</UL>
<P><STRONG><a name="[1c]"></a>SysTick_Handler</STRONG> (Thumb, 2 bytes, Stack size 0 bytes, startup_LPC17xx.o(.text))
<BR><BR>[Calls]<UL><LI><a href="#[1c]">&gt;&gt;</a>&nbsp;&nbsp;&nbsp;SysTick_Handler
</UL>
<BR>[Called By]<UL><LI><a href="#[1c]">&gt;&gt;</a>&nbsp;&nbsp;&nbsp;SysTick_Handler
</UL>
<BR>[Address Reference Count : 1]<UL><LI> startup_LPC17xx.o(RESET)
</UL>
<P><STRONG><a name="[33]"></a>ADC_IRQHandler</STRONG> (Thumb, 0 bytes, Stack size 0 bytes, startup_LPC17xx.o(.text))
<BR><BR>[Calls]<UL><LI><a href="#[33]">&gt;&gt;</a>&nbsp;&nbsp;&nbsp;ADC_IRQHandler
</UL>
<BR>[Called By]<UL><LI><a href="#[33]">&gt;&gt;</a>&nbsp;&nbsp;&nbsp;ADC_IRQHandler
</UL>
<BR>[Address Reference Count : 1]<UL><LI> startup_LPC17xx.o(RESET)
</UL>
<P><STRONG><a name="[34]"></a>BOD_IRQHandler</STRONG> (Thumb, 0 bytes, Stack size 0 bytes, startup_LPC17xx.o(.text))
<BR>[Address Reference Count : 1]<UL><LI> startup_LPC17xx.o(RESET)
</UL>
<P><STRONG><a name="[36]"></a>CAN_IRQHandler</STRONG> (Thumb, 0 bytes, Stack size 0 bytes, startup_LPC17xx.o(.text))
<BR>[Address Reference Count : 1]<UL><LI> startup_LPC17xx.o(RESET)
</UL>
<P><STRONG><a name="[37]"></a>DMA_IRQHandler</STRONG> (Thumb, 0 bytes, Stack size 0 bytes, startup_LPC17xx.o(.text))
<BR>[Address Reference Count : 1]<UL><LI> startup_LPC17xx.o(RESET)
</UL>
<P><STRONG><a name="[2f]"></a>EINT0_IRQHandler</STRONG> (Thumb, 0 bytes, Stack size 0 bytes, startup_LPC17xx.o(.text))
<BR>[Address Reference Count : 1]<UL><LI> startup_LPC17xx.o(RESET)
</UL>
<P><STRONG><a name="[30]"></a>EINT1_IRQHandler</STRONG> (Thumb, 0 bytes, Stack size 0 bytes, startup_LPC17xx.o(.text))
<BR>[Address Reference Count : 1]<UL><LI> startup_LPC17xx.o(RESET)
</UL>
<P><STRONG><a name="[31]"></a>EINT2_IRQHandler</STRONG> (Thumb, 0 bytes, Stack size 0 bytes, startup_LPC17xx.o(.text))
<BR>[Address Reference Count : 1]<UL><LI> startup_LPC17xx.o(RESET)
</UL>
<P><STRONG><a name="[32]"></a>EINT3_IRQHandler</STRONG> (Thumb, 0 bytes, Stack size 0 bytes, startup_LPC17xx.o(.text))
<BR>[Address Reference Count : 1]<UL><LI> startup_LPC17xx.o(RESET)
</UL>
<P><STRONG><a name="[39]"></a>ENET_IRQHandler</STRONG> (Thumb, 0 bytes, Stack size 0 bytes, startup_LPC17xx.o(.text))
<BR>[Address Reference Count : 1]<UL><LI> startup_LPC17xx.o(RESET)
</UL>
<P><STRONG><a name="[27]"></a>I2C0_IRQHandler</STRONG> (Thumb, 0 bytes, Stack size 0 bytes, startup_LPC17xx.o(.text))
<BR>[Address Reference Count : 1]<UL><LI> startup_LPC17xx.o(RESET)
</UL>
<P><STRONG><a name="[28]"></a>I2C1_IRQHandler</STRONG> (Thumb, 0 bytes, Stack size 0 bytes, startup_LPC17xx.o(.text))
<BR>[Address Reference Count : 1]<UL><LI> startup_LPC17xx.o(RESET)
</UL>
<P><STRONG><a name="[29]"></a>I2C2_IRQHandler</STRONG> (Thumb, 0 bytes, Stack size 0 bytes, startup_LPC17xx.o(.text))
<BR>[Address Reference Count : 1]<UL><LI> startup_LPC17xx.o(RESET)
</UL>
<P><STRONG><a name="[38]"></a>I2S_IRQHandler</STRONG> (Thumb, 0 bytes, Stack size 0 bytes, startup_LPC17xx.o(.text))
<BR>[Address Reference Count : 1]<UL><LI> startup_LPC17xx.o(RESET)
</UL>
<P><STRONG><a name="[3b]"></a>MCPWM_IRQHandler</STRONG> (Thumb, 0 bytes, Stack size 0 bytes, startup_LPC17xx.o(.text))
<BR>[Address Reference Count : 1]<UL><LI> startup_LPC17xx.o(RESET)
</UL>
<P><STRONG><a name="[2d]"></a>PLL0_IRQHandler</STRONG> (Thumb, 0 bytes, Stack size 0 bytes, startup_LPC17xx.o(.text))
<BR>[Address Reference Count : 1]<UL><LI> startup_LPC17xx.o(RESET)
</UL>
<P><STRONG><a name="[3d]"></a>PLL1_IRQHandler</STRONG> (Thumb, 0 bytes, Stack size 0 bytes, startup_LPC17xx.o(.text))
<BR>[Address Reference Count : 1]<UL><LI> startup_LPC17xx.o(RESET)
</UL>
<P><STRONG><a name="[26]"></a>PWM1_IRQHandler</STRONG> (Thumb, 0 bytes, Stack size 0 bytes, startup_LPC17xx.o(.text))
<BR>[Address Reference Count : 1]<UL><LI> startup_LPC17xx.o(RESET)
</UL>
<P><STRONG><a name="[3c]"></a>QEI_IRQHandler</STRONG> (Thumb, 0 bytes, Stack size 0 bytes, startup_LPC17xx.o(.text))
<BR>[Address Reference Count : 1]<UL><LI> startup_LPC17xx.o(RESET)
</UL>
<P><STRONG><a name="[3a]"></a>RIT_IRQHandler</STRONG> (Thumb, 0 bytes, Stack size 0 bytes, startup_LPC17xx.o(.text))
<BR>[Address Reference Count : 1]<UL><LI> startup_LPC17xx.o(RESET)
</UL>
<P><STRONG><a name="[2e]"></a>RTC_IRQHandler</STRONG> (Thumb, 0 bytes, Stack size 0 bytes, startup_LPC17xx.o(.text))
<BR>[Address Reference Count : 1]<UL><LI> startup_LPC17xx.o(RESET)
</UL>
<P><STRONG><a name="[2a]"></a>SPI_IRQHandler</STRONG> (Thumb, 0 bytes, Stack size 0 bytes, startup_LPC17xx.o(.text))
<BR>[Address Reference Count : 1]<UL><LI> startup_LPC17xx.o(RESET)
</UL>
<P><STRONG><a name="[2b]"></a>SSP0_IRQHandler</STRONG> (Thumb, 0 bytes, Stack size 0 bytes, startup_LPC17xx.o(.text))
<BR>[Address Reference Count : 1]<UL><LI> startup_LPC17xx.o(RESET)
</UL>
<P><STRONG><a name="[2c]"></a>SSP1_IRQHandler</STRONG> (Thumb, 0 bytes, Stack size 0 bytes, startup_LPC17xx.o(.text))
<BR>[Address Reference Count : 1]<UL><LI> startup_LPC17xx.o(RESET)
</UL>
<P><STRONG><a name="[1e]"></a>TIMER0_IRQHandler</STRONG> (Thumb, 0 bytes, Stack size 0 bytes, startup_LPC17xx.o(.text))
<BR>[Address Reference Count : 1]<UL><LI> startup_LPC17xx.o(RESET)
</UL>
<P><STRONG><a name="[1f]"></a>TIMER1_IRQHandler</STRONG> (Thumb, 0 bytes, Stack size 0 bytes, startup_LPC17xx.o(.text))
<BR>[Address Reference Count : 1]<UL><LI> startup_LPC17xx.o(RESET)
</UL>
<P><STRONG><a name="[20]"></a>TIMER2_IRQHandler</STRONG> (Thumb, 0 bytes, Stack size 0 bytes, startup_LPC17xx.o(.text))
<BR>[Address Reference Count : 1]<UL><LI> startup_LPC17xx.o(RESET)
</UL>
<P><STRONG><a name="[21]"></a>TIMER3_IRQHandler</STRONG> (Thumb, 0 bytes, Stack size 0 bytes, startup_LPC17xx.o(.text))
<BR>[Address Reference Count : 1]<UL><LI> startup_LPC17xx.o(RESET)
</UL>
<P><STRONG><a name="[22]"></a>UART0_IRQHandler</STRONG> (Thumb, 0 bytes, Stack size 0 bytes, startup_LPC17xx.o(.text))
<BR>[Address Reference Count : 1]<UL><LI> startup_LPC17xx.o(RESET)
</UL>
<P><STRONG><a name="[23]"></a>UART1_IRQHandler</STRONG> (Thumb, 0 bytes, Stack size 0 bytes, startup_LPC17xx.o(.text))
<BR>[Address Reference Count : 1]<UL><LI> startup_LPC17xx.o(RESET)
</UL>
<P><STRONG><a name="[24]"></a>UART2_IRQHandler</STRONG> (Thumb, 0 bytes, Stack size 0 bytes, startup_LPC17xx.o(.text))
<BR>[Address Reference Count : 1]<UL><LI> startup_LPC17xx.o(RESET)
</UL>
<P><STRONG><a name="[25]"></a>UART3_IRQHandler</STRONG> (Thumb, 0 bytes, Stack size 0 bytes, startup_LPC17xx.o(.text))
<BR>[Address Reference Count : 1]<UL><LI> startup_LPC17xx.o(RESET)
</UL>
<P><STRONG><a name="[35]"></a>USB_IRQHandler</STRONG> (Thumb, 0 bytes, Stack size 0 bytes, startup_LPC17xx.o(.text))
<BR>[Address Reference Count : 1]<UL><LI> startup_LPC17xx.o(RESET)
</UL>
<P><STRONG><a name="[1d]"></a>WDT_IRQHandler</STRONG> (Thumb, 0 bytes, Stack size 0 bytes, startup_LPC17xx.o(.text))
<BR>[Address Reference Count : 1]<UL><LI> startup_LPC17xx.o(RESET)
</UL>
<P><STRONG><a name="[8e]"></a>__2fprintf</STRONG> (Thumb, 20 bytes, Stack size 24 bytes, __2fprintf.o(.text))
<BR><BR>[Stack]<UL><LI>Max Depth = 144 + Unknown Stack Size
<LI>Call Chain = __2fprintf &rArr; _printf_char_file &rArr; _printf_char_common &rArr; __printf
</UL>
<BR>[Calls]<UL><LI><a href="#[8f]">&gt;&gt;</a>&nbsp;&nbsp;&nbsp;_printf_char_file
</UL>
<BR>[Called By]<UL><LI><a href="#[c1]">&gt;&gt;</a>&nbsp;&nbsp;&nbsp;AjK::MODSERIAL::init(int, int)
<LI><a href="#[167]">&gt;&gt;</a>&nbsp;&nbsp;&nbsp;pinmap_pinout
<LI><a href="#[166]">&gt;&gt;</a>&nbsp;&nbsp;&nbsp;pinmap_peripheral
<LI><a href="#[165]">&gt;&gt;</a>&nbsp;&nbsp;&nbsp;pinmap_merge
<LI><a href="#[16e]">&gt;&gt;</a>&nbsp;&nbsp;&nbsp;serial_format
<LI><a href="#[168]">&gt;&gt;</a>&nbsp;&nbsp;&nbsp;serial_baud
<LI><a href="#[129]">&gt;&gt;</a>&nbsp;&nbsp;&nbsp;serial_init
</UL>

<P><STRONG><a name="[cc]"></a>__rt_heap_descriptor</STRONG> (Thumb, 8 bytes, Stack size 0 bytes, rt_heap_descriptor.o(.text))
<BR><BR>[Called By]<UL><LI><a href="#[7a]">&gt;&gt;</a>&nbsp;&nbsp;&nbsp;_init_alloc
<LI><a href="#[c5]">&gt;&gt;</a>&nbsp;&nbsp;&nbsp;free
<LI><a href="#[c9]">&gt;&gt;</a>&nbsp;&nbsp;&nbsp;malloc
</UL>

<P><STRONG><a name="[90]"></a>gpsTimeoutHandler()</STRONG> (Thumb, 8 bytes, Stack size 0 bytes, main.o(.text))
<BR>[Address Reference Count : 1]<UL><LI> main.o(.text)
</UL>
<P><STRONG><a name="[91]"></a>GpsTimeoutHandlerError()</STRONG> (Thumb, 48 bytes, Stack size 8 bytes, main.o(.text), UNUSED)
<BR><BR>[Calls]<UL><LI><a href="#[92]">&gt;&gt;</a>&nbsp;&nbsp;&nbsp;mbed::Ticker::attach(void(*)(), float)
</UL>

<P><STRONG><a name="[93]"></a>gpsMaxPerfModeUblox()</STRONG> (Thumb, 24 bytes, Stack size 8 bytes, main.o(.text), UNUSED)
<BR><BR>[Calls]<UL><LI><a href="#[94]">&gt;&gt;</a>&nbsp;&nbsp;&nbsp;mbed::Stream::putc(int)
</UL>
<BR>[Called By]<UL><LI><a href="#[9a]">&gt;&gt;</a>&nbsp;&nbsp;&nbsp;gpsConfig()
</UL>

<P><STRONG><a name="[95]"></a>gpsCmdReady()</STRONG> (Thumb, 162 bytes, Stack size 8 bytes, main.o(.text), UNUSED)
<BR><BR>[Calls]<UL><LI><a href="#[92]">&gt;&gt;</a>&nbsp;&nbsp;&nbsp;mbed::Ticker::attach(void(*)(), float)
<LI><a href="#[96]">&gt;&gt;</a>&nbsp;&nbsp;&nbsp;AjK::MODSERIAL::readable()
<LI><a href="#[97]">&gt;&gt;</a>&nbsp;&nbsp;&nbsp;AjK::MODSERIAL::getc()
</UL>
<BR>[Called By]<UL><LI><a href="#[9a]">&gt;&gt;</a>&nbsp;&nbsp;&nbsp;gpsConfig()
</UL>

<P><STRONG><a name="[98]"></a>gpsStaticHoldModeUblox()</STRONG> (Thumb, 24 bytes, Stack size 8 bytes, main.o(.text), UNUSED)
<BR><BR>[Calls]<UL><LI><a href="#[94]">&gt;&gt;</a>&nbsp;&nbsp;&nbsp;mbed::Stream::putc(int)
</UL>
<BR>[Called By]<UL><LI><a href="#[9a]">&gt;&gt;</a>&nbsp;&nbsp;&nbsp;gpsConfig()
</UL>

<P><STRONG><a name="[99]"></a>gpsStaticHoldModeMtk()</STRONG> (Thumb, 24 bytes, Stack size 8 bytes, main.o(.text), UNUSED)
<BR><BR>[Calls]<UL><LI><a href="#[94]">&gt;&gt;</a>&nbsp;&nbsp;&nbsp;mbed::Stream::putc(int)
</UL>
<BR>[Called By]<UL><LI><a href="#[9a]">&gt;&gt;</a>&nbsp;&nbsp;&nbsp;gpsConfig()
</UL>

<P><STRONG><a name="[9a]"></a>gpsConfig()</STRONG> (Thumb, 44 bytes, Stack size 8 bytes, main.o(.text), UNUSED)
<BR><BR>[Calls]<UL><LI><a href="#[99]">&gt;&gt;</a>&nbsp;&nbsp;&nbsp;gpsStaticHoldModeMtk()
<LI><a href="#[98]">&gt;&gt;</a>&nbsp;&nbsp;&nbsp;gpsStaticHoldModeUblox()
<LI><a href="#[95]">&gt;&gt;</a>&nbsp;&nbsp;&nbsp;gpsCmdReady()
<LI><a href="#[93]">&gt;&gt;</a>&nbsp;&nbsp;&nbsp;gpsMaxPerfModeUblox()
</UL>

<P><STRONG><a name="[a6]"></a>realDataGpsTimeoutHandler()</STRONG> (Thumb, 16 bytes, Stack size 0 bytes, main.o(.text))
<BR>[Address Reference Count : 1]<UL><LI> main.o(.text)
</UL>
<P><STRONG><a name="[9b]"></a>gpsProcessData()</STRONG> (Thumb, 602 bytes, Stack size 32 bytes, main.o(.text), UNUSED)
<BR><BR>[Calls]<UL><LI><a href="#[9c]">&gt;&gt;</a>&nbsp;&nbsp;&nbsp;std::strchr(char*, int)
<LI><a href="#[92]">&gt;&gt;</a>&nbsp;&nbsp;&nbsp;mbed::Ticker::attach(void(*)(), float)
<LI><a href="#[a1]">&gt;&gt;</a>&nbsp;&nbsp;&nbsp;fmod
<LI><a href="#[a3]">&gt;&gt;</a>&nbsp;&nbsp;&nbsp;__aeabi_i2f
<LI><a href="#[a4]">&gt;&gt;</a>&nbsp;&nbsp;&nbsp;__aeabi_fadd
<LI><a href="#[a5]">&gt;&gt;</a>&nbsp;&nbsp;&nbsp;__aeabi_f2d
<LI><a href="#[9e]">&gt;&gt;</a>&nbsp;&nbsp;&nbsp;__aeabi_dmul
<LI><a href="#[a0]">&gt;&gt;</a>&nbsp;&nbsp;&nbsp;__aeabi_d2iz
<LI><a href="#[9f]">&gt;&gt;</a>&nbsp;&nbsp;&nbsp;__aeabi_ddiv
<LI><a href="#[a2]">&gt;&gt;</a>&nbsp;&nbsp;&nbsp;__aeabi_d2f
<LI><a href="#[9d]">&gt;&gt;</a>&nbsp;&nbsp;&nbsp;scanf
</UL>
<BR>[Called By]<UL><LI><a href="#[aa]">&gt;&gt;</a>&nbsp;&nbsp;&nbsp;gpsProcess()
</UL>

<P><STRONG><a name="[ac]"></a>fakeGpsRmc()</STRONG> (Thumb, 34 bytes, Stack size 0 bytes, main.o(.text), UNUSED)
<BR><BR>[Called By]<UL><LI><a href="#[aa]">&gt;&gt;</a>&nbsp;&nbsp;&nbsp;gpsProcess()
</UL>

<P><STRONG><a name="[a7]"></a>gpsGetRmc()</STRONG> (Thumb, 462 bytes, Stack size 16 bytes, main.o(.text), UNUSED)
<BR><BR>[Calls]<UL><LI><a href="#[92]">&gt;&gt;</a>&nbsp;&nbsp;&nbsp;mbed::Ticker::attach(void(*)(), float)
<LI><a href="#[96]">&gt;&gt;</a>&nbsp;&nbsp;&nbsp;AjK::MODSERIAL::readable()
<LI><a href="#[97]">&gt;&gt;</a>&nbsp;&nbsp;&nbsp;AjK::MODSERIAL::getc()
<LI><a href="#[a8]">&gt;&gt;</a>&nbsp;&nbsp;&nbsp;__aeabi_memclr4
<LI><a href="#[a9]">&gt;&gt;</a>&nbsp;&nbsp;&nbsp;strncmp
</UL>
<BR>[Called By]<UL><LI><a href="#[aa]">&gt;&gt;</a>&nbsp;&nbsp;&nbsp;gpsProcess()
</UL>

<P><STRONG><a name="[ab]"></a>fakeGpsData()</STRONG> (Thumb, 38 bytes, Stack size 0 bytes, main.o(.text), UNUSED)
<BR><BR>[Called By]<UL><LI><a href="#[aa]">&gt;&gt;</a>&nbsp;&nbsp;&nbsp;gpsProcess()
</UL>

<P><STRONG><a name="[aa]"></a>gpsProcess()</STRONG> (Thumb, 60 bytes, Stack size 8 bytes, main.o(.text), UNUSED)
<BR><BR>[Calls]<UL><LI><a href="#[96]">&gt;&gt;</a>&nbsp;&nbsp;&nbsp;AjK::MODSERIAL::readable()
<LI><a href="#[ab]">&gt;&gt;</a>&nbsp;&nbsp;&nbsp;fakeGpsData()
<LI><a href="#[a7]">&gt;&gt;</a>&nbsp;&nbsp;&nbsp;gpsGetRmc()
<LI><a href="#[ac]">&gt;&gt;</a>&nbsp;&nbsp;&nbsp;fakeGpsRmc()
<LI><a href="#[9b]">&gt;&gt;</a>&nbsp;&nbsp;&nbsp;gpsProcessData()
</UL>

<P><STRONG><a name="[b3]"></a>EnInterrupts()</STRONG> (Thumb, 2 bytes, Stack size 0 bytes, main.o(.text))
<BR><BR>[Called By]<UL><LI><a href="#[ad]">&gt;&gt;</a>&nbsp;&nbsp;&nbsp;$Super$$main
</UL>

<P><STRONG><a name="[ae]"></a>Mcu_Init()</STRONG> (Thumb, 2 bytes, Stack size 0 bytes, main.o(.text))
<BR><BR>[Called By]<UL><LI><a href="#[ad]">&gt;&gt;</a>&nbsp;&nbsp;&nbsp;$Super$$main
</UL>

<P><STRONG><a name="[ad]"></a>$Super$$main</STRONG> (Thumb, 52 bytes, Stack size 0 bytes, main.o(.text))
<BR><BR>[Calls]<UL><LI><a href="#[b8]">&gt;&gt;</a>&nbsp;&nbsp;&nbsp;wait_ms
<LI><a href="#[b7]">&gt;&gt;</a>&nbsp;&nbsp;&nbsp;Task4_Run()
<LI><a href="#[b6]">&gt;&gt;</a>&nbsp;&nbsp;&nbsp;Task3_Run()
<LI><a href="#[b5]">&gt;&gt;</a>&nbsp;&nbsp;&nbsp;Task2_Run()
<LI><a href="#[b4]">&gt;&gt;</a>&nbsp;&nbsp;&nbsp;Task1_Run()
<LI><a href="#[b2]">&gt;&gt;</a>&nbsp;&nbsp;&nbsp;Task4_Init()
<LI><a href="#[b1]">&gt;&gt;</a>&nbsp;&nbsp;&nbsp;Task3_Init()
<LI><a href="#[b0]">&gt;&gt;</a>&nbsp;&nbsp;&nbsp;Task2_Init()
<LI><a href="#[af]">&gt;&gt;</a>&nbsp;&nbsp;&nbsp;Task1_Init()
<LI><a href="#[ae]">&gt;&gt;</a>&nbsp;&nbsp;&nbsp;Mcu_Init()
<LI><a href="#[b3]">&gt;&gt;</a>&nbsp;&nbsp;&nbsp;EnInterrupts()
</UL>
<BR>[Called By]<UL><LI><a href="#[8a]">&gt;&gt;</a>&nbsp;&nbsp;&nbsp;main
</UL>

<P><STRONG><a name="[bc]"></a>AjK::MODSERIAL::__putc(int, bool)</STRONG> (Thumb, 212 bytes, Stack size 24 bytes, putc.o(.text))
<BR><BR>[Stack]<UL><LI>Max Depth = 64<LI>Call Chain = AjK::MODSERIAL::__putc(int, bool) &rArr; AjK::MODSERIAL::isr_tx(bool) &rArr; AjK::MODSERIAL_callback::call(AjK::MODSERIAL_IRQ_INFO*)
</UL>
<BR>[Calls]<UL><LI><a href="#[8d]">&gt;&gt;</a>&nbsp;&nbsp;&nbsp;AjK::MODSERIAL_callback::call(AjK::MODSERIAL_IRQ_INFO*)
<LI><a href="#[8c]">&gt;&gt;</a>&nbsp;&nbsp;&nbsp;AjK::MODSERIAL::isr_tx(bool)
</UL>
<BR>[Called By]<UL><LI><a href="#[5f]">&gt;&gt;</a>&nbsp;&nbsp;&nbsp;AjK::MODSERIAL::_putc(int)
</UL>

<P><STRONG><a name="[bd]"></a>AjK::MODSERIAL::MODSERIAL(PinName, PinName, const char*)</STRONG> (Thumb, 82 bytes, Stack size 24 bytes, modserial.o(.text), UNUSED)
<BR><BR>[Calls]<UL><LI><a href="#[bf]">&gt;&gt;</a>&nbsp;&nbsp;&nbsp;AjK::MODSERIAL_IRQ_INFO::MODSERIAL_IRQ_INFO()
<LI><a href="#[be]">&gt;&gt;</a>&nbsp;&nbsp;&nbsp;mbed::Serial::Serial(PinName, PinName, const char*)
<LI><a href="#[c1]">&gt;&gt;</a>&nbsp;&nbsp;&nbsp;AjK::MODSERIAL::init(int, int)
<LI><a href="#[c0]">&gt;&gt;</a>&nbsp;&nbsp;&nbsp;__aeabi_vec_ctor_nocookie_nodtor
</UL>

<P><STRONG><a name="[1ba]"></a>AjK::MODSERIAL::MODSERIAL__sub_object(PinName, PinName, const char*)</STRONG> (Thumb, 0 bytes, Stack size 24 bytes, modserial.o(.text), UNUSED)

<P><STRONG><a name="[c2]"></a>AjK::MODSERIAL::MODSERIAL(PinName, PinName, int, const char*)</STRONG> (Thumb, 84 bytes, Stack size 24 bytes, modserial.o(.text), UNUSED)
<BR><BR>[Calls]<UL><LI><a href="#[bf]">&gt;&gt;</a>&nbsp;&nbsp;&nbsp;AjK::MODSERIAL_IRQ_INFO::MODSERIAL_IRQ_INFO()
<LI><a href="#[be]">&gt;&gt;</a>&nbsp;&nbsp;&nbsp;mbed::Serial::Serial(PinName, PinName, const char*)
<LI><a href="#[c1]">&gt;&gt;</a>&nbsp;&nbsp;&nbsp;AjK::MODSERIAL::init(int, int)
<LI><a href="#[c0]">&gt;&gt;</a>&nbsp;&nbsp;&nbsp;__aeabi_vec_ctor_nocookie_nodtor
</UL>

<P><STRONG><a name="[1bb]"></a>AjK::MODSERIAL::MODSERIAL__sub_object(PinName, PinName, int, const char*)</STRONG> (Thumb, 0 bytes, Stack size 24 bytes, modserial.o(.text), UNUSED)

<P><STRONG><a name="[b9]"></a>AjK::MODSERIAL::MODSERIAL(PinName, PinName, int, int, const char*)</STRONG> (Thumb, 84 bytes, Stack size 32 bytes, modserial.o(.text))
<BR><BR>[Stack]<UL><LI>Max Depth = 640 + Unknown Stack Size
<LI>Call Chain = AjK::MODSERIAL::MODSERIAL(PinName, PinName, int, int, const char*) &rArr; mbed::Serial::Serial(PinName, PinName, const char*) &rArr; mbed::Stream::Stream__sub_object(const char*) &rArr; fopen &rArr; freopen &rArr; _sys_open &rArr; __0sscanf &rArr; __vfscanf_char &rArr; __vfscanf &rArr; _scanf_real &rArr; _scanf_really_real &rArr; _fp_value &rArr; _btod_etento &rArr; _btod_emul &rArr; _e2e
</UL>
<BR>[Calls]<UL><LI><a href="#[bf]">&gt;&gt;</a>&nbsp;&nbsp;&nbsp;AjK::MODSERIAL_IRQ_INFO::MODSERIAL_IRQ_INFO()
<LI><a href="#[be]">&gt;&gt;</a>&nbsp;&nbsp;&nbsp;mbed::Serial::Serial(PinName, PinName, const char*)
<LI><a href="#[c1]">&gt;&gt;</a>&nbsp;&nbsp;&nbsp;AjK::MODSERIAL::init(int, int)
<LI><a href="#[c0]">&gt;&gt;</a>&nbsp;&nbsp;&nbsp;__aeabi_vec_ctor_nocookie_nodtor
</UL>
<BR>[Called By]<UL><LI><a href="#[6e]">&gt;&gt;</a>&nbsp;&nbsp;&nbsp;__sti___8_main_cpp_Gps
</UL>

<P><STRONG><a name="[1bc]"></a>AjK::MODSERIAL::MODSERIAL__sub_object(PinName, PinName, int, int, const char*)</STRONG> (Thumb, 0 bytes, Stack size 32 bytes, modserial.o(.text), UNUSED)

<P><STRONG><a name="[c3]"></a>AjK::MODSERIAL::disableIrq()</STRONG> (Thumb, 58 bytes, Stack size 8 bytes, modserial.o(.text))
<BR><BR>[Stack]<UL><LI>Max Depth = 8<LI>Call Chain = AjK::MODSERIAL::disableIrq()
</UL>
<BR>[Calls]<UL><LI><a href="#[c4]">&gt;&gt;</a>&nbsp;&nbsp;&nbsp;NVIC_DisableIRQ(IRQn)
</UL>
<BR>[Called By]<UL><LI><a href="#[c1]">&gt;&gt;</a>&nbsp;&nbsp;&nbsp;AjK::MODSERIAL::init(int, int)
<LI><a href="#[40]">&gt;&gt;</a>&nbsp;&nbsp;&nbsp;AjK::MODSERIAL::~MODSERIAL()
</UL>

<P><STRONG><a name="[40]"></a>AjK::MODSERIAL::~MODSERIAL()</STRONG> (Thumb, 52 bytes, Stack size 16 bytes, modserial.o(.text))
<BR><BR>[Stack]<UL><LI>Max Depth = 56<LI>Call Chain = AjK::MODSERIAL::~MODSERIAL() &rArr; mbed::Stream::~Stream__sub_object() &rArr; fclose
</UL>
<BR>[Calls]<UL><LI><a href="#[69]">&gt;&gt;</a>&nbsp;&nbsp;&nbsp;mbed::Stream::~Stream__sub_object()
<LI><a href="#[c3]">&gt;&gt;</a>&nbsp;&nbsp;&nbsp;AjK::MODSERIAL::disableIrq()
<LI><a href="#[c5]">&gt;&gt;</a>&nbsp;&nbsp;&nbsp;free
</UL>
<BR>[Called By]<UL><LI><a href="#[61]">&gt;&gt;</a>&nbsp;&nbsp;&nbsp;thunk{-4} to AjK::MODSERIAL::~MODSERIAL()
<LI><a href="#[5e]">&gt;&gt;</a>&nbsp;&nbsp;&nbsp;AjK::MODSERIAL::~MODSERIAL__deallocating()
</UL>
<BR>[Address Reference Count : 2]<UL><LI> main.o(.text)
<LI> modserial.o(.constdata__ZTVN3AjK9MODSERIALE)
</UL>
<P><STRONG><a name="[1bd]"></a>AjK::MODSERIAL::~MODSERIAL__sub_object()</STRONG> (Thumb, 0 bytes, Stack size 16 bytes, modserial.o(.text), UNUSED)

<P><STRONG><a name="[5e]"></a>AjK::MODSERIAL::~MODSERIAL__deallocating()</STRONG> (Thumb, 18 bytes, Stack size 16 bytes, modserial.o(.text))
<BR><BR>[Stack]<UL><LI>Max Depth = 72<LI>Call Chain = AjK::MODSERIAL::~MODSERIAL__deallocating() &rArr; AjK::MODSERIAL::~MODSERIAL() &rArr; mbed::Stream::~Stream__sub_object() &rArr; fclose
</UL>
<BR>[Calls]<UL><LI><a href="#[40]">&gt;&gt;</a>&nbsp;&nbsp;&nbsp;AjK::MODSERIAL::~MODSERIAL()
<LI><a href="#[c6]">&gt;&gt;</a>&nbsp;&nbsp;&nbsp;operator delete (void*)
</UL>
<BR>[Called By]<UL><LI><a href="#[62]">&gt;&gt;</a>&nbsp;&nbsp;&nbsp;thunk{-4} to AjK::MODSERIAL::~MODSERIAL__deallocating()
</UL>
<BR>[Address Reference Count : 1]<UL><LI> modserial.o(.constdata__ZTVN3AjK9MODSERIALE)
</UL>
<P><STRONG><a name="[62]"></a>thunk{-4} to AjK::MODSERIAL::~MODSERIAL__deallocating()</STRONG> (Thumb, 14 bytes, Stack size 8 bytes, modserial.o(.text))
<BR><BR>[Stack]<UL><LI>Max Depth = 80<LI>Call Chain = thunk{-4} to AjK::MODSERIAL::~MODSERIAL__deallocating() &rArr; AjK::MODSERIAL::~MODSERIAL__deallocating() &rArr; AjK::MODSERIAL::~MODSERIAL() &rArr; mbed::Stream::~Stream__sub_object() &rArr; fclose
</UL>
<BR>[Calls]<UL><LI><a href="#[5e]">&gt;&gt;</a>&nbsp;&nbsp;&nbsp;AjK::MODSERIAL::~MODSERIAL__deallocating()
</UL>
<BR>[Address Reference Count : 1]<UL><LI> modserial.o(.constdata__ZTVN3AjK9MODSERIALE)
</UL>
<P><STRONG><a name="[61]"></a>thunk{-4} to AjK::MODSERIAL::~MODSERIAL()</STRONG> (Thumb, 14 bytes, Stack size 8 bytes, modserial.o(.text))
<BR><BR>[Stack]<UL><LI>Max Depth = 64<LI>Call Chain = thunk{-4} to AjK::MODSERIAL::~MODSERIAL() &rArr; AjK::MODSERIAL::~MODSERIAL() &rArr; mbed::Stream::~Stream__sub_object() &rArr; fclose
</UL>
<BR>[Calls]<UL><LI><a href="#[40]">&gt;&gt;</a>&nbsp;&nbsp;&nbsp;AjK::MODSERIAL::~MODSERIAL()
</UL>
<BR>[Address Reference Count : 1]<UL><LI> modserial.o(.constdata__ZTVN3AjK9MODSERIALE)
</UL>
<P><STRONG><a name="[1be]"></a>AjK::MODSERIAL::txBufferFull()</STRONG> (Thumb, 22 bytes, Stack size 0 bytes, modserial.o(.text), UNUSED)

<P><STRONG><a name="[1bf]"></a>AjK::MODSERIAL::rxBufferFull()</STRONG> (Thumb, 22 bytes, Stack size 0 bytes, modserial.o(.text), UNUSED)

<P><STRONG><a name="[1c0]"></a>AjK::MODSERIAL::txBufferEmpty()</STRONG> (Thumb, 16 bytes, Stack size 0 bytes, modserial.o(.text), UNUSED)

<P><STRONG><a name="[12a]"></a>AjK::MODSERIAL::rxBufferEmpty()</STRONG> (Thumb, 16 bytes, Stack size 0 bytes, modserial.o(.text), UNUSED)
<BR><BR>[Called By]<UL><LI><a href="#[96]">&gt;&gt;</a>&nbsp;&nbsp;&nbsp;AjK::MODSERIAL::readable()
</UL>

<P><STRONG><a name="[1c1]"></a>AjK::MODSERIAL::txIsBusy()</STRONG> (Thumb, 6 bytes, Stack size 0 bytes, modserial.o(.text), UNUSED)

<P><STRONG><a name="[1c2]"></a>AjK::MODSERIAL::rxDiscardLastChar()</STRONG> (Thumb, 46 bytes, Stack size 0 bytes, modserial.o(.text), UNUSED)

<P><STRONG><a name="[c7]"></a>AjK::MODSERIAL::enableIrq()</STRONG> (Thumb, 58 bytes, Stack size 8 bytes, modserial.o(.text))
<BR><BR>[Stack]<UL><LI>Max Depth = 8<LI>Call Chain = AjK::MODSERIAL::enableIrq()
</UL>
<BR>[Calls]<UL><LI><a href="#[c8]">&gt;&gt;</a>&nbsp;&nbsp;&nbsp;NVIC_EnableIRQ(IRQn)
</UL>
<BR>[Called By]<UL><LI><a href="#[c1]">&gt;&gt;</a>&nbsp;&nbsp;&nbsp;AjK::MODSERIAL::init(int, int)
</UL>

<P><STRONG><a name="[56]"></a>AjK::MODSERIAL::isr_rx()</STRONG> (Thumb, 168 bytes, Stack size 8 bytes, isr_rx.o(.text))
<BR><BR>[Stack]<UL><LI>Max Depth = 32<LI>Call Chain = AjK::MODSERIAL::isr_rx() &rArr; AjK::MODSERIAL_callback::call(AjK::MODSERIAL_IRQ_INFO*)
</UL>
<BR>[Calls]<UL><LI><a href="#[8d]">&gt;&gt;</a>&nbsp;&nbsp;&nbsp;AjK::MODSERIAL_callback::call(AjK::MODSERIAL_IRQ_INFO*)
</UL>
<BR>[Called By]<UL><LI><a href="#[cb]">&gt;&gt;</a>&nbsp;&nbsp;&nbsp;AjK::MODSERIAL::__getc(bool)
</UL>
<BR>[Address Reference Count : 1]<UL><LI> init.o(.constdata)
</UL>
<P><STRONG><a name="[c1]"></a>AjK::MODSERIAL::init(int, int)</STRONG> (Thumb, 232 bytes, Stack size 24 bytes, init.o(.text))
<BR><BR>[Stack]<UL><LI>Max Depth = 168 + Unknown Stack Size
<LI>Call Chain = AjK::MODSERIAL::init(int, int) &rArr; __2fprintf &rArr; _printf_char_file &rArr; _printf_char_common &rArr; __printf
</UL>
<BR>[Calls]<UL><LI><a href="#[8b]">&gt;&gt;</a>&nbsp;&nbsp;&nbsp;exit
<LI><a href="#[c7]">&gt;&gt;</a>&nbsp;&nbsp;&nbsp;AjK::MODSERIAL::enableIrq()
<LI><a href="#[c3]">&gt;&gt;</a>&nbsp;&nbsp;&nbsp;AjK::MODSERIAL::disableIrq()
<LI><a href="#[ca]">&gt;&gt;</a>&nbsp;&nbsp;&nbsp;void mbed::SerialBase::attach&lang;AjK::MODSERIAL&rang;(T1*, void(T1::*)(), mbed::SerialBase::IrqType)
<LI><a href="#[8e]">&gt;&gt;</a>&nbsp;&nbsp;&nbsp;__2fprintf
<LI><a href="#[c9]">&gt;&gt;</a>&nbsp;&nbsp;&nbsp;malloc
</UL>
<BR>[Called By]<UL><LI><a href="#[c2]">&gt;&gt;</a>&nbsp;&nbsp;&nbsp;AjK::MODSERIAL::MODSERIAL(PinName, PinName, int, const char*)
<LI><a href="#[bd]">&gt;&gt;</a>&nbsp;&nbsp;&nbsp;AjK::MODSERIAL::MODSERIAL(PinName, PinName, const char*)
<LI><a href="#[b9]">&gt;&gt;</a>&nbsp;&nbsp;&nbsp;AjK::MODSERIAL::MODSERIAL(PinName, PinName, int, int, const char*)
</UL>

<P><STRONG><a name="[cb]"></a>AjK::MODSERIAL::__getc(bool)</STRONG> (Thumb, 146 bytes, Stack size 24 bytes, getc.o(.text))
<BR><BR>[Stack]<UL><LI>Max Depth = 56<LI>Call Chain = AjK::MODSERIAL::__getc(bool) &rArr; AjK::MODSERIAL::isr_rx() &rArr; AjK::MODSERIAL_callback::call(AjK::MODSERIAL_IRQ_INFO*)
</UL>
<BR>[Calls]<UL><LI><a href="#[56]">&gt;&gt;</a>&nbsp;&nbsp;&nbsp;AjK::MODSERIAL::isr_rx()
</UL>
<BR>[Called By]<UL><LI><a href="#[60]">&gt;&gt;</a>&nbsp;&nbsp;&nbsp;AjK::MODSERIAL::_getc()
<LI><a href="#[97]">&gt;&gt;</a>&nbsp;&nbsp;&nbsp;AjK::MODSERIAL::getc()
</UL>

<P><STRONG><a name="[c9]"></a>malloc</STRONG> (Thumb, 94 bytes, Stack size 16 bytes, h1_alloc.o(.text))
<BR><BR>[Stack]<UL><LI>Max Depth = 48<LI>Call Chain = malloc &rArr; __Heap_Full &rArr; __Heap_ProvideMemory &rArr; free
</UL>
<BR>[Calls]<UL><LI><a href="#[cd]">&gt;&gt;</a>&nbsp;&nbsp;&nbsp;__Heap_Full
<LI><a href="#[cc]">&gt;&gt;</a>&nbsp;&nbsp;&nbsp;__rt_heap_descriptor
</UL>
<BR>[Called By]<UL><LI><a href="#[c1]">&gt;&gt;</a>&nbsp;&nbsp;&nbsp;AjK::MODSERIAL::init(int, int)
<LI><a href="#[ba]">&gt;&gt;</a>&nbsp;&nbsp;&nbsp;__aeabi_atexit
<LI><a href="#[e3]">&gt;&gt;</a>&nbsp;&nbsp;&nbsp;fopen
<LI><a href="#[101]">&gt;&gt;</a>&nbsp;&nbsp;&nbsp;__flsbuf
<LI><a href="#[fc]">&gt;&gt;</a>&nbsp;&nbsp;&nbsp;__filbuf
</UL>

<P><STRONG><a name="[c5]"></a>free</STRONG> (Thumb, 78 bytes, Stack size 16 bytes, h1_free.o(.text))
<BR><BR>[Stack]<UL><LI>Max Depth = 16<LI>Call Chain = free
</UL>
<BR>[Calls]<UL><LI><a href="#[cc]">&gt;&gt;</a>&nbsp;&nbsp;&nbsp;__rt_heap_descriptor
</UL>
<BR>[Called By]<UL><LI><a href="#[40]">&gt;&gt;</a>&nbsp;&nbsp;&nbsp;AjK::MODSERIAL::~MODSERIAL()
<LI><a href="#[c6]">&gt;&gt;</a>&nbsp;&nbsp;&nbsp;operator delete (void*)
<LI><a href="#[e1]">&gt;&gt;</a>&nbsp;&nbsp;&nbsp;_fclose_internal
<LI><a href="#[e8]">&gt;&gt;</a>&nbsp;&nbsp;&nbsp;__Heap_ProvideMemory
<LI><a href="#[84]">&gt;&gt;</a>&nbsp;&nbsp;&nbsp;__cxa_finalize
<LI><a href="#[108]">&gt;&gt;</a>&nbsp;&nbsp;&nbsp;_terminateio
</UL>

<P><STRONG><a name="[ce]"></a>__2sprintf</STRONG> (Thumb, 38 bytes, Stack size 32 bytes, __2sprintf.o(.text))
<BR><BR>[Stack]<UL><LI>Max Depth = 136 + Unknown Stack Size
<LI>Call Chain = __2sprintf &rArr; _printf_char_common &rArr; __printf
</UL>
<BR>[Calls]<UL><LI><a href="#[43]">&gt;&gt;</a>&nbsp;&nbsp;&nbsp;_sputc
<LI><a href="#[cf]">&gt;&gt;</a>&nbsp;&nbsp;&nbsp;_printf_char_common
</UL>
<BR>[Called By]<UL><LI><a href="#[138]">&gt;&gt;</a>&nbsp;&nbsp;&nbsp;mbed::Stream::Stream__sub_object(const char*)
</UL>

<P><STRONG><a name="[78]"></a>_printf_int_dec</STRONG> (Thumb, 104 bytes, Stack size 24 bytes, _printf_dec.o(.text))
<BR><BR>[Stack]<UL><LI>Max Depth = 56<LI>Call Chain = _printf_int_dec &rArr; _printf_int_common
</UL>
<BR>[Calls]<UL><LI><a href="#[d0]">&gt;&gt;</a>&nbsp;&nbsp;&nbsp;_printf_int_common
</UL>
<BR>[Called By]<UL><LI><a href="#[77]">&gt;&gt;</a>&nbsp;&nbsp;&nbsp;_printf_d
</UL>

<P><STRONG><a name="[d1]"></a>_printf_longlong_hex</STRONG> (Thumb, 86 bytes, Stack size 16 bytes, _printf_hex_int_ll_ptr.o(.text))
<BR><BR>[Stack]<UL><LI>Max Depth = 48<LI>Call Chain = _printf_longlong_hex &rArr; _printf_int_common
</UL>
<BR>[Calls]<UL><LI><a href="#[d0]">&gt;&gt;</a>&nbsp;&nbsp;&nbsp;_printf_int_common
</UL>
<BR>[Called By]<UL><LI><a href="#[76]">&gt;&gt;</a>&nbsp;&nbsp;&nbsp;_printf_hex_ptr
<LI><a href="#[d3]">&gt;&gt;</a>&nbsp;&nbsp;&nbsp;_printf_ll_hex
<LI><a href="#[d2]">&gt;&gt;</a>&nbsp;&nbsp;&nbsp;_printf_int_hex
</UL>

<P><STRONG><a name="[d2]"></a>_printf_int_hex</STRONG> (Thumb, 28 bytes, Stack size 16 bytes, _printf_hex_int_ll_ptr.o(.text), UNUSED)
<BR><BR>[Calls]<UL><LI><a href="#[d1]">&gt;&gt;</a>&nbsp;&nbsp;&nbsp;_printf_longlong_hex
</UL>

<P><STRONG><a name="[d3]"></a>_printf_ll_hex</STRONG> (Thumb, 12 bytes, Stack size 0 bytes, _printf_hex_int_ll_ptr.o(.text), UNUSED)
<BR><BR>[Calls]<UL><LI><a href="#[d1]">&gt;&gt;</a>&nbsp;&nbsp;&nbsp;_printf_longlong_hex
</UL>

<P><STRONG><a name="[76]"></a>_printf_hex_ptr</STRONG> (Thumb, 18 bytes, Stack size 0 bytes, _printf_hex_int_ll_ptr.o(.text))
<BR><BR>[Stack]<UL><LI>Max Depth = 48<LI>Call Chain = _printf_hex_ptr &rArr; _printf_longlong_hex &rArr; _printf_int_common
</UL>
<BR>[Calls]<UL><LI><a href="#[d1]">&gt;&gt;</a>&nbsp;&nbsp;&nbsp;_printf_longlong_hex
</UL>
<BR>[Called By]<UL><LI><a href="#[75]">&gt;&gt;</a>&nbsp;&nbsp;&nbsp;_printf_p
</UL>

<P><STRONG><a name="[d4]"></a>__printf</STRONG> (Thumb, 388 bytes, Stack size 40 bytes, __printf_flags_ss_wp.o(.text))
<BR><BR>[Stack]<UL><LI>Max Depth = 40 + Unknown Stack Size
<LI>Call Chain = __printf
</UL>
<BR>[Calls]<UL><LI><a href="#[d6]">&gt;&gt;</a>&nbsp;&nbsp;&nbsp;_printf_percent
<LI><a href="#[d5]">&gt;&gt;</a>&nbsp;&nbsp;&nbsp;_is_digit
</UL>
<BR>[Called By]<UL><LI><a href="#[cf]">&gt;&gt;</a>&nbsp;&nbsp;&nbsp;_printf_char_common
</UL>

<P><STRONG><a name="[9d]"></a>scanf</STRONG> (Thumb, 26 bytes, Stack size 56 bytes, scanf.o(.text), UNUSED)
<BR><BR>[Calls]<UL><LI><a href="#[d7]">&gt;&gt;</a>&nbsp;&nbsp;&nbsp;__vfscanf_char_file
</UL>
<BR>[Called By]<UL><LI><a href="#[9b]">&gt;&gt;</a>&nbsp;&nbsp;&nbsp;gpsProcessData()
</UL>

<P><STRONG><a name="[d8]"></a>__0sscanf</STRONG> (Thumb, 52 bytes, Stack size 72 bytes, __0sscanf.o(.text))
<BR><BR>[Stack]<UL><LI>Max Depth = 496<LI>Call Chain = __0sscanf &rArr; __vfscanf_char &rArr; __vfscanf &rArr; _scanf_real &rArr; _scanf_really_real &rArr; _fp_value &rArr; _btod_etento &rArr; _btod_emul &rArr; _e2e
</UL>
<BR>[Calls]<UL><LI><a href="#[d9]">&gt;&gt;</a>&nbsp;&nbsp;&nbsp;__vfscanf_char
</UL>
<BR>[Called By]<UL><LI><a href="#[e2]">&gt;&gt;</a>&nbsp;&nbsp;&nbsp;_sys_open
</UL>

<P><STRONG><a name="[da]"></a>_scanf_int</STRONG> (Thumb, 332 bytes, Stack size 56 bytes, _scanf_int.o(.text))
<BR><BR>[Stack]<UL><LI>Max Depth = 56<LI>Call Chain = _scanf_int
</UL>
<BR>[Calls]<UL><LI><a href="#[db]">&gt;&gt;</a>&nbsp;&nbsp;&nbsp;_chval
</UL>
<BR>[Called By]<UL><LI><a href="#[f2]">&gt;&gt;</a>&nbsp;&nbsp;&nbsp;__vfscanf
</UL>

<P><STRONG><a name="[dc]"></a>_do_fflush</STRONG> (Thumb, 54 bytes, Stack size 16 bytes, fflush.o(.text), UNUSED)
<BR><BR>[Calls]<UL><LI><a href="#[dd]">&gt;&gt;</a>&nbsp;&nbsp;&nbsp;_fflush
<LI><a href="#[de]">&gt;&gt;</a>&nbsp;&nbsp;&nbsp;_fseek
</UL>
<BR>[Called By]<UL><LI><a href="#[df]">&gt;&gt;</a>&nbsp;&nbsp;&nbsp;fflush
<LI><a href="#[ff]">&gt;&gt;</a>&nbsp;&nbsp;&nbsp;_flushlinebuffered
</UL>

<P><STRONG><a name="[df]"></a>fflush</STRONG> (Thumb, 42 bytes, Stack size 16 bytes, fflush.o(.text), UNUSED)
<BR><BR>[Calls]<UL><LI><a href="#[dc]">&gt;&gt;</a>&nbsp;&nbsp;&nbsp;_do_fflush
</UL>
<BR>[Called By]<UL><LI><a href="#[94]">&gt;&gt;</a>&nbsp;&nbsp;&nbsp;mbed::Stream::putc(int)
</UL>

<P><STRONG><a name="[e0]"></a>freopen</STRONG> (Thumb, 158 bytes, Stack size 24 bytes, fopen.o(.text))
<BR><BR>[Stack]<UL><LI>Max Depth = 552 + Unknown Stack Size
<LI>Call Chain = freopen &rArr; _sys_open &rArr; __0sscanf &rArr; __vfscanf_char &rArr; __vfscanf &rArr; _scanf_real &rArr; _scanf_really_real &rArr; _fp_value &rArr; _btod_etento &rArr; _btod_emul &rArr; _e2e
</UL>
<BR>[Calls]<UL><LI><a href="#[e2]">&gt;&gt;</a>&nbsp;&nbsp;&nbsp;_sys_open
<LI><a href="#[e1]">&gt;&gt;</a>&nbsp;&nbsp;&nbsp;_fclose_internal
<LI><a href="#[de]">&gt;&gt;</a>&nbsp;&nbsp;&nbsp;_fseek
</UL>
<BR>[Called By]<UL><LI><a href="#[e3]">&gt;&gt;</a>&nbsp;&nbsp;&nbsp;fopen
<LI><a href="#[81]">&gt;&gt;</a>&nbsp;&nbsp;&nbsp;_initio
</UL>

<P><STRONG><a name="[e3]"></a>fopen</STRONG> (Thumb, 74 bytes, Stack size 24 bytes, fopen.o(.text))
<BR><BR>[Stack]<UL><LI>Max Depth = 576 + Unknown Stack Size
<LI>Call Chain = fopen &rArr; freopen &rArr; _sys_open &rArr; __0sscanf &rArr; __vfscanf_char &rArr; __vfscanf &rArr; _scanf_real &rArr; _scanf_really_real &rArr; _fp_value &rArr; _btod_etento &rArr; _btod_emul &rArr; _e2e
</UL>
<BR>[Calls]<UL><LI><a href="#[a8]">&gt;&gt;</a>&nbsp;&nbsp;&nbsp;__aeabi_memclr4
<LI><a href="#[e0]">&gt;&gt;</a>&nbsp;&nbsp;&nbsp;freopen
<LI><a href="#[c9]">&gt;&gt;</a>&nbsp;&nbsp;&nbsp;malloc
</UL>
<BR>[Called By]<UL><LI><a href="#[138]">&gt;&gt;</a>&nbsp;&nbsp;&nbsp;mbed::Stream::Stream__sub_object(const char*)
</UL>

<P><STRONG><a name="[e4]"></a>setbuf</STRONG> (Thumb, 20 bytes, Stack size 0 bytes, setbuf.o(.text))
<BR><BR>[Stack]<UL><LI>Max Depth = 16<LI>Call Chain = setbuf &rArr; setvbuf
</UL>
<BR>[Calls]<UL><LI><a href="#[e5]">&gt;&gt;</a>&nbsp;&nbsp;&nbsp;setvbuf
</UL>
<BR>[Called By]<UL><LI><a href="#[138]">&gt;&gt;</a>&nbsp;&nbsp;&nbsp;mbed::Stream::Stream__sub_object(const char*)
</UL>

<P><STRONG><a name="[e1]"></a>_fclose_internal</STRONG> (Thumb, 76 bytes, Stack size 32 bytes, fclose.o(.text))
<BR><BR>[Stack]<UL><LI>Max Depth = 344 + Unknown Stack Size
<LI>Call Chain = _fclose_internal &rArr; _fflush &rArr; _writebuf &rArr; _sys_write &rArr; init_serial() &rArr; serial_init &rArr; serial_baud &rArr; __2fprintf &rArr; _printf_char_file &rArr; _printf_char_common &rArr; __printf
</UL>
<BR>[Calls]<UL><LI><a href="#[e6]">&gt;&gt;</a>&nbsp;&nbsp;&nbsp;_sys_close
<LI><a href="#[a8]">&gt;&gt;</a>&nbsp;&nbsp;&nbsp;__aeabi_memclr4
<LI><a href="#[c5]">&gt;&gt;</a>&nbsp;&nbsp;&nbsp;free
<LI><a href="#[dd]">&gt;&gt;</a>&nbsp;&nbsp;&nbsp;_fflush
</UL>
<BR>[Called By]<UL><LI><a href="#[e0]">&gt;&gt;</a>&nbsp;&nbsp;&nbsp;freopen
<LI><a href="#[108]">&gt;&gt;</a>&nbsp;&nbsp;&nbsp;_terminateio
</UL>

<P><STRONG><a name="[13a]"></a>fclose</STRONG> (Thumb, 0 bytes, Stack size 32 bytes, fclose.o(.text))
<BR><BR>[Stack]<UL><LI>Max Depth = 32<LI>Call Chain = fclose
</UL>
<BR>[Called By]<UL><LI><a href="#[69]">&gt;&gt;</a>&nbsp;&nbsp;&nbsp;mbed::Stream::~Stream__sub_object()
</UL>

<P><STRONG><a name="[149]"></a>strchr</STRONG> (Thumb, 20 bytes, Stack size 0 bytes, strchr.o(.text), UNUSED)
<BR><BR>[Called By]<UL><LI><a href="#[9c]">&gt;&gt;</a>&nbsp;&nbsp;&nbsp;std::strchr(char*, int)
</UL>

<P><STRONG><a name="[141]"></a>strlen</STRONG> (Thumb, 62 bytes, Stack size 8 bytes, strlen.o(.text))
<BR><BR>[Stack]<UL><LI>Max Depth = 8<LI>Call Chain = strlen
</UL>
<BR>[Called By]<UL><LI><a href="#[140]">&gt;&gt;</a>&nbsp;&nbsp;&nbsp;mbed::FileBase::lookup(const char*, unsigned)
</UL>

<P><STRONG><a name="[a9]"></a>strncmp</STRONG> (Thumb, 150 bytes, Stack size 16 bytes, strncmp.o(.text))
<BR><BR>[Stack]<UL><LI>Max Depth = 16<LI>Call Chain = strncmp
</UL>
<BR>[Called By]<UL><LI><a href="#[a7]">&gt;&gt;</a>&nbsp;&nbsp;&nbsp;gpsGetRmc()
<LI><a href="#[140]">&gt;&gt;</a>&nbsp;&nbsp;&nbsp;mbed::FileBase::lookup(const char*, unsigned)
</UL>

<P><STRONG><a name="[a8]"></a>__aeabi_memclr4</STRONG> (Thumb, 0 bytes, Stack size 4 bytes, rt_memclr_w.o(.text))
<BR><BR>[Stack]<UL><LI>Max Depth = 4<LI>Call Chain = __aeabi_memclr4
</UL>
<BR>[Called By]<UL><LI><a href="#[a7]">&gt;&gt;</a>&nbsp;&nbsp;&nbsp;gpsGetRmc()
<LI><a href="#[e1]">&gt;&gt;</a>&nbsp;&nbsp;&nbsp;_fclose_internal
<LI><a href="#[e3]">&gt;&gt;</a>&nbsp;&nbsp;&nbsp;fopen
<LI><a href="#[81]">&gt;&gt;</a>&nbsp;&nbsp;&nbsp;_initio
</UL>

<P><STRONG><a name="[1c3]"></a>__aeabi_memclr8</STRONG> (Thumb, 0 bytes, Stack size 4 bytes, rt_memclr_w.o(.text), UNUSED)

<P><STRONG><a name="[1c4]"></a>__rt_memclr_w</STRONG> (Thumb, 78 bytes, Stack size 4 bytes, rt_memclr_w.o(.text), UNUSED)

<P><STRONG><a name="[1c5]"></a>_memset_w</STRONG> (Thumb, 0 bytes, Stack size unknown bytes, rt_memclr_w.o(.text), UNUSED)

<P><STRONG><a name="[154]"></a>strcmp</STRONG> (Thumb, 128 bytes, Stack size 0 bytes, strcmpv7m.o(.text))
<BR><BR>[Called By]<UL><LI><a href="#[e2]">&gt;&gt;</a>&nbsp;&nbsp;&nbsp;_sys_open
<LI><a href="#[4c]">&gt;&gt;</a>&nbsp;&nbsp;&nbsp;_get_lc_ctype
<LI><a href="#[7f]">&gt;&gt;</a>&nbsp;&nbsp;&nbsp;_get_lc_numeric
</UL>

<P><STRONG><a name="[70]"></a>__cpp_initialize__aeabi_</STRONG> (Thumb, 26 bytes, Stack size 16 bytes, init_aeabi.o(.text))
<BR><BR>[Stack]<UL><LI>Max Depth = 16<LI>Call Chain = __cpp_initialize__aeabi_
</UL>
<BR>[Called By]<UL><LI><a href="#[82]">&gt;&gt;</a>&nbsp;&nbsp;&nbsp;__rt_lib_init_cpp_2
</UL>

<P><STRONG><a name="[14a]"></a>__rt_ddtor_pointer_addr</STRONG> (Thumb, 8 bytes, Stack size 0 bytes, rt_ddtor_pointer_addr.o(.text))
<BR><BR>[Called By]<UL><LI><a href="#[ba]">&gt;&gt;</a>&nbsp;&nbsp;&nbsp;__aeabi_atexit
<LI><a href="#[84]">&gt;&gt;</a>&nbsp;&nbsp;&nbsp;__cxa_finalize
</UL>

<P><STRONG><a name="[1c6]"></a>__use_no_heap</STRONG> (Thumb, 2 bytes, Stack size 0 bytes, hguard.o(.text), UNUSED)

<P><STRONG><a name="[1c7]"></a>__heap$guard</STRONG> (Thumb, 2 bytes, Stack size 0 bytes, hguard.o(.text), UNUSED)

<P><STRONG><a name="[9]"></a>_terminate_user_alloc</STRONG> (Thumb, 2 bytes, Stack size 0 bytes, init_alloc.o(.text), UNUSED)

<P><STRONG><a name="[8]"></a>_init_user_alloc</STRONG> (Thumb, 2 bytes, Stack size 0 bytes, init_alloc.o(.text), UNUSED)

<P><STRONG><a name="[cd]"></a>__Heap_Full</STRONG> (Thumb, 34 bytes, Stack size 16 bytes, init_alloc.o(.text))
<BR><BR>[Stack]<UL><LI>Max Depth = 32<LI>Call Chain = __Heap_Full &rArr; __Heap_ProvideMemory &rArr; free
</UL>
<BR>[Calls]<UL><LI><a href="#[e7]">&gt;&gt;</a>&nbsp;&nbsp;&nbsp;__rt_heap_expand
<LI><a href="#[e8]">&gt;&gt;</a>&nbsp;&nbsp;&nbsp;__Heap_ProvideMemory
</UL>
<BR>[Called By]<UL><LI><a href="#[c9]">&gt;&gt;</a>&nbsp;&nbsp;&nbsp;malloc
</UL>

<P><STRONG><a name="[e9]"></a>__Heap_Broken</STRONG> (Thumb, 6 bytes, Stack size 0 bytes, init_alloc.o(.text), UNUSED)
<BR><BR>[Calls]<UL><LI><a href="#[ea]">&gt;&gt;</a>&nbsp;&nbsp;&nbsp;__rt_SIGRTMEM
</UL>

<P><STRONG><a name="[7a]"></a>_init_alloc</STRONG> (Thumb, 94 bytes, Stack size 24 bytes, init_alloc.o(.text))
<BR><BR>[Stack]<UL><LI>Max Depth = 64<LI>Call Chain = _init_alloc &rArr; __rt_SIGRTMEM &rArr; __rt_SIGRTMEM_inner &rArr; __default_signal_display &rArr; _ttywrch
</UL>
<BR>[Calls]<UL><LI><a href="#[ec]">&gt;&gt;</a>&nbsp;&nbsp;&nbsp;__Heap_Initialize
<LI><a href="#[cc]">&gt;&gt;</a>&nbsp;&nbsp;&nbsp;__rt_heap_descriptor
<LI><a href="#[e7]">&gt;&gt;</a>&nbsp;&nbsp;&nbsp;__rt_heap_expand
<LI><a href="#[eb]">&gt;&gt;</a>&nbsp;&nbsp;&nbsp;__rt_heap_escrow
<LI><a href="#[ea]">&gt;&gt;</a>&nbsp;&nbsp;&nbsp;__rt_SIGRTMEM
<LI><a href="#[e8]">&gt;&gt;</a>&nbsp;&nbsp;&nbsp;__Heap_ProvideMemory
</UL>
<BR>[Called By]<UL><LI><a href="#[79]">&gt;&gt;</a>&nbsp;&nbsp;&nbsp;__rt_lib_init_heap_2
</UL>

<P><STRONG><a name="[ec]"></a>__Heap_Initialize</STRONG> (Thumb, 10 bytes, Stack size 0 bytes, h1_init.o(.text))
<BR><BR>[Called By]<UL><LI><a href="#[7a]">&gt;&gt;</a>&nbsp;&nbsp;&nbsp;_init_alloc
</UL>

<P><STRONG><a name="[6]"></a>__Heap_DescSize</STRONG> (Thumb, 4 bytes, Stack size 0 bytes, h1_init.o(.text), UNUSED)

<P><STRONG><a name="[ed]"></a>__read_errno</STRONG> (Thumb, 10 bytes, Stack size 8 bytes, _rserrno.o(.text), UNUSED)
<BR><BR>[Calls]<UL><LI><a href="#[ee]">&gt;&gt;</a>&nbsp;&nbsp;&nbsp;__aeabi_errno_addr
</UL>

<P><STRONG><a name="[ef]"></a>__set_errno</STRONG> (Thumb, 12 bytes, Stack size 8 bytes, _rserrno.o(.text))
<BR><BR>[Stack]<UL><LI>Max Depth = 8<LI>Call Chain = __set_errno
</UL>
<BR>[Calls]<UL><LI><a href="#[ee]">&gt;&gt;</a>&nbsp;&nbsp;&nbsp;__aeabi_errno_addr
</UL>
<BR>[Called By]<UL><LI><a href="#[a1]">&gt;&gt;</a>&nbsp;&nbsp;&nbsp;fmod
<LI><a href="#[153]">&gt;&gt;</a>&nbsp;&nbsp;&nbsp;ldexp
<LI><a href="#[14f]">&gt;&gt;</a>&nbsp;&nbsp;&nbsp;__mathlib_tofloat
</UL>

<P><STRONG><a name="[d0]"></a>_printf_int_common</STRONG> (Thumb, 178 bytes, Stack size 32 bytes, _printf_intcommon.o(.text))
<BR><BR>[Stack]<UL><LI>Max Depth = 32<LI>Call Chain = _printf_int_common
</UL>
<BR>[Called By]<UL><LI><a href="#[d1]">&gt;&gt;</a>&nbsp;&nbsp;&nbsp;_printf_longlong_hex
<LI><a href="#[78]">&gt;&gt;</a>&nbsp;&nbsp;&nbsp;_printf_int_dec
</UL>

<P><STRONG><a name="[cf]"></a>_printf_char_common</STRONG> (Thumb, 32 bytes, Stack size 64 bytes, _printf_char_common.o(.text))
<BR><BR>[Stack]<UL><LI>Max Depth = 104 + Unknown Stack Size
<LI>Call Chain = _printf_char_common &rArr; __printf
</UL>
<BR>[Calls]<UL><LI><a href="#[d4]">&gt;&gt;</a>&nbsp;&nbsp;&nbsp;__printf
</UL>
<BR>[Called By]<UL><LI><a href="#[ce]">&gt;&gt;</a>&nbsp;&nbsp;&nbsp;__2sprintf
<LI><a href="#[8f]">&gt;&gt;</a>&nbsp;&nbsp;&nbsp;_printf_char_file
</UL>

<P><STRONG><a name="[43]"></a>_sputc</STRONG> (Thumb, 10 bytes, Stack size 0 bytes, _sputc.o(.text))
<BR><BR>[Called By]<UL><LI><a href="#[ce]">&gt;&gt;</a>&nbsp;&nbsp;&nbsp;__2sprintf
</UL>
<BR>[Address Reference Count : 1]<UL><LI> __2sprintf.o(.text)
</UL>
<P><STRONG><a name="[8f]"></a>_printf_char_file</STRONG> (Thumb, 32 bytes, Stack size 16 bytes, _printf_char_file.o(.text))
<BR><BR>[Stack]<UL><LI>Max Depth = 120 + Unknown Stack Size
<LI>Call Chain = _printf_char_file &rArr; _printf_char_common &rArr; __printf
</UL>
<BR>[Calls]<UL><LI><a href="#[f0]">&gt;&gt;</a>&nbsp;&nbsp;&nbsp;ferror
<LI><a href="#[cf]">&gt;&gt;</a>&nbsp;&nbsp;&nbsp;_printf_char_common
</UL>
<BR>[Called By]<UL><LI><a href="#[8e]">&gt;&gt;</a>&nbsp;&nbsp;&nbsp;__2fprintf
</UL>

<P><STRONG><a name="[db]"></a>_chval</STRONG> (Thumb, 28 bytes, Stack size 0 bytes, _chval.o(.text))
<BR><BR>[Called By]<UL><LI><a href="#[da]">&gt;&gt;</a>&nbsp;&nbsp;&nbsp;_scanf_int
<LI><a href="#[f1]">&gt;&gt;</a>&nbsp;&nbsp;&nbsp;_scanf_longlong
<LI><a href="#[11f]">&gt;&gt;</a>&nbsp;&nbsp;&nbsp;_scanf_really_hex_real
</UL>

<P><STRONG><a name="[f1]"></a>_scanf_longlong</STRONG> (Thumb, 342 bytes, Stack size 56 bytes, _scanf_longlong.o(.text))
<BR><BR>[Stack]<UL><LI>Max Depth = 56<LI>Call Chain = _scanf_longlong
</UL>
<BR>[Calls]<UL><LI><a href="#[db]">&gt;&gt;</a>&nbsp;&nbsp;&nbsp;_chval
</UL>
<BR>[Called By]<UL><LI><a href="#[f2]">&gt;&gt;</a>&nbsp;&nbsp;&nbsp;__vfscanf
</UL>

<P><STRONG><a name="[10e]"></a>_scanf_string</STRONG> (Thumb, 224 bytes, Stack size 56 bytes, _scanf_str.o(.text))
<BR><BR>[Stack]<UL><LI>Max Depth = 56<LI>Call Chain = _scanf_string
</UL>
<BR>[Called By]<UL><LI><a href="#[f2]">&gt;&gt;</a>&nbsp;&nbsp;&nbsp;__vfscanf
</UL>

<P><STRONG><a name="[d9]"></a>__vfscanf_char</STRONG> (Thumb, 24 bytes, Stack size 0 bytes, scanf_char.o(.text))
<BR><BR>[Stack]<UL><LI>Max Depth = 424<LI>Call Chain = __vfscanf_char &rArr; __vfscanf &rArr; _scanf_real &rArr; _scanf_really_real &rArr; _fp_value &rArr; _btod_etento &rArr; _btod_emul &rArr; _e2e
</UL>
<BR>[Calls]<UL><LI><a href="#[f2]">&gt;&gt;</a>&nbsp;&nbsp;&nbsp;__vfscanf
</UL>
<BR>[Called By]<UL><LI><a href="#[d8]">&gt;&gt;</a>&nbsp;&nbsp;&nbsp;__0sscanf
<LI><a href="#[d7]">&gt;&gt;</a>&nbsp;&nbsp;&nbsp;__vfscanf_char_file
</UL>

<P><STRONG><a name="[44]"></a>_sgetc</STRONG> (Thumb, 30 bytes, Stack size 0 bytes, _sgetc.o(.text))
<BR>[Address Reference Count : 1]<UL><LI> __0sscanf.o(.text)
</UL>
<P><STRONG><a name="[45]"></a>_sbackspace</STRONG> (Thumb, 34 bytes, Stack size 0 bytes, _sgetc.o(.text))
<BR>[Address Reference Count : 1]<UL><LI> __0sscanf.o(.text)
</UL>
<P><STRONG><a name="[d7]"></a>__vfscanf_char_file</STRONG> (Thumb, 16 bytes, Stack size 0 bytes, scanf_char_file.o(.text), UNUSED)
<BR><BR>[Calls]<UL><LI><a href="#[d9]">&gt;&gt;</a>&nbsp;&nbsp;&nbsp;__vfscanf_char
</UL>
<BR>[Called By]<UL><LI><a href="#[9d]">&gt;&gt;</a>&nbsp;&nbsp;&nbsp;scanf
</UL>

<P><STRONG><a name="[f3]"></a>_scanf_mbtowc</STRONG> (Thumb, 276 bytes, Stack size 64 bytes, _scanf_mbtowc.o(.text))
<BR><BR>[Stack]<UL><LI>Max Depth = 88<LI>Call Chain = _scanf_mbtowc &rArr; _mbrtowc &rArr; __rt_ctype_table
</UL>
<BR>[Calls]<UL><LI><a href="#[f4]">&gt;&gt;</a>&nbsp;&nbsp;&nbsp;_mbrtowc
</UL>
<BR>[Called By]<UL><LI><a href="#[f2]">&gt;&gt;</a>&nbsp;&nbsp;&nbsp;__vfscanf
</UL>

<P><STRONG><a name="[f5]"></a>_scanf_wctomb</STRONG> (Thumb, 232 bytes, Stack size 64 bytes, _scanf_wctomb.o(.text))
<BR><BR>[Stack]<UL><LI>Max Depth = 88<LI>Call Chain = _scanf_wctomb &rArr; _wcrtomb &rArr; __rt_ctype_table
</UL>
<BR>[Calls]<UL><LI><a href="#[f6]">&gt;&gt;</a>&nbsp;&nbsp;&nbsp;_wcrtomb
<LI><a href="#[f7]">&gt;&gt;</a>&nbsp;&nbsp;&nbsp;_scanf_wcharmap
</UL>
<BR>[Called By]<UL><LI><a href="#[f2]">&gt;&gt;</a>&nbsp;&nbsp;&nbsp;__vfscanf
</UL>

<P><STRONG><a name="[f8]"></a>_scanf_wstring</STRONG> (Thumb, 208 bytes, Stack size 56 bytes, _scanf_wstr.o(.text))
<BR><BR>[Stack]<UL><LI>Max Depth = 64<LI>Call Chain = _scanf_wstring &rArr; _scanf_wcharmap
</UL>
<BR>[Calls]<UL><LI><a href="#[f7]">&gt;&gt;</a>&nbsp;&nbsp;&nbsp;_scanf_wcharmap
</UL>
<BR>[Called By]<UL><LI><a href="#[f2]">&gt;&gt;</a>&nbsp;&nbsp;&nbsp;__vfscanf
</UL>

<P><STRONG><a name="[f0]"></a>ferror</STRONG> (Thumb, 8 bytes, Stack size 0 bytes, ferror.o(.text))
<BR><BR>[Called By]<UL><LI><a href="#[8f]">&gt;&gt;</a>&nbsp;&nbsp;&nbsp;_printf_char_file
</UL>

<P><STRONG><a name="[f9]"></a>_readbuf</STRONG> (Thumb, 54 bytes, Stack size 16 bytes, filbuf.o(.text), UNUSED)
<BR><BR>[Calls]<UL><LI><a href="#[fa]">&gt;&gt;</a>&nbsp;&nbsp;&nbsp;_sys_read
<LI><a href="#[fb]">&gt;&gt;</a>&nbsp;&nbsp;&nbsp;_seterr
</UL>
<BR>[Called By]<UL><LI><a href="#[fc]">&gt;&gt;</a>&nbsp;&nbsp;&nbsp;__filbuf
</UL>

<P><STRONG><a name="[100]"></a>_seteof</STRONG> (Thumb, 40 bytes, Stack size 0 bytes, filbuf.o(.text), UNUSED)
<BR><BR>[Called By]<UL><LI><a href="#[fc]">&gt;&gt;</a>&nbsp;&nbsp;&nbsp;__filbuf
</UL>

<P><STRONG><a name="[fc]"></a>__filbuf</STRONG> (Thumb, 476 bytes, Stack size 32 bytes, filbuf.o(.text), UNUSED)
<BR><BR>[Calls]<UL><LI><a href="#[fe]">&gt;&gt;</a>&nbsp;&nbsp;&nbsp;_sys_seek
<LI><a href="#[c9]">&gt;&gt;</a>&nbsp;&nbsp;&nbsp;malloc
<LI><a href="#[ff]">&gt;&gt;</a>&nbsp;&nbsp;&nbsp;_flushlinebuffered
<LI><a href="#[fd]">&gt;&gt;</a>&nbsp;&nbsp;&nbsp;_deferredlazyseek
<LI><a href="#[dd]">&gt;&gt;</a>&nbsp;&nbsp;&nbsp;_fflush
<LI><a href="#[fb]">&gt;&gt;</a>&nbsp;&nbsp;&nbsp;_seterr
<LI><a href="#[100]">&gt;&gt;</a>&nbsp;&nbsp;&nbsp;_seteof
<LI><a href="#[f9]">&gt;&gt;</a>&nbsp;&nbsp;&nbsp;_readbuf
</UL>

<P><STRONG><a name="[15a]"></a>__filbuf_byte</STRONG> (Thumb, 0 bytes, Stack size 32 bytes, filbuf.o(.text))
<BR><BR>[Stack]<UL><LI>Max Depth = 32<LI>Call Chain = __filbuf_byte
</UL>
<BR>[Called By]<UL><LI><a href="#[4a]">&gt;&gt;</a>&nbsp;&nbsp;&nbsp;fgetc
</UL>

<P><STRONG><a name="[1c8]"></a>__filbuf_wide</STRONG> (Thumb, 0 bytes, Stack size 32 bytes, filbuf.o(.text), UNUSED)

<P><STRONG><a name="[101]"></a>__flsbuf</STRONG> (Thumb, 470 bytes, Stack size 32 bytes, flsbuf.o(.text), UNUSED)
<BR><BR>[Calls]<UL><LI><a href="#[103]">&gt;&gt;</a>&nbsp;&nbsp;&nbsp;_sys_istty
<LI><a href="#[102]">&gt;&gt;</a>&nbsp;&nbsp;&nbsp;_sys_flen
<LI><a href="#[c9]">&gt;&gt;</a>&nbsp;&nbsp;&nbsp;malloc
<LI><a href="#[fd]">&gt;&gt;</a>&nbsp;&nbsp;&nbsp;_deferredlazyseek
<LI><a href="#[104]">&gt;&gt;</a>&nbsp;&nbsp;&nbsp;_writebuf
<LI><a href="#[fb]">&gt;&gt;</a>&nbsp;&nbsp;&nbsp;_seterr
</UL>

<P><STRONG><a name="[15d]"></a>__flsbuf_byte</STRONG> (Thumb, 0 bytes, Stack size 32 bytes, flsbuf.o(.text))
[...]
<LI><a href="#[17b]">&gt;&gt;</a>&nbsp;&nbsp;&nbsp;_dsub1
</UL>

<P><STRONG><a name="[17d]"></a>__fpl_dcheck_NaN1</STRONG> (Thumb, 10 bytes, Stack size 0 bytes, dcheck1.o(x$fpl$dcheck1))
<BR><BR>[Calls]<UL><LI><a href="#[17e]">&gt;&gt;</a>&nbsp;&nbsp;&nbsp;__fpl_return_NaN
</UL>
<BR>[Called By]<UL><LI><a href="#[14d]">&gt;&gt;</a>&nbsp;&nbsp;&nbsp;__ARM_scalbn
</UL>

<P><STRONG><a name="[181]"></a>__fpl_dcmp_Inf</STRONG> (Thumb, 24 bytes, Stack size 0 bytes, dcmpi.o(x$fpl$dcmpinf), UNUSED)
<BR><BR>[Called By]<UL><LI><a href="#[183]">&gt;&gt;</a>&nbsp;&nbsp;&nbsp;_dcmple
<LI><a href="#[180]">&gt;&gt;</a>&nbsp;&nbsp;&nbsp;_dcmpeq
</UL>

<P><STRONG><a name="[9f]"></a>__aeabi_ddiv</STRONG> (Thumb, 0 bytes, Stack size 32 bytes, ddiv.o(x$fpl$ddiv), UNUSED)
<BR><BR>[Called By]<UL><LI><a href="#[9b]">&gt;&gt;</a>&nbsp;&nbsp;&nbsp;gpsProcessData()
<LI><a href="#[14b]">&gt;&gt;</a>&nbsp;&nbsp;&nbsp;__mathlib_dbl_invalid
</UL>

<P><STRONG><a name="[17f]"></a>_ddiv</STRONG> (Thumb, 552 bytes, Stack size 32 bytes, ddiv.o(x$fpl$ddiv), UNUSED)
<BR><BR>[Calls]<UL><LI><a href="#[17c]">&gt;&gt;</a>&nbsp;&nbsp;&nbsp;__fpl_dretinf
<LI><a href="#[179]">&gt;&gt;</a>&nbsp;&nbsp;&nbsp;__fpl_dnaninf
</UL>

<P><STRONG><a name="[151]"></a>__aeabi_cdcmpeq</STRONG> (Thumb, 0 bytes, Stack size 32 bytes, deqf.o(x$fpl$deqf))
<BR><BR>[Stack]<UL><LI>Max Depth = 32<LI>Call Chain = __aeabi_cdcmpeq
</UL>
<BR>[Called By]<UL><LI><a href="#[153]">&gt;&gt;</a>&nbsp;&nbsp;&nbsp;ldexp
<LI><a href="#[14f]">&gt;&gt;</a>&nbsp;&nbsp;&nbsp;__mathlib_tofloat
</UL>

<P><STRONG><a name="[180]"></a>_dcmpeq</STRONG> (Thumb, 120 bytes, Stack size 32 bytes, deqf.o(x$fpl$deqf), UNUSED)
<BR><BR>[Calls]<UL><LI><a href="#[179]">&gt;&gt;</a>&nbsp;&nbsp;&nbsp;__fpl_dnaninf
<LI><a href="#[181]">&gt;&gt;</a>&nbsp;&nbsp;&nbsp;__fpl_dcmp_Inf
</UL>

<P><STRONG><a name="[a0]"></a>__aeabi_d2iz</STRONG> (Thumb, 0 bytes, Stack size 32 bytes, dfix.o(x$fpl$dfix), UNUSED)
<BR><BR>[Called By]<UL><LI><a href="#[9b]">&gt;&gt;</a>&nbsp;&nbsp;&nbsp;gpsProcessData()
</UL>

<P><STRONG><a name="[182]"></a>_dfix</STRONG> (Thumb, 94 bytes, Stack size 32 bytes, dfix.o(x$fpl$dfix), UNUSED)
<BR><BR>[Calls]<UL><LI><a href="#[179]">&gt;&gt;</a>&nbsp;&nbsp;&nbsp;__fpl_dnaninf
</UL>

<P><STRONG><a name="[1e2]"></a>__aeabi_cdcmple</STRONG> (Thumb, 0 bytes, Stack size 32 bytes, dleqf.o(x$fpl$dleqf), UNUSED)

<P><STRONG><a name="[183]"></a>_dcmple</STRONG> (Thumb, 120 bytes, Stack size 32 bytes, dleqf.o(x$fpl$dleqf), UNUSED)
<BR><BR>[Calls]<UL><LI><a href="#[179]">&gt;&gt;</a>&nbsp;&nbsp;&nbsp;__fpl_dnaninf
<LI><a href="#[181]">&gt;&gt;</a>&nbsp;&nbsp;&nbsp;__fpl_dcmp_Inf
</UL>

<P><STRONG><a name="[186]"></a>__fpl_dcmple_InfNaN</STRONG> (Thumb, 0 bytes, Stack size unknown bytes, dleqf.o(x$fpl$dleqf), UNUSED)
<BR><BR>[Called By]<UL><LI><a href="#[185]">&gt;&gt;</a>&nbsp;&nbsp;&nbsp;_drcmple
</UL>

<P><STRONG><a name="[9e]"></a>__aeabi_dmul</STRONG> (Thumb, 0 bytes, Stack size 32 bytes, dmul.o(x$fpl$dmul), UNUSED)
<BR><BR>[Called By]<UL><LI><a href="#[9b]">&gt;&gt;</a>&nbsp;&nbsp;&nbsp;gpsProcessData()
</UL>

<P><STRONG><a name="[184]"></a>_dmul</STRONG> (Thumb, 332 bytes, Stack size 32 bytes, dmul.o(x$fpl$dmul), UNUSED)
<BR><BR>[Calls]<UL><LI><a href="#[17c]">&gt;&gt;</a>&nbsp;&nbsp;&nbsp;__fpl_dretinf
<LI><a href="#[179]">&gt;&gt;</a>&nbsp;&nbsp;&nbsp;__fpl_dnaninf
</UL>

<P><STRONG><a name="[179]"></a>__fpl_dnaninf</STRONG> (Thumb, 156 bytes, Stack size 16 bytes, dnaninf.o(x$fpl$dnaninf), UNUSED)
<BR><BR>[Called By]<UL><LI><a href="#[184]">&gt;&gt;</a>&nbsp;&nbsp;&nbsp;_dmul
<LI><a href="#[182]">&gt;&gt;</a>&nbsp;&nbsp;&nbsp;_dfix
<LI><a href="#[17f]">&gt;&gt;</a>&nbsp;&nbsp;&nbsp;_ddiv
<LI><a href="#[177]">&gt;&gt;</a>&nbsp;&nbsp;&nbsp;_d2f
<LI><a href="#[15b]">&gt;&gt;</a>&nbsp;&nbsp;&nbsp;_drem
<LI><a href="#[189]">&gt;&gt;</a>&nbsp;&nbsp;&nbsp;_dsub
<LI><a href="#[17a]">&gt;&gt;</a>&nbsp;&nbsp;&nbsp;_dadd
<LI><a href="#[183]">&gt;&gt;</a>&nbsp;&nbsp;&nbsp;_dcmple
<LI><a href="#[180]">&gt;&gt;</a>&nbsp;&nbsp;&nbsp;_dcmpeq
</UL>

<P><STRONG><a name="[15b]"></a>_drem</STRONG> (Thumb, 328 bytes, Stack size 16 bytes, drem_clz.o(x$fpl$drem), UNUSED)
<BR><BR>[Calls]<UL><LI><a href="#[179]">&gt;&gt;</a>&nbsp;&nbsp;&nbsp;__fpl_dnaninf
</UL>
<BR>[Called By]<UL><LI><a href="#[a1]">&gt;&gt;</a>&nbsp;&nbsp;&nbsp;fmod
</UL>

<P><STRONG><a name="[17c]"></a>__fpl_dretinf</STRONG> (Thumb, 12 bytes, Stack size 0 bytes, dretinf.o(x$fpl$dretinf), UNUSED)
<BR><BR>[Called By]<UL><LI><a href="#[18a]">&gt;&gt;</a>&nbsp;&nbsp;&nbsp;_f2d
<LI><a href="#[184]">&gt;&gt;</a>&nbsp;&nbsp;&nbsp;_dmul
<LI><a href="#[17f]">&gt;&gt;</a>&nbsp;&nbsp;&nbsp;_ddiv
<LI><a href="#[17a]">&gt;&gt;</a>&nbsp;&nbsp;&nbsp;_dadd
</UL>

<P><STRONG><a name="[152]"></a>__aeabi_cdrcmple</STRONG> (Thumb, 0 bytes, Stack size 16 bytes, drleqf.o(x$fpl$drleqf))
<BR><BR>[Stack]<UL><LI>Max Depth = 16<LI>Call Chain = __aeabi_cdrcmple
</UL>
<BR>[Called By]<UL><LI><a href="#[14f]">&gt;&gt;</a>&nbsp;&nbsp;&nbsp;__mathlib_tofloat
</UL>

<P><STRONG><a name="[185]"></a>_drcmple</STRONG> (Thumb, 108 bytes, Stack size 16 bytes, drleqf.o(x$fpl$drleqf), UNUSED)
<BR><BR>[Calls]<UL><LI><a href="#[186]">&gt;&gt;</a>&nbsp;&nbsp;&nbsp;__fpl_dcmple_InfNaN
</UL>

<P><STRONG><a name="[15c]"></a>__aeabi_drsub</STRONG> (Thumb, 0 bytes, Stack size 8 bytes, daddsub_clz.o(x$fpl$drsb), UNUSED)
<BR><BR>[Called By]<UL><LI><a href="#[a1]">&gt;&gt;</a>&nbsp;&nbsp;&nbsp;fmod
</UL>

<P><STRONG><a name="[187]"></a>_drsb</STRONG> (Thumb, 22 bytes, Stack size 8 bytes, daddsub_clz.o(x$fpl$drsb), UNUSED)
<BR><BR>[Calls]<UL><LI><a href="#[17b]">&gt;&gt;</a>&nbsp;&nbsp;&nbsp;_dsub1
<LI><a href="#[188]">&gt;&gt;</a>&nbsp;&nbsp;&nbsp;_dadd1
</UL>

<P><STRONG><a name="[1e3]"></a>__aeabi_dsub</STRONG> (Thumb, 0 bytes, Stack size 32 bytes, daddsub_clz.o(x$fpl$dsub), UNUSED)

<P><STRONG><a name="[189]"></a>_dsub</STRONG> (Thumb, 464 bytes, Stack size 32 bytes, daddsub_clz.o(x$fpl$dsub), UNUSED)
<BR><BR>[Calls]<UL><LI><a href="#[179]">&gt;&gt;</a>&nbsp;&nbsp;&nbsp;__fpl_dnaninf
<LI><a href="#[188]">&gt;&gt;</a>&nbsp;&nbsp;&nbsp;_dadd1
</UL>

<P><STRONG><a name="[a5]"></a>__aeabi_f2d</STRONG> (Thumb, 0 bytes, Stack size 16 bytes, f2d.o(x$fpl$f2d), UNUSED)
<BR><BR>[Called By]<UL><LI><a href="#[9b]">&gt;&gt;</a>&nbsp;&nbsp;&nbsp;gpsProcessData()
</UL>

<P><STRONG><a name="[18a]"></a>_f2d</STRONG> (Thumb, 86 bytes, Stack size 16 bytes, f2d.o(x$fpl$f2d), UNUSED)
<BR><BR>[Calls]<UL><LI><a href="#[18b]">&gt;&gt;</a>&nbsp;&nbsp;&nbsp;__fpl_fnaninf
<LI><a href="#[17c]">&gt;&gt;</a>&nbsp;&nbsp;&nbsp;__fpl_dretinf
</UL>

<P><STRONG><a name="[a4]"></a>__aeabi_fadd</STRONG> (Thumb, 0 bytes, Stack size 16 bytes, faddsub_clz.o(x$fpl$fadd))
<BR><BR>[Stack]<UL><LI>Max Depth = 16<LI>Call Chain = __aeabi_fadd
</UL>
<BR>[Called By]<UL><LI><a href="#[9b]">&gt;&gt;</a>&nbsp;&nbsp;&nbsp;gpsProcessData()
<LI><a href="#[168]">&gt;&gt;</a>&nbsp;&nbsp;&nbsp;serial_baud
</UL>

<P><STRONG><a name="[18c]"></a>_fadd</STRONG> (Thumb, 196 bytes, Stack size 16 bytes, faddsub_clz.o(x$fpl$fadd), UNUSED)
<BR><BR>[Calls]<UL><LI><a href="#[18d]">&gt;&gt;</a>&nbsp;&nbsp;&nbsp;_fsub1
<LI><a href="#[178]">&gt;&gt;</a>&nbsp;&nbsp;&nbsp;__fpl_fretinf
<LI><a href="#[18b]">&gt;&gt;</a>&nbsp;&nbsp;&nbsp;__fpl_fnaninf
</UL>

<P><STRONG><a name="[18e]"></a>__fpl_fcheck_NaN1</STRONG> (Thumb, 6 bytes, Stack size 0 bytes, fcheck1.o(x$fpl$fcheck1))
<BR><BR>[Calls]<UL><LI><a href="#[17e]">&gt;&gt;</a>&nbsp;&nbsp;&nbsp;__fpl_return_NaN
</UL>
<BR>[Called By]<UL><LI><a href="#[16b]">&gt;&gt;</a>&nbsp;&nbsp;&nbsp;__ARM_scalbnf
</UL>

<P><STRONG><a name="[192]"></a>__fpl_fcmp_Inf</STRONG> (Thumb, 24 bytes, Stack size 0 bytes, fcmpi.o(x$fpl$fcmpinf), UNUSED)
<BR><BR>[Called By]<UL><LI><a href="#[191]">&gt;&gt;</a>&nbsp;&nbsp;&nbsp;_fcmple
</UL>

<P><STRONG><a name="[16a]"></a>__aeabi_fdiv</STRONG> (Thumb, 0 bytes, Stack size 16 bytes, fdiv.o(x$fpl$fdiv))
<BR><BR>[Stack]<UL><LI>Max Depth = 16<LI>Call Chain = __aeabi_fdiv
</UL>
<BR>[Called By]<UL><LI><a href="#[168]">&gt;&gt;</a>&nbsp;&nbsp;&nbsp;serial_baud
</UL>

<P><STRONG><a name="[18f]"></a>_fdiv</STRONG> (Thumb, 384 bytes, Stack size 16 bytes, fdiv.o(x$fpl$fdiv), UNUSED)
<BR><BR>[Calls]<UL><LI><a href="#[178]">&gt;&gt;</a>&nbsp;&nbsp;&nbsp;__fpl_fretinf
<LI><a href="#[18b]">&gt;&gt;</a>&nbsp;&nbsp;&nbsp;__fpl_fnaninf
</UL>

<P><STRONG><a name="[13e]"></a>__aeabi_f2uiz</STRONG> (Thumb, 0 bytes, Stack size 16 bytes, ffixu.o(x$fpl$ffixu), UNUSED)
<BR><BR>[Called By]<UL><LI><a href="#[92]">&gt;&gt;</a>&nbsp;&nbsp;&nbsp;mbed::Ticker::attach(void(*)(), float)
</UL>

<P><STRONG><a name="[190]"></a>_ffixu</STRONG> (Thumb, 62 bytes, Stack size 16 bytes, ffixu.o(x$fpl$ffixu), UNUSED)
<BR><BR>[Calls]<UL><LI><a href="#[18b]">&gt;&gt;</a>&nbsp;&nbsp;&nbsp;__fpl_fnaninf
</UL>

<P><STRONG><a name="[a3]"></a>__aeabi_i2f</STRONG> (Thumb, 0 bytes, Stack size 0 bytes, fflt_clz.o(x$fpl$fflt))
<BR><BR>[Called By]<UL><LI><a href="#[9b]">&gt;&gt;</a>&nbsp;&nbsp;&nbsp;gpsProcessData()
<LI><a href="#[168]">&gt;&gt;</a>&nbsp;&nbsp;&nbsp;serial_baud
</UL>

<P><STRONG><a name="[1e4]"></a>_fflt</STRONG> (Thumb, 48 bytes, Stack size 0 bytes, fflt_clz.o(x$fpl$fflt), UNUSED)

<P><STRONG><a name="[169]"></a>__aeabi_ui2f</STRONG> (Thumb, 0 bytes, Stack size 0 bytes, fflt_clz.o(x$fpl$ffltu))
<BR><BR>[Called By]<UL><LI><a href="#[168]">&gt;&gt;</a>&nbsp;&nbsp;&nbsp;serial_baud
</UL>

<P><STRONG><a name="[1e5]"></a>_ffltu</STRONG> (Thumb, 38 bytes, Stack size 0 bytes, fflt_clz.o(x$fpl$ffltu), UNUSED)

<P><STRONG><a name="[16d]"></a>__aeabi_cfcmple</STRONG> (Thumb, 0 bytes, Stack size 16 bytes, fleqf.o(x$fpl$fleqf))
<BR><BR>[Stack]<UL><LI>Max Depth = 16<LI>Call Chain = __aeabi_cfcmple
</UL>
<BR>[Called By]<UL><LI><a href="#[168]">&gt;&gt;</a>&nbsp;&nbsp;&nbsp;serial_baud
</UL>

<P><STRONG><a name="[191]"></a>_fcmple</STRONG> (Thumb, 104 bytes, Stack size 16 bytes, fleqf.o(x$fpl$fleqf), UNUSED)
<BR><BR>[Calls]<UL><LI><a href="#[18b]">&gt;&gt;</a>&nbsp;&nbsp;&nbsp;__fpl_fnaninf
<LI><a href="#[192]">&gt;&gt;</a>&nbsp;&nbsp;&nbsp;__fpl_fcmp_Inf
</UL>

<P><STRONG><a name="[1e6]"></a>__fpl_fcmple_InfNaN</STRONG> (Thumb, 0 bytes, Stack size unknown bytes, fleqf.o(x$fpl$fleqf), UNUSED)

<P><STRONG><a name="[13d]"></a>__aeabi_fmul</STRONG> (Thumb, 0 bytes, Stack size 16 bytes, fmul.o(x$fpl$fmul))
<BR><BR>[Stack]<UL><LI>Max Depth = 16<LI>Call Chain = __aeabi_fmul
</UL>
<BR>[Called By]<UL><LI><a href="#[92]">&gt;&gt;</a>&nbsp;&nbsp;&nbsp;mbed::Ticker::attach(void(*)(), float)
<LI><a href="#[168]">&gt;&gt;</a>&nbsp;&nbsp;&nbsp;serial_baud
</UL>

<P><STRONG><a name="[193]"></a>_fmul</STRONG> (Thumb, 258 bytes, Stack size 16 bytes, fmul.o(x$fpl$fmul), UNUSED)
<BR><BR>[Calls]<UL><LI><a href="#[178]">&gt;&gt;</a>&nbsp;&nbsp;&nbsp;__fpl_fretinf
<LI><a href="#[18b]">&gt;&gt;</a>&nbsp;&nbsp;&nbsp;__fpl_fnaninf
</UL>

<P><STRONG><a name="[18b]"></a>__fpl_fnaninf</STRONG> (Thumb, 140 bytes, Stack size 8 bytes, fnaninf.o(x$fpl$fnaninf), UNUSED)
<BR><BR>[Called By]<UL><LI><a href="#[193]">&gt;&gt;</a>&nbsp;&nbsp;&nbsp;_fmul
<LI><a href="#[191]">&gt;&gt;</a>&nbsp;&nbsp;&nbsp;_fcmple
<LI><a href="#[190]">&gt;&gt;</a>&nbsp;&nbsp;&nbsp;_ffixu
<LI><a href="#[18f]">&gt;&gt;</a>&nbsp;&nbsp;&nbsp;_fdiv
<LI><a href="#[194]">&gt;&gt;</a>&nbsp;&nbsp;&nbsp;_fsub
<LI><a href="#[18c]">&gt;&gt;</a>&nbsp;&nbsp;&nbsp;_fadd
<LI><a href="#[18a]">&gt;&gt;</a>&nbsp;&nbsp;&nbsp;_f2d
</UL>

<P><STRONG><a name="[178]"></a>__fpl_fretinf</STRONG> (Thumb, 10 bytes, Stack size 0 bytes, fretinf.o(x$fpl$fretinf), UNUSED)
<BR><BR>[Called By]<UL><LI><a href="#[193]">&gt;&gt;</a>&nbsp;&nbsp;&nbsp;_fmul
<LI><a href="#[18f]">&gt;&gt;</a>&nbsp;&nbsp;&nbsp;_fdiv
<LI><a href="#[18c]">&gt;&gt;</a>&nbsp;&nbsp;&nbsp;_fadd
<LI><a href="#[177]">&gt;&gt;</a>&nbsp;&nbsp;&nbsp;_d2f
</UL>

<P><STRONG><a name="[16c]"></a>__aeabi_fsub</STRONG> (Thumb, 0 bytes, Stack size 16 bytes, faddsub_clz.o(x$fpl$fsub))
<BR><BR>[Stack]<UL><LI>Max Depth = 16<LI>Call Chain = __aeabi_fsub
</UL>
<BR>[Called By]<UL><LI><a href="#[168]">&gt;&gt;</a>&nbsp;&nbsp;&nbsp;serial_baud
</UL>

<P><STRONG><a name="[194]"></a>_fsub</STRONG> (Thumb, 234 bytes, Stack size 16 bytes, faddsub_clz.o(x$fpl$fsub), UNUSED)
<BR><BR>[Calls]<UL><LI><a href="#[195]">&gt;&gt;</a>&nbsp;&nbsp;&nbsp;_fadd1
<LI><a href="#[18b]">&gt;&gt;</a>&nbsp;&nbsp;&nbsp;__fpl_fnaninf
</UL>

<P><STRONG><a name="[17e]"></a>__fpl_return_NaN</STRONG> (Thumb, 100 bytes, Stack size 0 bytes, retnan.o(x$fpl$retnan))
<BR><BR>[Calls]<UL><LI><a href="#[196]">&gt;&gt;</a>&nbsp;&nbsp;&nbsp;__fpl_cmpreturn
</UL>
<BR>[Called By]<UL><LI><a href="#[18e]">&gt;&gt;</a>&nbsp;&nbsp;&nbsp;__fpl_fcheck_NaN1
<LI><a href="#[17d]">&gt;&gt;</a>&nbsp;&nbsp;&nbsp;__fpl_dcheck_NaN1
</UL>

<P><STRONG><a name="[14d]"></a>__ARM_scalbn</STRONG> (Thumb, 92 bytes, Stack size 0 bytes, scalbn.o(x$fpl$scalbn))
<BR><BR>[Calls]<UL><LI><a href="#[17d]">&gt;&gt;</a>&nbsp;&nbsp;&nbsp;__fpl_dcheck_NaN1
</UL>
<BR>[Called By]<UL><LI><a href="#[14e]">&gt;&gt;</a>&nbsp;&nbsp;&nbsp;__mathlib_dbl_underflow
<LI><a href="#[14c]">&gt;&gt;</a>&nbsp;&nbsp;&nbsp;__mathlib_dbl_overflow
<LI><a href="#[153]">&gt;&gt;</a>&nbsp;&nbsp;&nbsp;ldexp
<LI><a href="#[150]">&gt;&gt;</a>&nbsp;&nbsp;&nbsp;frexp
</UL>

<P><STRONG><a name="[16b]"></a>__ARM_scalbnf</STRONG> (Thumb, 76 bytes, Stack size 0 bytes, scalbnf.o(x$fpl$scalbnf))
<BR><BR>[Calls]<UL><LI><a href="#[18e]">&gt;&gt;</a>&nbsp;&nbsp;&nbsp;__fpl_fcheck_NaN1
</UL>
<BR>[Called By]<UL><LI><a href="#[168]">&gt;&gt;</a>&nbsp;&nbsp;&nbsp;serial_baud
</UL>

<P><STRONG><a name="[10d]"></a>_scanf_real</STRONG> (Thumb, 4 bytes, Stack size 0 bytes, scanf1.o(x$fpl$scanf1))
<BR><BR>[Stack]<UL><LI>Max Depth = 328<LI>Call Chain = _scanf_real &rArr; _scanf_really_real &rArr; _fp_value &rArr; _btod_etento &rArr; _btod_emul &rArr; _e2e
</UL>
<BR>[Calls]<UL><LI><a href="#[113]">&gt;&gt;</a>&nbsp;&nbsp;&nbsp;_scanf_really_real
</UL>
<BR>[Called By]<UL><LI><a href="#[f2]">&gt;&gt;</a>&nbsp;&nbsp;&nbsp;__vfscanf
</UL>

<P><STRONG><a name="[115]"></a>_scanf_hex_real</STRONG> (Thumb, 4 bytes, Stack size 0 bytes, scanf2.o(x$fpl$scanf2))
<BR><BR>[Stack]<UL><LI>Max Depth = 144<LI>Call Chain = _scanf_hex_real &rArr; _scanf_really_hex_real &rArr; __support_ldexp &rArr; ldexp &rArr; __aeabi_cdcmpeq
</UL>
<BR>[Calls]<UL><LI><a href="#[11f]">&gt;&gt;</a>&nbsp;&nbsp;&nbsp;_scanf_really_hex_real
</UL>
<BR>[Called By]<UL><LI><a href="#[113]">&gt;&gt;</a>&nbsp;&nbsp;&nbsp;_scanf_really_real
</UL>

<P><STRONG><a name="[114]"></a>_scanf_infnan</STRONG> (Thumb, 4 bytes, Stack size 0 bytes, scanf2.o(x$fpl$scanf2))
<BR><BR>[Stack]<UL><LI>Max Depth = 72<LI>Call Chain = _scanf_infnan &rArr; _scanf_really_infnan
</UL>
<BR>[Calls]<UL><LI><a href="#[197]">&gt;&gt;</a>&nbsp;&nbsp;&nbsp;_scanf_really_infnan
</UL>
<BR>[Called By]<UL><LI><a href="#[113]">&gt;&gt;</a>&nbsp;&nbsp;&nbsp;_scanf_really_real
</UL>

<P><STRONG><a name="[196]"></a>__fpl_cmpreturn</STRONG> (Thumb, 48 bytes, Stack size 0 bytes, trapv.o(x$fpl$trapveneer))
<BR><BR>[Called By]<UL><LI><a href="#[17e]">&gt;&gt;</a>&nbsp;&nbsp;&nbsp;__fpl_return_NaN
</UL>
<P>
<H3>
Local Symbols
</H3>
<P><STRONG><a name="[6e]"></a>__sti___8_main_cpp_Gps</STRONG> (Thumb, 68 bytes, Stack size 16 bytes, main.o(.text))
<BR><BR>[Stack]<UL><LI>Max Depth = 656 + Unknown Stack Size
<LI>Call Chain = __sti___8_main_cpp_Gps &rArr; AjK::MODSERIAL::MODSERIAL(PinName, PinName, int, int, const char*) &rArr; mbed::Serial::Serial(PinName, PinName, const char*) &rArr; mbed::Stream::Stream__sub_object(const char*) &rArr; fopen &rArr; freopen &rArr; _sys_open &rArr; __0sscanf &rArr; __vfscanf_char &rArr; __vfscanf &rArr; _scanf_real &rArr; _scanf_really_real &rArr; _fp_value &rArr; _btod_etento &rArr; _btod_emul &rArr; _e2e
</UL>
<BR>[Calls]<UL><LI><a href="#[bb]">&gt;&gt;</a>&nbsp;&nbsp;&nbsp;mbed::Timeout::Timeout()
<LI><a href="#[b9]">&gt;&gt;</a>&nbsp;&nbsp;&nbsp;AjK::MODSERIAL::MODSERIAL(PinName, PinName, int, int, const char*)
<LI><a href="#[ba]">&gt;&gt;</a>&nbsp;&nbsp;&nbsp;__aeabi_atexit
</UL>
<BR>[Address Reference Count : 1]<UL><LI> main.o(.init_array)
</UL>
<P><STRONG><a name="[c8]"></a>NVIC_EnableIRQ(IRQn)</STRONG> (Thumb, 22 bytes, Stack size 0 bytes, modserial.o(.text))
<BR><BR>[Called By]<UL><LI><a href="#[c7]">&gt;&gt;</a>&nbsp;&nbsp;&nbsp;AjK::MODSERIAL::enableIrq()
</UL>

<P><STRONG><a name="[c4]"></a>NVIC_DisableIRQ(IRQn)</STRONG> (Thumb, 18 bytes, Stack size 0 bytes, modserial.o(.text))
<BR><BR>[Called By]<UL><LI><a href="#[c3]">&gt;&gt;</a>&nbsp;&nbsp;&nbsp;AjK::MODSERIAL::disableIrq()
</UL>

<P><STRONG><a name="[128]"></a>init_serial()</STRONG> (Thumb, 20 bytes, Stack size 0 bytes, retarget.o(i._Z11init_serialv))
<BR><BR>[Stack]<UL><LI>Max Depth = 248 + Unknown Stack Size
<LI>Call Chain = init_serial() &rArr; serial_init &rArr; serial_baud &rArr; __2fprintf &rArr; _printf_char_file &rArr; _printf_char_common &rArr; __printf
</UL>
<BR>[Calls]<UL><LI><a href="#[129]">&gt;&gt;</a>&nbsp;&nbsp;&nbsp;serial_init
</UL>
<BR>[Called By]<UL><LI><a href="#[106]">&gt;&gt;</a>&nbsp;&nbsp;&nbsp;_sys_write
<LI><a href="#[e2]">&gt;&gt;</a>&nbsp;&nbsp;&nbsp;_sys_open
</UL>

<P><STRONG><a name="[171]"></a>uart_irq</STRONG> (Thumb, 34 bytes, Stack size 0 bytes, serial_api.o(i.uart_irq))
<BR><BR>[Called By]<UL><LI><a href="#[53]">&gt;&gt;</a>&nbsp;&nbsp;&nbsp;uart3_irq
<LI><a href="#[52]">&gt;&gt;</a>&nbsp;&nbsp;&nbsp;uart2_irq
<LI><a href="#[51]">&gt;&gt;</a>&nbsp;&nbsp;&nbsp;uart1_irq
<LI><a href="#[50]">&gt;&gt;</a>&nbsp;&nbsp;&nbsp;uart0_irq
</UL>

<P><STRONG><a name="[163]"></a>gpio_write</STRONG> (Thumb, 14 bytes, Stack size 0 bytes, board.o(i.gpio_write))
<BR><BR>[Called By]<UL><LI><a href="#[159]">&gt;&gt;</a>&nbsp;&nbsp;&nbsp;mbed_die
</UL>

<P><STRONG><a name="[4d]"></a>&lang;Func1&rang;</STRONG> (Thumb, 6 bytes, Stack size 0 bytes, SerialBase.o(i.<Func1>))
<BR><BR>[Calls]<UL><LI><a href="#[127]">&gt;&gt;</a>&nbsp;&nbsp;&nbsp;mbed::FunctionPointer::FunctionPointer(void(*)())
</UL>
<BR>[Address Reference Count : 1]<UL><LI> SerialBase.o(i._ZN4mbed10SerialBaseC1E7PinNameS1_)
</UL>
<P><STRONG><a name="[195]"></a>_fadd1</STRONG> (Thumb, 0 bytes, Stack size unknown bytes, faddsub_clz.o(x$fpl$fadd), UNUSED)
<BR><BR>[Called By]<UL><LI><a href="#[194]">&gt;&gt;</a>&nbsp;&nbsp;&nbsp;_fsub
</UL>

<P><STRONG><a name="[18d]"></a>_fsub1</STRONG> (Thumb, 0 bytes, Stack size unknown bytes, faddsub_clz.o(x$fpl$fsub), UNUSED)
<BR><BR>[Called By]<UL><LI><a href="#[18c]">&gt;&gt;</a>&nbsp;&nbsp;&nbsp;_fadd
</UL>

<P><STRONG><a name="[46]"></a>_printf_input_char</STRONG> (Thumb, 10 bytes, Stack size 0 bytes, _printf_char_common.o(.text))
<BR>[Address Reference Count : 1]<UL><LI> _printf_char_common.o(.text)
</UL>
<P><STRONG><a name="[48]"></a>_scanf_char_input</STRONG> (Thumb, 12 bytes, Stack size 0 bytes, scanf_char.o(.text))
<BR>[Address Reference Count : 1]<UL><LI> scanf_char.o(.text)
</UL>
<P><STRONG><a name="[188]"></a>_dadd1</STRONG> (Thumb, 0 bytes, Stack size unknown bytes, daddsub_clz.o(x$fpl$dadd), UNUSED)
<BR><BR>[Called By]<UL><LI><a href="#[189]">&gt;&gt;</a>&nbsp;&nbsp;&nbsp;_dsub
<LI><a href="#[187]">&gt;&gt;</a>&nbsp;&nbsp;&nbsp;_drsb
</UL>

<P><STRONG><a name="[17b]"></a>_dsub1</STRONG> (Thumb, 0 bytes, Stack size unknown bytes, daddsub_clz.o(x$fpl$dsub), UNUSED)
<BR><BR>[Called By]<UL><LI><a href="#[187]">&gt;&gt;</a>&nbsp;&nbsp;&nbsp;_drsb
<LI><a href="#[17a]">&gt;&gt;</a>&nbsp;&nbsp;&nbsp;_dadd
</UL>

<P><STRONG><a name="[10f]"></a>_fp_value</STRONG> (Thumb, 508 bytes, Stack size 88 bytes, scanf_fp.o(.text))
<BR><BR>[Stack]<UL><LI>Max Depth = 208<LI>Call Chain = _fp_value &rArr; _btod_etento &rArr; _btod_emul &rArr; _e2e
</UL>
<BR>[Calls]<UL><LI><a href="#[111]">&gt;&gt;</a>&nbsp;&nbsp;&nbsp;_btod_emuld
<LI><a href="#[112]">&gt;&gt;</a>&nbsp;&nbsp;&nbsp;_btod_edivd
<LI><a href="#[110]">&gt;&gt;</a>&nbsp;&nbsp;&nbsp;_btod_etento
<LI><a href="#[ee]">&gt;&gt;</a>&nbsp;&nbsp;&nbsp;__aeabi_errno_addr
</UL>
<BR>[Called By]<UL><LI><a href="#[113]">&gt;&gt;</a>&nbsp;&nbsp;&nbsp;_scanf_really_real
</UL>
<P>
<H3>
Undefined Global Symbols
</H3><HR></body></html>
