Component: ARM Compiler 5.05 update 2 (build 169) Tool: armlink [4d0f33]

==============================================================================

Section Cross References

    main.o(.text) refers to main.o(i._ZN4mbed6Ticker6attachEPFvvEf) for mbed::Ticker::attach(void(*)(), float)
    main.o(.text) refers to Stream.o(i._ZN4mbed6Stream4putcEi) for mbed::Stream::putc(int)
    main.o(.text) refers to main.o(i._ZN3AjK9MODSERIAL8readableEv) for AjK::MODSERIAL::readable()
    main.o(.text) refers to main.o(i._ZN3AjK9MODSERIAL4getcEv) for AjK::MODSERIAL::getc()
    main.o(.text) refers to main.o(i._ZSt6strchrPci) for std::strchr(char*, int)
    main.o(.text) refers to scanf.o(.text) for scanf
    main.o(.text) refers to dmul.o(x$fpl$dmul) for __aeabi_dmul
    main.o(.text) refers to ddiv.o(x$fpl$ddiv) for __aeabi_ddiv
    main.o(.text) refers to dfix.o(x$fpl$dfix) for __aeabi_d2iz
    main.o(.text) refers to fmod.o(i.fmod) for fmod
    main.o(.text) refers to d2f.o(x$fpl$d2f) for __aeabi_d2f
    main.o(.text) refers to fflt_clz.o(x$fpl$fflt) for __aeabi_i2f
    main.o(.text) refers to faddsub_clz.o(x$fpl$fadd) for __aeabi_fadd
    main.o(.text) refers to f2d.o(x$fpl$f2d) for __aeabi_f2d
    main.o(.text) refers to main.o(.data) for gpsTimeoutStatus
    main.o(.text) refers to main.o(.bss) for gpsTimeout
    main.o(.text) refers to main.o(.constdata) for UbxCfgRxmMPM
    main.o(.text) refers to rt_memclr_w.o(.text) for __aeabi_memclr4
    main.o(.text) refers to strncmp.o(.text) for strncmp
    main.o(.text) refers to task1.o(.text) for Task1_Init()
    main.o(.text) refers to task2.o(.text) for Task2_Init()
    main.o(.text) refers to task3.o(.text) for Task3_Init()
    main.o(.text) refers to task4.o(.text) for Task4_Init()
    main.o(.text) refers to wait_api.o(i.wait_ms) for wait_ms
    main.o(.text) refers to modserial.o(.text) for AjK::MODSERIAL::MODSERIAL(PinName, PinName, int, int, const char*)
    main.o(.text) refers to aeabi_atexit.o(i.__aeabi_atexit) for __aeabi_atexit
    main.o(.text) refers to main.o(i._ZN4mbed7TimeoutC1Ev) for mbed::Timeout::Timeout()
    main.o(.text) refers to Timeout.o(i._ZN4mbed7TimeoutD1Ev) for mbed::Timeout::~Timeout()
    main.o(.ARM.exidx) refers to main.o(.text) for .text
    main.o(.init_array) refers to main.o(.text) for __sti___8_main_cpp_Gps
    main.o(.init_array) refers to init_aeabi.o(.text) for __cpp_initialize__aeabi_
    task1.o(.text) refers to task1.o(.data) for task1St
    task1.o(.ARM.exidx) refers to task1.o(.text) for .text
    task2.o(.text) refers to task2.o(.data) for task2St
    task2.o(.ARM.exidx) refers to task2.o(.text) for .text
    task3.o(.text) refers to task3.o(.data) for task3St
    task3.o(.ARM.exidx) refers to task3.o(.text) for .text
    task4.o(.text) refers to task4.o(.data) for task4St
    task4.o(.ARM.exidx) refers to task4.o(.text) for .text
    resize.o(.text) refers to _printf_percent.o(.ARM.Collect$$_printf_percent$$00000000) for _printf_percent
    resize.o(.text) refers to _printf_s.o(.ARM.Collect$$_printf_percent$$00000014) for _printf_s
    resize.o(.text) refers to _printf_str.o(.text) for _printf_str
    resize.o(.text) refers to h1_alloc.o(.text) for malloc
    resize.o(.text) refers to __2fprintf.o(.text) for __2fprintf
    resize.o(.text) refers to exit.o(i.exit) for exit
    resize.o(.text) refers to getc.o(.text) for AjK::MODSERIAL::__getc(bool)
    resize.o(.text) refers to h1_free.o(.text) for free
    resize.o(.text) refers to modserial.o(.text) for AjK::MODSERIAL::disableIrq()
    resize.o(.text) refers to stdio_streams.o(.bss) for __stderr
    resize.o(.ARM.exidx) refers to resize.o(.text) for .text
    putc.o(.text) refers to isr_tx.o(.text) for AjK::MODSERIAL::isr_tx(bool)
    putc.o(.text) refers to putc.o(i._ZN3AjK18MODSERIAL_callback4callEPNS_18MODSERIAL_IRQ_INFOE) for AjK::MODSERIAL_callback::call(AjK::MODSERIAL_IRQ_INFO*)
    putc.o(.ARM.exidx) refers to putc.o(.text) for .text
    modserial_irq_info.o(.text) refers to modserial.o(.text) for AjK::MODSERIAL::rxDiscardLastChar()
    modserial_irq_info.o(.ARM.exidx) refers to modserial_irq_info.o(.text) for .text
    modserial.o(.text) refers to Serial.o(i._ZN4mbed6SerialC1E7PinNameS1_PKc) for mbed::Serial::Serial(PinName, PinName, const char*)
    modserial.o(.text) refers to modserial.o(i._ZN3AjK18MODSERIAL_IRQ_INFOC1Ev) for AjK::MODSERIAL_IRQ_INFO::MODSERIAL_IRQ_INFO()
    modserial.o(.text) refers to aeabi_vec_ctor_nocookie_nodtor.o(i.__aeabi_vec_ctor_nocookie_nodtor) for __aeabi_vec_ctor_nocookie_nodtor
    modserial.o(.text) refers to init.o(.text) for AjK::MODSERIAL::init(int, int)
    modserial.o(.text) refers to h1_free.o(.text) for free
    modserial.o(.text) refers to Stream.o(i._ZN4mbed6StreamD2Ev) for mbed::Stream::~Stream__sub_object()
    modserial.o(.text) refers to delete.o(i._ZdlPv) for operator delete (void*)
    modserial.o(.text) refers to modserial.o(.constdata__ZTVN3AjK9MODSERIALE) for vtable for AjK::MODSERIAL
[...]
    gpsConfig()                              0x00000423   Thumb Code    44  main.o(.text)
    realDataGpsTimeoutHandler()              0x0000044f   Thumb Code    16  main.o(.text)
    gpsProcessData()                         0x0000045f   Thumb Code   602  main.o(.text)
    fakeGpsRmc()                             0x000006b9   Thumb Code    34  main.o(.text)
    gpsGetRmc()                              0x000006db   Thumb Code   462  main.o(.text)
    fakeGpsData()                            0x000008a9   Thumb Code    38  main.o(.text)
    gpsProcess()                             0x000008cf   Thumb Code    60  main.o(.text)
    EnInterrupts()                           0x0000090b   Thumb Code     2  main.o(.text)
    Mcu_Init()                               0x0000090d   Thumb Code     2  main.o(.text)
    $Super$$main                             0x0000090f   Thumb Code    52  main.o(.text)
    AjK::MODSERIAL::__putc(int, bool)        0x000009e5   Thumb Code   212  putc.o(.text)
    AjK::MODSERIAL::MODSERIAL(PinName, PinName, const char*) 0x00000ab9   Thumb Code    82  modserial.o(.text)
    AjK::MODSERIAL::MODSERIAL__sub_object(PinName, PinName, const char*) 0x00000ab9   Thumb Code     0  modserial.o(.text)
    AjK::MODSERIAL::MODSERIAL(PinName, PinName, int, const char*) 0x00000b0b   Thumb Code    84  modserial.o(.text)
    AjK::MODSERIAL::MODSERIAL__sub_object(PinName, PinName, int, const char*) 0x00000b0b   Thumb Code     0  modserial.o(.text)
    AjK::MODSERIAL::MODSERIAL(PinName, PinName, int, int, const char*) 0x00000b5f   Thumb Code    84  modserial.o(.text)
    AjK::MODSERIAL::MODSERIAL__sub_object(PinName, PinName, int, int, const char*) 0x00000b5f   Thumb Code     0  modserial.o(.text)
    AjK::MODSERIAL::disableIrq()             0x00000bb3   Thumb Code    58  modserial.o(.text)
    AjK::MODSERIAL::~MODSERIAL()             0x00000bed   Thumb Code    52  modserial.o(.text)
    AjK::MODSERIAL::~MODSERIAL__sub_object() 0x00000bed   Thumb Code     0  modserial.o(.text)
    AjK::MODSERIAL::~MODSERIAL__deallocating() 0x00000c21   Thumb Code    18  modserial.o(.text)
    thunk{-4} to AjK::MODSERIAL::~MODSERIAL__deallocating() 0x00000c33   Thumb Code    14  modserial.o(.text)
    thunk{-4} to AjK::MODSERIAL::~MODSERIAL() 0x00000c41   Thumb Code    14  modserial.o(.text)
    AjK::MODSERIAL::txBufferFull()           0x00000c4f   Thumb Code    22  modserial.o(.text)
    AjK::MODSERIAL::rxBufferFull()           0x00000c65   Thumb Code    22  modserial.o(.text)
    AjK::MODSERIAL::txBufferEmpty()          0x00000c7b   Thumb Code    16  modserial.o(.text)
    AjK::MODSERIAL::rxBufferEmpty()          0x00000c8b   Thumb Code    16  modserial.o(.text)
    AjK::MODSERIAL::txIsBusy()               0x00000c9b   Thumb Code     6  modserial.o(.text)
    AjK::MODSERIAL::rxDiscardLastChar()      0x00000ca1   Thumb Code    46  modserial.o(.text)
    AjK::MODSERIAL::enableIrq()              0x00000ccf   Thumb Code    58  modserial.o(.text)
    AjK::MODSERIAL::isr_rx()                 0x00000d3d   Thumb Code   168  isr_rx.o(.text)
    AjK::MODSERIAL::init(int, int)           0x00000de5   Thumb Code   232  init.o(.text)
    AjK::MODSERIAL::__getc(bool)             0x00000f19   Thumb Code   146  getc.o(.text)
    malloc                                   0x00000fab   Thumb Code    94  h1_alloc.o(.text)
    free                                     0x00001009   Thumb Code    78  h1_free.o(.text)
    __2sprintf                               0x00001059   Thumb Code    38  __2sprintf.o(.text)
    _printf_int_dec                          0x00001085   Thumb Code   104  _printf_dec.o(.text)
    _printf_longlong_hex                     0x000010fd   Thumb Code    86  _printf_hex_int_ll_ptr.o(.text)
    _printf_int_hex                          0x00001153   Thumb Code    28  _printf_hex_int_ll_ptr.o(.text)
    _printf_ll_hex                           0x0000116f   Thumb Code    12  _printf_hex_int_ll_ptr.o(.text)
    _printf_hex_ptr                          0x0000117b   Thumb Code    18  _printf_hex_int_ll_ptr.o(.text)
    __printf                                 0x00001191   Thumb Code   388  __printf_flags_ss_wp.o(.text)
    scanf                                    0x00001319   Thumb Code    26  scanf.o(.text)
    __0sscanf                                0x00001339   Thumb Code    52  __0sscanf.o(.text)
    _scanf_int                               0x00001375   Thumb Code   332  _scanf_int.o(.text)
    _do_fflush                               0x000014c1   Thumb Code    54  fflush.o(.text)
    fflush                                   0x000014f7   Thumb Code    42  fflush.o(.text)
    freopen                                  0x00001525   Thumb Code   158  fopen.o(.text)
    fopen                                    0x000015c3   Thumb Code    74  fopen.o(.text)
    setbuf                                   0x00001611   Thumb Code    20  setbuf.o(.text)
    _fclose_internal                         0x00001625   Thumb Code    76  fclose.o(.text)
    fclose                                   0x00001625   Thumb Code     0  fclose.o(.text)
    strchr                                   0x00001671   Thumb Code    20  strchr.o(.text)
    strlen                                   0x00001685   Thumb Code    62  strlen.o(.text)
    strncmp                                  0x000016c3   Thumb Code   150  strncmp.o(.text)
    __aeabi_memclr4                          0x00001759   Thumb Code     0  rt_memclr_w.o(.text)
    __aeabi_memclr8                          0x00001759   Thumb Code     0  rt_memclr_w.o(.text)
    __rt_memclr_w                            0x00001759   Thumb Code    78  rt_memclr_w.o(.text)
    _memset_w                                0x0000175d   Thumb Code     0  rt_memclr_w.o(.text)
    strcmp                                   0x000017a9   Thumb Code   128  strcmpv7m.o(.text)
    __cpp_initialize__aeabi_                 0x00001829   Thumb Code    26  init_aeabi.o(.text)
    __rt_ddtor_pointer_addr                  0x0000184d   Thumb Code     8  rt_ddtor_pointer_addr.o(.text)
    __use_no_heap                            0x00001855   Thumb Code     2  hguard.o(.text)
    __heap$guard                             0x00001857   Thumb Code     2  hguard.o(.text)
    _terminate_user_alloc                    0x00001859   Thumb Code     2  init_alloc.o(.text)
    _init_user_alloc                         0x0000185b   Thumb Code     2  init_alloc.o(.text)
    __Heap_Full                              0x0000185d   Thumb Code    34  init_alloc.o(.text)
    __Heap_Broken                            0x0000187f   Thumb Code     6  init_alloc.o(.text)
    _init_alloc                              0x00001885   Thumb Code    94  init_alloc.o(.text)
    __Heap_Initialize                        0x000018e3   Thumb Code    10  h1_init.o(.text)
    __Heap_DescSize                          0x000018ed   Thumb Code     4  h1_init.o(.text)
    __read_errno                             0x000018f1   Thumb Code    10  _rserrno.o(.text)
    __set_errno                              0x000018fb   Thumb Code    12  _rserrno.o(.text)
    _printf_int_common                       0x00001907   Thumb Code   178  _printf_intcommon.o(.text)
    _printf_char_common                      0x000019c3   Thumb Code    32  _printf_char_common.o(.text)
    _sputc                                   0x000019e9   Thumb Code    10  _sputc.o(.text)
    _printf_char_file                        0x000019f5   Thumb Code    32  _printf_char_file.o(.text)
    _chval                                   0x00001a19   Thumb Code    28  _chval.o(.text)
    _scanf_longlong                          0x00001a35   Thumb Code   342  _scanf_longlong.o(.text)
    _scanf_string                            0x00001b8b   Thumb Code   224  _scanf_str.o(.text)
    __vfscanf_char                           0x00001c79   Thumb Code    24  scanf_char.o(.text)
    _sgetc                                   0x00001c99   Thumb Code    30  _sgetc.o(.text)
    _sbackspace                              0x00001cb7   Thumb Code    34  _sgetc.o(.text)
    __vfscanf_char_file                      0x00001cd9   Thumb Code    16  scanf_char_file.o(.text)
    _scanf_mbtowc                            0x00001cf1   Thumb Code   276  _scanf_mbtowc.o(.text)
    _scanf_wctomb                            0x00001e05   Thumb Code   232  _scanf_wctomb.o(.text)
    _scanf_wstring                           0x00001eed   Thumb Code   208  _scanf_wstr.o(.text)
    ferror                                   0x00001fbd   Thumb Code     8  ferror.o(.text)
    _readbuf                                 0x00001fc5   Thumb Code    54  filbuf.o(.text)
    _seteof                                  0x00001ffb   Thumb Code    40  filbuf.o(.text)
    __filbuf                                 0x00002023   Thumb Code   476  filbuf.o(.text)
    __filbuf_byte                            0x00002023   Thumb Code     0  filbuf.o(.text)
    __filbuf_wide                            0x00002023   Thumb Code     0  filbuf.o(.text)
    __flsbuf                                 0x000021ff   Thumb Code   470  flsbuf.o(.text)
    __flsbuf_byte                            0x000021ff   Thumb Code     0  flsbuf.o(.text)
    __flsbuf_wide                            0x000021ff   Thumb Code     0  flsbuf.o(.text)
    _fseek                                   0x000023d5   Thumb Code   242  fseek.o(.text)
    fseek                                    0x000023d5   Thumb Code     0  fseek.o(.text)
    setvbuf                                  0x000024cd   Thumb Code    70  setvbuf.o(.text)
    _seterr                                  0x00002515   Thumb Code    20  stdio.o(.text)
    _writebuf                                0x00002529   Thumb Code    84  stdio.o(.text)
    _fflush                                  0x0000257d   Thumb Code    70  stdio.o(.text)
    _deferredlazyseek                        0x000025c3   Thumb Code    60  stdio.o(.text)
    _initio                                  0x00002605   Thumb Code   210  initio.o(.text)
    _terminateio                             0x000026d7   Thumb Code    56  initio.o(.text)
    __rt_SIGPVFN                             0x0000273d   Thumb Code    14  defsig_pvfn_outer.o(.text)
    __aeabi_errno_addr                       0x0000274d   Thumb Code     8  rt_errno_addr.o(.text)
    __errno                                  0x0000274d   Thumb Code     0  rt_errno_addr.o(.text)
    __rt_errno_addr                          0x0000274d   Thumb Code     0  rt_errno_addr.o(.text)
    __Heap_ProvideMemory                     0x00002755   Thumb Code    52  h1_extend.o(.text)
    isspace                                  0x00002789   Thumb Code    18  isspace.o(.text)
    __vfscanf                                0x0000279d   Thumb Code   878  _scanf.o(.text)
    _scanf_really_real                       0x00002d0d   Thumb Code   668  scanf_fp.o(.text)
    _scanf_wcharmap                          0x00002fb5   Thumb Code    30  _scanf_wcharmap.o(.text)
    ___backspace$unlocked                    0x00002fd3   Thumb Code     2  backspace.o(.text)
    __backspace                              0x00002fd5   Thumb Code    70  backspace.o(.text)
    _ftell_internal                          0x0000301b   Thumb Code    66  ftell.o(.text)
    ftell                                    0x0000301b   Thumb Code     0  ftell.o(.text)
    _flushlinebuffered                       0x0000305d   Thumb Code    50  flushlinebuffered.o(.text)
    _mbrtowc                                 0x00003095   Thumb Code    60  _mbrtowc.o(.text)
    _wcrtomb                                 0x000030d1   Thumb Code    64  _wcrtomb.o(.text)
    __sig_exit                               0x00003111   Thumb Code    10  defsig_exit.o(.text)
    __rt_SIGRTRED                            0x0000311b   Thumb Code    14  defsig_rtred_outer.o(.text)
    __rt_SIGRTMEM                            0x00003129   Thumb Code    14  defsig_rtmem_outer.o(.text)
    __rt_SIGPVFN_inner                       0x00003139   Thumb Code    14  defsig_pvfn_inner.o(.text)
    __rt_heap_escrow                         0x00003169   Thumb Code    22  heapauxa.o(.text)
    __rt_heap_expand                         0x0000317f   Thumb Code    52  heapauxa.o(.text)
    _sys_exit                                0x000031b9   Thumb Code     8  sys_exit.o(.text)
    __rt_ctype_table                         0x000031c5   Thumb Code    16  rt_ctype_table.o(.text)
    __rt_locale                              0x000031d5   Thumb Code     8  rt_locale.o(.text)
    _btod_etento                             0x000031dd   Thumb Code   216  bigflt0.o(.text)
    _ungetc_internal                         0x000032b9   Thumb Code    60  ungetc.o(.text)
    ungetc                                   0x000032b9   Thumb Code     0  ungetc.o(.text)
    __default_signal_display                 0x00003301   Thumb Code    50  defsig_general.o(.text)
    __rt_SIGRTRED_inner                      0x00003335   Thumb Code    14  defsig_rtred_inner.o(.text)
    __rt_SIGRTMEM_inner                      0x00003369   Thumb Code    22  defsig_rtmem_inner.o(.text)
    _ttywrch                                 0x000033b9   Thumb Code    14  sys_wrch.o(.text)
    __I$use$semihosting                      0x000033c7   Thumb Code     0  use_no_semi.o(.text)
    __use_no_semihosting_swi                 0x000033c7   Thumb Code     2  use_no_semi.o(.text)
    __semihosting_library_function           0x000033c9   Thumb Code     0  indicate_semi.o(.text)
    _scanf_really_hex_real                   0x000033c9   Thumb Code   778  scanf_hexfp.o(.text)
    _scanf_really_infnan                     0x000036e1   Thumb Code   292  scanf_infnan.o(.text)
    __aeabi_llsl                             0x00003815   Thumb Code     0  llshl.o(.text)
    _ll_shift_l                              0x00003815   Thumb Code    38  llshl.o(.text)
    __btod_div_common                        0x0000383b   Thumb Code   696  btod.o(CL$$btod_div_common)
    _e2d                                     0x00003b75   Thumb Code    80  btod.o(CL$$btod_e2d)
    _e2e                                     0x00003bc9   Thumb Code   198  btod.o(CL$$btod_e2e)
    _btod_ediv                               0x00003c8f   Thumb Code    40  btod.o(CL$$btod_ediv)
    _btod_edivd                              0x00003cb7   Thumb Code    40  btod.o(CL$$btod_edivd)
    _btod_emul                               0x00003cdf   Thumb Code    40  btod.o(CL$$btod_emul)
    _btod_emuld                              0x00003d07   Thumb Code    40  btod.o(CL$$btod_emuld)
    __btod_mult_common                       0x00003d2f   Thumb Code   580  btod.o(CL$$btod_mult_common)
    main                                     0x00003f73   Thumb Code    14  retarget.o(i.$Sub$$main)
    NVIC_SetVector                           0x00003f89   Thumb Code    42  cmsis_nvic.o(i.NVIC_SetVector)
    SystemInit                               0x00003fb9   Thumb Code   146  system_LPC17xx.o(i.SystemInit)
    AjK::MODSERIAL_IRQ_INFO::MODSERIAL_IRQ_INFO() 0x00004075   Thumb Code     6  modserial.o(i._ZN3AjK18MODSERIAL_IRQ_INFOC1Ev)
    AjK::MODSERIAL_IRQ_INFO::MODSERIAL_IRQ_INFO__sub_object() 0x00004075   Thumb Code     0  modserial.o(i._ZN3AjK18MODSERIAL_IRQ_INFOC1Ev)
    AjK::MODSERIAL_callback::call(AjK::MODSERIAL_IRQ_INFO*) 0x0000407b   Thumb Code    86  putc.o(i._ZN3AjK18MODSERIAL_callback4callEPNS_18MODSERIAL_IRQ_INFOE)
    AjK::MODSERIAL_callback::MODSERIAL_callback() 0x000040d1   Thumb Code    16  modserial.o(i._ZN3AjK18MODSERIAL_callbackC1Ev)
    AjK::MODSERIAL_callback::MODSERIAL_callback__sub_object() 0x000040d1   Thumb Code     0  modserial.o(i._ZN3AjK18MODSERIAL_callbackC1Ev)
    AjK::MODSERIAL::getc()                   0x000040e5   Thumb Code    14  main.o(i._ZN3AjK9MODSERIAL4getcEv)
    AjK::MODSERIAL::_getc()                  0x000040f3   Thumb Code    14  modserial.o(i._ZN3AjK9MODSERIAL5_getcEv)
    AjK::MODSERIAL::_putc(int)               0x00004101   Thumb Code    18  modserial.o(i._ZN3AjK9MODSERIAL5_putcEi)
    AjK::MODSERIAL::isr_tx()                 0x00004113   Thumb Code    14  init.o(i._ZN3AjK9MODSERIAL6isr_txEv)
    AjK::MODSERIAL::readable()               0x00004121   Thumb Code    16  main.o(i._ZN3AjK9MODSERIAL8readableEv)
    mbed::FileHandle::flen()                 0x00004131   Thumb Code    58  retarget.o(i._ZN4mbed10FileHandle4flenEv)
    mbed::FileHandle::~FileHandle()          0x0000416d   Thumb Code     0  retarget.o(i._ZN4mbed10FileHandleD2Ev)
    mbed::FileHandle::~FileHandle__sub_object() 0x0000416d   Thumb Code    32  retarget.o(i._ZN4mbed10FileHandleD2Ev)
    mbed::SerialBase::_base_getc()           0x00004195   Thumb Code     4  SerialBase.o(i._ZN4mbed10SerialBase10_base_getcEv)
    mbed::SerialBase::_base_putc(int)        0x00004199   Thumb Code    12  SerialBase.o(i._ZN4mbed10SerialBase10_base_putcEi)
    mbed::SerialBase::_irq_handler(unsigned, SerialIrq) 0x000041a5   Thumb Code    14  SerialBase.o(i._ZN4mbed10SerialBase12_irq_handlerEj9SerialIrq)
    mbed::SerialBase::SerialBase(PinName, PinName) 0x000041b5   Thumb Code    52  SerialBase.o(i._ZN4mbed10SerialBaseC1E7PinNameS1_)
    mbed::SerialBase::SerialBase__sub_object(PinName, PinName) 0x000041b5   Thumb Code     0  SerialBase.o(i._ZN4mbed10SerialBaseC1E7PinNameS1_)
    mbed::TimerEvent::irq(unsigned)          0x000041f1   Thumb Code     6  TimerEvent.o(i._ZN4mbed10TimerEvent3irqEj)
    mbed::TimerEvent::insert(unsigned)       0x000041f7   Thumb Code     8  TimerEvent.o(i._ZN4mbed10TimerEvent6insertEj)
    mbed::TimerEvent::remove()               0x000041ff   Thumb Code     6  TimerEvent.o(i._ZN4mbed10TimerEvent6removeEv)
    mbed::TimerEvent::TimerEvent__sub_object() 0x00004205   Thumb Code    18  TimerEvent.o(i._ZN4mbed10TimerEventC2Ev)
    mbed::TimerEvent::~TimerEvent()          0x00004221   Thumb Code     0  TimerEvent.o(i._ZN4mbed10TimerEventD2Ev)
    mbed::TimerEvent::~TimerEvent__sub_object() 0x00004221   Thumb Code    18  TimerEvent.o(i._ZN4mbed10TimerEventD2Ev)
    mbed::FunctionPointer::call()            0x00004239   Thumb Code    24  FunctionPointer.o(i._ZN4mbed15FunctionPointer4callEv)
    mbed::FunctionPointer::attach(void(*)()) 0x00004251   Thumb Code     8  FunctionPointer.o(i._ZN4mbed15FunctionPointer6attachEPFvvE)
    mbed::FunctionPointer::FunctionPointer(void(*)()) 0x00004259   Thumb Code     8  FunctionPointer.o(i._ZN4mbed15FunctionPointerC1EPFvvE)
    mbed::FunctionPointer::FunctionPointer__sub_object(void(*)()) 0x00004259   Thumb Code     0  FunctionPointer.o(i._ZN4mbed15FunctionPointerC1EPFvvE)
    mbed::Serial::_getc()                    0x00004261   Thumb Code     6  Serial.o(i._ZN4mbed6Serial5_getcEv)
    mbed::Serial::_putc(int)                 0x00004267   Thumb Code     6  Serial.o(i._ZN4mbed6Serial5_putcEi)
    mbed::Serial::Serial(PinName, PinName, const char*) 0x0000426d   Thumb Code    28  Serial.o(i._ZN4mbed6SerialC1E7PinNameS1_PKc)
    mbed::Serial::Serial__sub_object(PinName, PinName, const char*) 0x0000426d   Thumb Code     0  Serial.o(i._ZN4mbed6SerialC1E7PinNameS1_PKc)
    mbed::Stream::flen()                     0x0000428d   Thumb Code     4  Stream.o(i._ZN4mbed6Stream4flenEv)
    mbed::Stream::putc(int)                  0x00004291   Thumb Code    24  Stream.o(i._ZN4mbed6Stream4putcEi)
    mbed::Stream::read(void*, unsigned)      0x000042a9   Thumb Code    40  Stream.o(i._ZN4mbed6Stream4readEPvj)
    mbed::Stream::close()                    0x000042d1   Thumb Code     4  Stream.o(i._ZN4mbed6Stream5closeEv)
    mbed::Stream::lseek(long, int)           0x000042d5   Thumb Code     4  Stream.o(i._ZN4mbed6Stream5lseekEli)
    mbed::Stream::write(const void*, unsigned) 0x000042d9   Thumb Code    40  Stream.o(i._ZN4mbed6Stream5writeEPKvj)
    mbed::Stream::isatty()                   0x00004301   Thumb Code     4  Stream.o(i._ZN4mbed6Stream6isattyEv)
    mbed::Stream::Stream__sub_object(const char*) 0x00004305   Thumb Code    46  Stream.o(i._ZN4mbed6StreamC2EPKc)
    mbed::Stream::~Stream()                  0x00004341   Thumb Code     0  Stream.o(i._ZN4mbed6StreamD2Ev)
    mbed::Stream::~Stream__sub_object()      0x00004341   Thumb Code    28  Stream.o(i._ZN4mbed6StreamD2Ev)
    mbed::Ticker::setup(unsigned)            0x00004361   Thumb Code    30  Ticker.o(i._ZN4mbed6Ticker5setupEj)
    mbed::Ticker::attach(void(*)(), float)   0x00004381   Thumb Code    50  main.o(i._ZN4mbed6Ticker6attachEPFvvEf)
    mbed::Ticker::handler()                  0x000043b9   Thumb Code    28  Ticker.o(i._ZN4mbed6Ticker7handlerEv)
    mbed::Timeout::handler()                 0x000043d5   Thumb Code     6  Timeout.o(i._ZN4mbed7Timeout7handlerEv)
    mbed::Timeout::Timeout()                 0x000043dd   Thumb Code    40  main.o(i._ZN4mbed7TimeoutC1Ev)
    mbed::Timeout::Timeout__sub_object()     0x000043dd   Thumb Code     0  main.o(i._ZN4mbed7TimeoutC1Ev)
    mbed::Timeout::~Timeout()                0x0000440d   Thumb Code     4  Timeout.o(i._ZN4mbed7TimeoutD1Ev)
    mbed::Timeout::~Timeout__sub_object()    0x0000440d   Thumb Code     0  Timeout.o(i._ZN4mbed7TimeoutD1Ev)
    mbed::FileBase::getPathType()            0x00004411   Thumb Code     4  FileBase.o(i._ZN4mbed8FileBase11getPathTypeEv)
    mbed::FileBase::lookup(const char*, unsigned) 0x00004415   Thumb Code    50  FileBase.o(i._ZN4mbed8FileBase6lookupEPKcj)
    mbed::FileBase::FileBase(const char*, mbed::PathType) 0x0000444d   Thumb Code    26  FileBase.o(i._ZN4mbed8FileBaseC1EPKcNS_8PathTypeE)
    mbed::FileBase::FileBase__sub_object(const char*, mbed::PathType) 0x0000444d   Thumb Code     0  FileBase.o(i._ZN4mbed8FileBaseC1EPKcNS_8PathTypeE)
    mbed::FileBase::~FileBase()              0x00004471   Thumb Code    38  FileBase.o(i._ZN4mbed8FileBaseD1Ev)
    mbed::FileBase::~FileBase__sub_object()  0x00004471   Thumb Code     0  FileBase.o(i._ZN4mbed8FileBaseD1Ev)
    mbed::FileLike::FileLike__sub_object(const char*) 0x000044a1   Thumb Code    24  FileLike.o(i._ZN4mbed8FileLikeC2EPKc)
    mbed::FileLike::~FileLike()              0x000044c1   Thumb Code     0  FileLike.o(i._ZN4mbed8FileLikeD2Ev)
    mbed::FileLike::~FileLike__sub_object()  0x000044c1   Thumb Code    18  FileLike.o(i._ZN4mbed8FileLikeD2Ev)
    mbed::FilePath::fileSystem()             0x000044d3   Thumb Code    16  FilePath.o(i._ZN4mbed8FilePath10fileSystemEv)
    mbed::FilePath::isFileSystem()           0x000044e3   Thumb Code    20  FilePath.o(i._ZN4mbed8FilePath12isFileSystemEv)
    mbed::FilePath::file()                   0x000044f7   Thumb Code    22  FilePath.o(i._ZN4mbed8FilePath4fileEv)
    mbed::FilePath::exists()                 0x0000450d   Thumb Code    10  FilePath.o(i._ZN4mbed8FilePath6existsEv)
    mbed::FilePath::isFile()                 0x00004517   Thumb Code    22  FilePath.o(i._ZN4mbed8FilePath6isFileEv)
    mbed::FilePath::fileName()               0x0000452d   Thumb Code     4  FilePath.o(i._ZN4mbed8FilePath8fileNameEv)
    mbed::FilePath::FilePath(const char*)    0x00004531   Thumb Code    62  FilePath.o(i._ZN4mbed8FilePathC1EPKc)
    mbed::FilePath::FilePath__sub_object(const char*) 0x00004531   Thumb Code     0  FilePath.o(i._ZN4mbed8FilePathC1EPKc)
    std::strchr(char*, int)                  0x0000456f   Thumb Code    16  main.o(i._ZSt6strchrPci)
    operator delete (void*)                  0x0000457f   Thumb Code     8  delete.o(i._ZdlPv)
    __aeabi_atexit                           0x00004587   Thumb Code    50  aeabi_atexit.o(i.__aeabi_atexit)
    __aeabi_vec_ctor_nocookie_nodtor         0x000045b9   Thumb Code    36  aeabi_vec_ctor_nocookie_nodtor.o(i.__aeabi_vec_ctor_nocookie_nodtor)
    __cxa_finalize                           0x000045dd   Thumb Code    66  cxa_finalize.o(i.__cxa_finalize)
    __cxa_pure_virtual                       0x0000461f   Thumb Code     6  pure_virt.o(i.__cxa_pure_virtual)
    __mathlib_dbl_invalid                    0x00004625   Thumb Code    12  dunder.o(i.__mathlib_dbl_invalid)
    __mathlib_dbl_overflow                   0x00004631   Thumb Code    14  dunder.o(i.__mathlib_dbl_overflow)
    __mathlib_dbl_underflow                  0x00004641   Thumb Code    10  dunder.o(i.__mathlib_dbl_underflow)
    __mathlib_narrow                         0x00004651   Thumb Code    16  narrow.o(i.__mathlib_narrow)
    __mathlib_tofloat                        0x00004661   Thumb Code   132  narrow.o(i.__mathlib_tofloat)
    __support_ldexp                          0x000046e9   Thumb Code    22  ldexp.o(i.__support_ldexp)
    __user_setup_stackheap                   0x00004701   Thumb Code    10  sys.o(i.__user_setup_stackheap)
    _is_digit                                0x00004711   Thumb Code    14  __printf_wp.o(i._is_digit)
    _sys_close                               0x00004721   Thumb Code    36  retarget.o(i._sys_close)
    _sys_flen                                0x00004749   Thumb Code    32  retarget.o(i._sys_flen)
    _sys_istty                               0x0000476d   Thumb Code    32  retarget.o(i._sys_istty)
    _sys_open                                0x00004791   Thumb Code   232  retarget.o(i._sys_open)
    _sys_read                                0x00004885   Thumb Code    52  retarget.o(i._sys_read)
    _sys_seek                                0x000048c1   Thumb Code    34  retarget.o(i._sys_seek)
    _sys_write                               0x000048e9   Thumb Code    72  retarget.o(i._sys_write)
    exit                                     0x0000493d   Thumb Code    20  exit.o(i.exit)
    fgetc                                    0x00004951   Thumb Code    24  fgetc.o(i.fgetc)
    fmod                                     0x00004969   Thumb Code   144  fmod.o(i.fmod)
    fputc                                    0x000049fd   Thumb Code    26  fputc.o(i.fputc)
    frexp                                    0x00004a19   Thumb Code    80  frexp.o(i.frexp)
    gpio_dir                                 0x00004a71   Thumb Code    28  gpio_api.o(i.gpio_dir)
    gpio_init                                0x00004a8d   Thumb Code    74  gpio_api.o(i.gpio_init)
    gpio_set                                 0x00004ad7   Thumb Code    20  gpio_api.o(i.gpio_set)
    ldexp                                    0x00004af9   Thumb Code   116  ldexp.o(i.ldexp)
    mbed_die                                 0x00004b6d   Thumb Code   126  board.o(i.mbed_die)
    mbed_interface_connected                 0x00004bf1   Thumb Code     4  mbed_interface.o(i.mbed_interface_connected)
    mbed_main                                0x00004bf5   Thumb Code     2  retarget.o(i.mbed_main)
    pin_function                             0x00004bf9   Thumb Code    42  pinmap.o(i.pin_function)
    pin_mode                                 0x00004c2d   Thumb Code    76  pinmap.o(i.pin_mode)
    pinmap_merge                             0x00004c81   Thumb Code    32  pinmap_common.o(i.pinmap_merge)
    pinmap_peripheral                        0x00004cb9   Thumb Code    40  pinmap_common.o(i.pinmap_peripheral)
    pinmap_pinout                            0x00004d05   Thumb Code    58  pinmap_common.o(i.pinmap_pinout)
    semihost_connected                       0x00004d59   Thumb Code    10  semihost_api.o(i.semihost_connected)
    semihost_exit                            0x00004d69   Thumb Code    12  semihost_api.o(i.semihost_exit)
    serial_baud                              0x00004d75   Thumb Code   396  serial_api.o(i.serial_baud)
    serial_format                            0x00004f21   Thumb Code   110  serial_api.o(i.serial_format)
    serial_getc                              0x00005011   Thumb Code    14  serial_api.o(i.serial_getc)
    serial_init                              0x00005021   Thumb Code   266  serial_api.o(i.serial_init)
    serial_irq_handler                       0x00005161   Thumb Code    14  serial_api.o(i.serial_irq_handler)
    serial_irq_set                           0x00005179   Thumb Code   154  serial_api.o(i.serial_irq_set)
    serial_putc                              0x00005229   Thumb Code    14  serial_api.o(i.serial_putc)
    uart0_irq                                0x00005239   Thumb Code    14  serial_api.o(i.uart0_irq)
    uart1_irq                                0x0000524d   Thumb Code    14  serial_api.o(i.uart1_irq)
    uart2_irq                                0x00005261   Thumb Code    14  serial_api.o(i.uart2_irq)
    uart3_irq                                0x00005275   Thumb Code    14  serial_api.o(i.uart3_irq)
    us_ticker_clear_interrupt                0x000052b5   Thumb Code     8  us_ticker.o(i.us_ticker_clear_interrupt)
    us_ticker_disable_interrupt              0x000052c1   Thumb Code    12  us_ticker.o(i.us_ticker_disable_interrupt)
    us_ticker_init                           0x000052d1   Thumb Code    72  us_ticker.o(i.us_ticker_init)
    us_ticker_insert_event                   0x00005331   Thumb Code    54  us_ticker_api.o(i.us_ticker_insert_event)
    us_ticker_irq_handler                    0x0000536d   Thumb Code    60  us_ticker_api.o(i.us_ticker_irq_handler)
    us_ticker_read                           0x000053ad   Thumb Code    18  us_ticker.o(i.us_ticker_read)
    us_ticker_remove_event                   0x000053c9   Thumb Code    48  us_ticker_api.o(i.us_ticker_remove_event)
    us_ticker_set_handler                    0x000053fd   Thumb Code    14  us_ticker_api.o(i.us_ticker_set_handler)
    us_ticker_set_interrupt                  0x00005411   Thumb Code    14  us_ticker.o(i.us_ticker_set_interrupt)
    wait_ms                                  0x00005425   Thumb Code    10  wait_api.o(i.wait_ms)
    wait_us                                  0x0000542f   Thumb Code    22  wait_api.o(i.wait_us)
    _get_lc_numeric                          0x00005445   Thumb Code    44  lc_numeric_c.o(locale$$code)
    _get_lc_ctype                            0x00005471   Thumb Code    44  lc_ctype_c.o(locale$$code)
    void mbed::SerialBase::attach<AjK::MODSERIAL>(T1*, void(T1::*)(), mbed::SerialBase::IrqType) 0x0000549d   Thumb Code   106  init.o(t._ZN4mbed10SerialBase6attachIN3AjK9MODSERIALEEEvPT_MS4_FvvENS0_7IrqTypeE)
    void mbed::FunctionPointer::membercaller<AjK::MODSERIAL>(void*, char*) 0x0000550d   Thumb Code    78  init.o(t._ZN4mbed15FunctionPointer12membercallerIN3AjK9MODSERIALEEEvPvPc)
    __aeabi_d2f                              0x0000555d   Thumb Code     0  d2f.o(x$fpl$d2f)
    _d2f                                     0x0000555d   Thumb Code    98  d2f.o(x$fpl$d2f)
    __aeabi_dadd                             0x000055c1   Thumb Code     0  daddsub_clz.o(x$fpl$dadd)
    _dadd                                    0x000055c1   Thumb Code   332  daddsub_clz.o(x$fpl$dadd)
    __fpl_dcheck_NaN1                        0x00005711   Thumb Code    10  dcheck1.o(x$fpl$dcheck1)
    __fpl_dcmp_Inf                           0x00005721   Thumb Code    24  dcmpi.o(x$fpl$dcmpinf)
    __aeabi_ddiv                             0x00005739   Thumb Code     0  ddiv.o(x$fpl$ddiv)
    _ddiv                                    0x00005739   Thumb Code   552  ddiv.o(x$fpl$ddiv)
    __aeabi_cdcmpeq                          0x000059e9   Thumb Code     0  deqf.o(x$fpl$deqf)
    _dcmpeq                                  0x000059e9   Thumb Code   120  deqf.o(x$fpl$deqf)
    __aeabi_d2iz                             0x00005a61   Thumb Code     0  dfix.o(x$fpl$dfix)
    _dfix                                    0x00005a61   Thumb Code    94  dfix.o(x$fpl$dfix)
    __aeabi_cdcmple                          0x00005ac1   Thumb Code     0  dleqf.o(x$fpl$dleqf)
    _dcmple                                  0x00005ac1   Thumb Code   120  dleqf.o(x$fpl$dleqf)
    __fpl_dcmple_InfNaN                      0x00005b23   Thumb Code     0  dleqf.o(x$fpl$dleqf)
    __aeabi_dmul                             0x00005b39   Thumb Code     0  dmul.o(x$fpl$dmul)
    _dmul                                    0x00005b39   Thumb Code   332  dmul.o(x$fpl$dmul)
    __fpl_dnaninf                            0x00005c8d   Thumb Code   156  dnaninf.o(x$fpl$dnaninf)
    _drem                                    0x00005d29   Thumb Code   328  drem_clz.o(x$fpl$drem)
    __fpl_dretinf                            0x00005e79   Thumb Code    12  dretinf.o(x$fpl$dretinf)
    __aeabi_cdrcmple                         0x00005e85   Thumb Code     0  drleqf.o(x$fpl$drleqf)
    _drcmple                                 0x00005e85   Thumb Code   108  drleqf.o(x$fpl$drleqf)
    __aeabi_drsub                            0x00005ef1   Thumb Code     0  daddsub_clz.o(x$fpl$drsb)
    _drsb                                    0x00005ef1   Thumb Code    22  daddsub_clz.o(x$fpl$drsb)
    __aeabi_dsub                             0x00005f09   Thumb Code     0  daddsub_clz.o(x$fpl$dsub)
    _dsub                                    0x00005f09   Thumb Code   464  daddsub_clz.o(x$fpl$dsub)
    __aeabi_f2d                              0x000060dd   Thumb Code     0  f2d.o(x$fpl$f2d)
    _f2d                                     0x000060dd   Thumb Code    86  f2d.o(x$fpl$f2d)
    __aeabi_fadd                             0x00006135   Thumb Code     0  faddsub_clz.o(x$fpl$fadd)
    _fadd                                    0x00006135   Thumb Code   196  faddsub_clz.o(x$fpl$fadd)
    __fpl_fcheck_NaN1                        0x000061f9   Thumb Code     6  fcheck1.o(x$fpl$fcheck1)
    __fpl_fcmp_Inf                           0x00006205   Thumb Code    24  fcmpi.o(x$fpl$fcmpinf)
    __aeabi_fdiv                             0x0000621d   Thumb Code     0  fdiv.o(x$fpl$fdiv)
    _fdiv                                    0x0000621d   Thumb Code   384  fdiv.o(x$fpl$fdiv)
    __aeabi_f2uiz                            0x000063a1   Thumb Code     0  ffixu.o(x$fpl$ffixu)
    _ffixu                                   0x000063a1   Thumb Code    62  ffixu.o(x$fpl$ffixu)
    __aeabi_i2f                              0x000063e1   Thumb Code     0  fflt_clz.o(x$fpl$fflt)
    _fflt                                    0x000063e1   Thumb Code    48  fflt_clz.o(x$fpl$fflt)
    __aeabi_ui2f                             0x00006411   Thumb Code     0  fflt_clz.o(x$fpl$ffltu)
    _ffltu                                   0x00006411   Thumb Code    38  fflt_clz.o(x$fpl$ffltu)
    __aeabi_cfcmple                          0x00006439   Thumb Code     0  fleqf.o(x$fpl$fleqf)
    _fcmple                                  0x00006439   Thumb Code   104  fleqf.o(x$fpl$fleqf)
    __fpl_fcmple_InfNaN                      0x0000648b   Thumb Code     0  fleqf.o(x$fpl$fleqf)
    __aeabi_fmul                             0x000064a1   Thumb Code     0  fmul.o(x$fpl$fmul)
    _fmul                                    0x000064a1   Thumb Code   258  fmul.o(x$fpl$fmul)
    __fpl_fnaninf                            0x000065a3   Thumb Code   140  fnaninf.o(x$fpl$fnaninf)
    __fpl_fretinf                            0x0000662f   Thumb Code    10  fretinf.o(x$fpl$fretinf)
    __aeabi_fsub                             0x00006639   Thumb Code     0  faddsub_clz.o(x$fpl$fsub)
    _fsub                                    0x00006639   Thumb Code   234  faddsub_clz.o(x$fpl$fsub)
    __fpl_return_NaN                         0x00006723   Thumb Code   100  retnan.o(x$fpl$retnan)
    __ARM_scalbn                             0x00006787   Thumb Code    92  scalbn.o(x$fpl$scalbn)
    __ARM_scalbnf                            0x000067e3   Thumb Code    76  scalbnf.o(x$fpl$scalbnf)
    _scanf_real                              0x0000682f   Thumb Code     4  scanf1.o(x$fpl$scanf1)
    _scanf_hex_real                          0x00006833   Thumb Code     4  scanf2.o(x$fpl$scanf2)
    _scanf_infnan                            0x00006837   Thumb Code     4  scanf2.o(x$fpl$scanf2)
    __fpl_cmpreturn                          0x0000683b   Thumb Code    48  trapv.o(x$fpl$trapveneer)
    __I$use$fp                               0x0000686a   Number         0  usenofp.o(x$fpl$usenofp)
    __stdin_name                             0x000068a0   Data           7  retarget.o(.constdata)
    __stdout_name                            0x000068a7   Data           8  retarget.o(.constdata)
    __stderr_name                            0x000068af   Data           8  retarget.o(.constdata)
    vtable for AjK::MODSERIAL                0x00006a60   Data          68  modserial.o(.constdata__ZTVN3AjK9MODSERIALE)
    vtable for mbed::FileHandle              0x00006aa4   Data          44  retarget.o(.constdata__ZTVN4mbed10FileHandleE)
    vtable for mbed::TimerEvent              0x00006ad0   Data          20  TimerEvent.o(.constdata__ZTVN4mbed10TimerEventE)
    vtable for mbed::Serial                  0x00006ae4   Data          68  Serial.o(.constdata__ZTVN4mbed6SerialE)
    vtable for mbed::Stream                  0x00006b28   Data          68  Stream.o(.constdata__ZTVN4mbed6StreamE)
    vtable for mbed::Ticker                  0x00006b6c   Data          20  Ticker.o(.constdata__ZTVN4mbed6TickerE)
    vtable for mbed::Timeout                 0x00006b80   Data          20  Timeout.o(.constdata__ZTVN4mbed7TimeoutE)
    vtable for mbed::FileBase                0x00006b94   Data          16  FileBase.o(.constdata__ZTVN4mbed8FileBaseE)
    vtable for mbed::FileLike                0x00006ba4   Data          60  FileLike.o(.constdata__ZTVN4mbed8FileLikeE)
    Region$$Table$$Base                      0x00006be0   Number         0  anon$$obj.o(Region$$Table)
    Region$$Table$$Limit                     0x00006c00   Number         0  anon$$obj.o(Region$$Table)
    __aeabi_HUGE_VAL                         0x00006c00   Data           0  fpconst.o(c$$dinf)
    __aeabi_HUGE_VALL                        0x00006c00   Data           0  fpconst.o(c$$dinf)
    __aeabi_INFINITY                         0x00006c00   Data           0  fpconst.o(c$$dinf)
    __dInf                                   0x00006c00   Data           0  fpconst.o(c$$dinf)
    __huge_val                               0x00006c00   Data           0  fpconst.o(c$$dinf)
    __ctype                                  0x00006c31   Data           0  lc_ctype_c.o(locale$$data)
    SHT$$INIT_ARRAY$$Base                    0x00006d34   Number         0  main.o(.init_array)
    SHT$$INIT_ARRAY$$Limit                   0x00006d38   Number         0  init_aeabi.o(.init_array)
    gpsTimeoutStatus                         0x100000c8   Data           1  main.o(.data)
    gpsStatusChanged                         0x100000c9   Data           1  main.o(.data)
    gpsStatusLastValue                       0x100000ca   Data           1  main.o(.data)
    gpsStatus                                0x100000cb   Data           1  main.o(.data)
    realGpsData                              0x100000cc   Data           1  main.o(.data)
    gpsUtc                                   0x100000d0   Data           4  main.o(.data)
    gpsFix                                   0x100000d4   Data           1  main.o(.data)
    gpsLatitude                              0x100000d8   Data           8  main.o(.data)
    gpsNs                                    0x100000e0   Data           1  main.o(.data)
    gpsLongitude                             0x100000e8   Data           8  main.o(.data)
    gpsEw                                    0x100000f0   Data           1  main.o(.data)
    gpsSog                                   0x100000f4   Data           4  main.o(.data)
    gpsCog                                   0x100000f8   Data           4  main.o(.data)
    gpsDate                                  0x100000fc   Data           4  main.o(.data)
    trash                                    0x10000100   Data           4  main.o(.data)
    SystemCoreClock                          0x10000108   Data           4  system_LPC17xx.o(.data)
    stdio_uart_inited                        0x1000010c   Data           4  serial_api.o(.data)
    stdio_uart                               0x10000114   Data           8  serial_api.o(.data)
    us_ticker_inited                         0x1000011c   Data           4  us_ticker.o(.data)
    mbed::FileBase::_head                    0x10000128   Data           4  FileBase.o(.data)
    __aeabi_stdin                            0x1000012c   Data           4  stdio_streams.o(.data)
    __aeabi_stdout                           0x10000130   Data           4  stdio_streams.o(.data)
    __aeabi_stderr                           0x10000134   Data           4  stdio_streams.o(.data)
    Gps                                      0x1000013c   Data         260  main.o(.bss)
    gpsTimeout                               0x10000240   Data          48  main.o(.bss)
    realGpsDataTimeout                       0x10000270   Data          48  main.o(.bss)
    gpsStr                                   0x100002a0   Data        1024  main.o(.bss)
    __stdin                                  0x100006f0   Data          84  stdio_streams.o(.bss)
    __stdout                                 0x10000744   Data          84  stdio_streams.o(.bss)
    __stderr                                 0x10000798   Data          84  stdio_streams.o(.bss)
    Image$$RW_IRAM1$$ZI$$Limit               0x1000080c   Number         0  anon$$obj.o ABSOLUTE



==============================================================================

Memory Map of the image

  Image Entry point : 0x000000c5

  Load Region LR_IROM1 (Base: 0x00000000, Size: 0x00006dac, Max: 0x00080000, ABSOLUTE)

    Execution Region ER_IROM1 (Base: 0x00000000, Size: 0x00006d38, Max: 0x00080000, ABSOLUTE)

    Base Addr    Size         Type   Attr      Idx    E Section Name        Object

    0x00000000   0x000000c4   Data   RO          841    RESET               startup_LPC17xx.o
    0x000000c4   0x00000008   Code   RO         1656  * !!!main             c_w.l(__main.o)
    0x000000cc   0x00000034   Code   RO         2431    !!!scatter          c_w.l(__scatter.o)
    0x00000100   0x0000001a   Code   RO         2433    !!handler_copy      c_w.l(__scatter_copy.o)
    0x0000011a   0x00000002   PAD
    0x0000011c   0x0000001c   Code   RO         2435    !!handler_zi        c_w.l(__scatter_zi.o)
    0x00000138   0x00000000   Code   RO         1596    .ARM.Collect$$_printf_percent$$00000000  c_w.l(_printf_percent.o)
    0x00000138   0x00000006   Code   RO         1594    .ARM.Collect$$_printf_percent$$00000002  c_w.l(_printf_p.o)
    0x0000013e   0x00000006   Code   RO         1595    .ARM.Collect$$_printf_percent$$00000009  c_w.l(_printf_d.o)
    0x00000144   0x00000004   Code   RO         1919    .ARM.Collect$$_printf_percent$$00000017  c_w.l(_printf_percent_end.o)
    0x00000148   0x00000002   Code   RO         2331    .ARM.Collect$$libinit$$00000000  c_w.l(libinit.o)
    0x0000014a   0x00000000   Code   RO         1979    .ARM.Collect$$libinit$$00000002  c_w.l(libinit2.o)
    0x0000014a   0x00000000   Code   RO         1981    .ARM.Collect$$libinit$$00000004  c_w.l(libinit2.o)
    0x0000014a   0x00000008   Code   RO         1982    .ARM.Collect$$libinit$$00000005  c_w.l(libinit2.o)
    0x00000152   0x00000000   Code   RO         1984    .ARM.Collect$$libinit$$0000000A  c_w.l(libinit2.o)
    0x00000152   0x00000000   Code   RO         1986    .ARM.Collect$$libinit$$0000000C  c_w.l(libinit2.o)
    0x00000152   0x00000000   Code   RO         1988    .ARM.Collect$$libinit$$0000000E  c_w.l(libinit2.o)
    0x00000152   0x00000006   Code   RO         1989    .ARM.Collect$$libinit$$0000000F  c_w.l(libinit2.o)
    0x00000158   0x00000000   Code   RO         1991    .ARM.Collect$$libinit$$00000011  c_w.l(libinit2.o)
    0x00000158   0x0000000c   Code   RO         1992    .ARM.Collect$$libinit$$00000012  c_w.l(libinit2.o)
    0x00000164   0x00000000   Code   RO         1993    .ARM.Collect$$libinit$$00000013  c_w.l(libinit2.o)
    0x00000164   0x00000000   Code   RO         1995    .ARM.Collect$$libinit$$00000015  c_w.l(libinit2.o)
    0x00000164   0x0000000a   Code   RO         1996    .ARM.Collect$$libinit$$00000016  c_w.l(libinit2.o)
    0x0000016e   0x00000000   Code   RO         1997    .ARM.Collect$$libinit$$00000017  c_w.l(libinit2.o)
    0x0000016e   0x00000000   Code   RO         1999    .ARM.Collect$$libinit$$00000019  c_w.l(libinit2.o)
    0x0000016e   0x00000000   Code   RO         2001    .ARM.Collect$$libinit$$0000001B  c_w.l(libinit2.o)
    0x0000016e   0x00000000   Code   RO         2003    .ARM.Collect$$libinit$$0000001D  c_w.l(libinit2.o)
    0x0000016e   0x00000000   Code   RO         2005    .ARM.Collect$$libinit$$0000001F  c_w.l(libinit2.o)
    0x0000016e   0x00000000   Code   RO         2007    .ARM.Collect$$libinit$$00000021  c_w.l(libinit2.o)
    0x0000016e   0x00000000   Code   RO         2009    .ARM.Collect$$libinit$$00000023  c_w.l(libinit2.o)
    0x0000016e   0x00000004   Code   RO         2010    .ARM.Collect$$libinit$$00000024  c_w.l(libinit2.o)
    0x00000172   0x00000000   Code   RO         2011    .ARM.Collect$$libinit$$00000025  c_w.l(libinit2.o)
    0x00000172   0x00000000   Code   RO         2015    .ARM.Collect$$libinit$$0000002C  c_w.l(libinit2.o)
    0x00000172   0x00000000   Code   RO         2017    .ARM.Collect$$libinit$$0000002E  c_w.l(libinit2.o)
    0x00000172   0x00000000   Code   RO         2019    .ARM.Collect$$libinit$$00000030  c_w.l(libinit2.o)
    0x00000172   0x00000004   Code   RO         2020    .ARM.Collect$$libinit$$00000031  c_w.l(libinit2.o)
    0x00000176   0x00000000   Code   RO         2021    .ARM.Collect$$libinit$$00000032  c_w.l(libinit2.o)
    0x00000176   0x00000002   Code   RO         2022    .ARM.Collect$$libinit$$00000033  c_w.l(libinit2.o)
    0x00000178   0x00000006   Code   RO         2023    .ARM.Collect$$libshutdown$$00000001  c_w.l(libshutdown2.o)
    0x0000017e   0x00000000   Code   RO         2025    .ARM.Collect$$libshutdown$$00000003  c_w.l(libshutdown2.o)
    0x0000017e   0x00000000   Code   RO         1840    .ARM.Collect$$rtentry$$00000000  c_w.l(__rtentry.o)
    0x0000017e   0x00000000   Code   RO         2122    .ARM.Collect$$rtentry$$00000002  c_w.l(__rtentry2.o)
    0x0000017e   0x00000006   Code   RO         2134    .ARM.Collect$$rtentry$$00000004  c_w.l(__rtentry4.o)
    0x00000184   0x00000000   Code   RO         2124    .ARM.Collect$$rtentry$$00000009  c_w.l(__rtentry2.o)
    0x00000184   0x00000004   Code   RO         2125    .ARM.Collect$$rtentry$$0000000A  c_w.l(__rtentry2.o)
    0x00000188   0x00000000   Code   RO         2127    .ARM.Collect$$rtentry$$0000000C  c_w.l(__rtentry2.o)
    0x00000188   0x00000008   Code   RO         2128    .ARM.Collect$$rtentry$$0000000D  c_w.l(__rtentry2.o)
    0x00000190   0x00000000   Code   RO         2147    .emb_text           c_w.l(maybetermalloc1.o)
    0x00000190   0x00000028   Code   RO          324    .text               task1.o
    0x000001b8   0x00000028   Code   RO          339    .text               task2.o
    0x000001e0   0x00000028   Code   RO          354    .text               task3.o
    0x00000208   0x00000028   Code   RO          369    .text               task4.o
    0x00000230   0x0000008c   Code   RO          612    .text               isr_tx.o
    0x000002bc   0x00000024   Code   RO          843    .text               startup_LPC17xx.o
    0x000002e0   0x00000014   Code   RO         1538    .text               c_w.l(__2fprintf.o)
    0x000002f4   0x00000008   Code   RO         1845    .text               c_w.l(rt_heap_descriptor.o)
    0x000002fc   0x00000004   Code   RO          842    .ARM.__at_0x02FC    startup_LPC17xx.o
    0x00000300   0x000006e4   Code   RO            3    .text               main.o
    0x000009e4   0x000000d4   Code   RO          473    .text               putc.o
    0x00000ab8   0x00000284   Code   RO          545    .text               modserial.o
    0x00000d3c   0x000000a8   Code   RO          644    .text               isr_rx.o
    0x00000de4   0x00000134   Code   RO          676    .text               init.o
    0x00000f18   0x00000092   Code   RO          749    .text               getc.o
    0x00000faa   0x0000005e   Code   RO         1476    .text               c_w.l(h1_alloc.o)
    0x00001008   0x0000004e   Code   RO         1478    .text               c_w.l(h1_free.o)
    0x00001056   0x00000002   PAD
    0x00001058   0x0000002c   Code   RO         1540    .text               c_w.l(__2sprintf.o)
    0x00001084   0x00000078   Code   RO         1550    .text               c_w.l(_printf_dec.o)
    0x000010fc   0x00000094   Code   RO         1570    .text               c_w.l(_printf_hex_int_ll_ptr.o)
    0x00001190   0x00000188   Code   RO         1590    .text               c_w.l(__printf_flags_ss_wp.o)
    0x00001318   0x00000020   Code   RO         1597    .text               c_w.l(scanf.o)
    0x00001338   0x0000003c   Code   RO         1601    .text               c_w.l(__0sscanf.o)
    0x00001374   0x0000014c   Code   RO         1603    .text               c_w.l(_scanf_int.o)
    0x000014c0   0x00000064   Code   RO         1605    .text               c_w.l(fflush.o)
    0x00001524   0x000000ec   Code   RO         1619    .text               c_w.l(fopen.o)
    0x00001610   0x00000014   Code   RO         1621    .text               c_w.l(setbuf.o)
    0x00001624   0x0000004c   Code   RO         1629    .text               c_w.l(fclose.o)
    0x00001670   0x00000014   Code   RO         1644    .text               c_w.l(strchr.o)
    0x00001684   0x0000003e   Code   RO         1646    .text               c_w.l(strlen.o)
    0x000016c2   0x00000096   Code   RO         1648    .text               c_w.l(strncmp.o)
    0x00001758   0x0000004e   Code   RO         1650    .text               c_w.l(rt_memclr_w.o)
    0x000017a6   0x00000002   PAD
    0x000017a8   0x00000080   Code   RO         1654    .text               c_w.l(strcmpv7m.o)
    0x00001828   0x00000024   Code   RO         1661    .text               c_w.l(init_aeabi.o)
    0x0000184c   0x00000008   Code   RO         1855    .text               c_w.l(rt_ddtor_pointer_addr.o)
    0x00001854   0x00000004   Code   RO         1860    .text               c_w.l(hguard.o)
    0x00001858   0x0000008a   Code   RO         1862    .text               c_w.l(init_alloc.o)
    0x000018e2   0x0000000e   Code   RO         1866    .text               c_w.l(h1_init.o)
    0x000018f0   0x00000016   Code   RO         1880    .text               c_w.l(_rserrno.o)
    0x00001906   0x000000b2   Code   RO         1886    .text               c_w.l(_printf_intcommon.o)
    0x000019b8   0x00000030   Code   RO         1890    .text               c_w.l(_printf_char_common.o)
    0x000019e8   0x0000000a   Code   RO         1892    .text               c_w.l(_sputc.o)
    0x000019f2   0x00000002   PAD
    0x000019f4   0x00000024   Code   RO         1896    .text               c_w.l(_printf_char_file.o)
    0x00001a18   0x0000001c   Code   RO         1929    .text               c_w.l(_chval.o)
    0x00001a34   0x00000156   Code   RO         1931    .text               c_w.l(_scanf_longlong.o)
    0x00001b8a   0x000000e0   Code   RO         1933    .text               c_w.l(_scanf_str.o)
    0x00001c6a   0x00000002   PAD
    0x00001c6c   0x0000002c   Code   RO         1935    .text               c_w.l(scanf_char.o)
    0x00001c98   0x00000040   Code   RO         1937    .text               c_w.l(_sgetc.o)
    0x00001cd8   0x00000018   Code   RO         1939    .text               c_w.l(scanf_char_file.o)
    0x00001cf0   0x00000114   Code   RO         1941    .text               c_w.l(_scanf_mbtowc.o)
    0x00001e04   0x000000e8   Code   RO         1943    .text               c_w.l(_scanf_wctomb.o)
    0x00001eec   0x000000d0   Code   RO         1945    .text               c_w.l(_scanf_wstr.o)
    0x00001fbc   0x00000008   Code   RO         1947    .text               c_w.l(ferror.o)
    0x00001fc4   0x0000023a   Code   RO         1949    .text               c_w.l(filbuf.o)
    0x000021fe   0x000001d6   Code   RO         1951    .text               c_w.l(flsbuf.o)
    0x000023d4   0x000000f8   Code   RO         1953    .text               c_w.l(fseek.o)
    0x000024cc   0x00000046   Code   RO         1955    .text               c_w.l(setvbuf.o)
    0x00002512   0x00000002   PAD
    0x00002514   0x000000f0   Code   RO         1957    .text               c_w.l(stdio.o)
    0x00002604   0x00000138   Code   RO         1960    .text               c_w.l(initio.o)
    0x0000273c   0x0000000e   Code   RO         1968    .text               c_w.l(defsig_pvfn_outer.o)
    0x0000274a   0x00000002   PAD
    0x0000274c   0x00000008   Code   RO         2140    .text               c_w.l(rt_errno_addr.o)
    0x00002754   0x00000034   Code   RO         2149    .text               c_w.l(h1_extend.o)
    0x00002788   0x00000012   Code   RO         2155    .text               c_w.l(isspace.o)
    0x0000279a   0x00000002   PAD
    0x0000279c   0x00000374   Code   RO         2165    .text               c_w.l(_scanf.o)
    0x00002b10   0x000004a4   Code   RO         2167    .text               c_w.l(scanf_fp.o)
    0x00002fb4   0x0000001e   Code   RO         2171    .text               c_w.l(_scanf_wcharmap.o)
    0x00002fd2   0x00000048   Code   RO         2173    .text               c_w.l(backspace.o)
    0x0000301a   0x00000042   Code   RO         2175    .text               c_w.l(ftell.o)
    0x0000305c   0x00000038   Code   RO         2183    .text               c_w.l(flushlinebuffered.o)
    0x00003094   0x0000003c   Code   RO         2199    .text               c_w.l(_mbrtowc.o)
    0x000030d0   0x00000040   Code   RO         2201    .text               c_w.l(_wcrtomb.o)
    0x00003110   0x0000000a   Code   RO         2203    .text               c_w.l(defsig_exit.o)
    0x0000311a   0x0000000e   Code   RO         2205    .text               c_w.l(defsig_rtred_outer.o)
    0x00003128   0x0000000e   Code   RO         2209    .text               c_w.l(defsig_rtmem_outer.o)
    0x00003136   0x00000002   PAD
    0x00003138   0x00000030   Code   RO         2213    .text               c_w.l(defsig_pvfn_inner.o)
    0x00003168   0x00000050   Code   RO         2217    .text               c_w.l(heapauxa.o)
    0x000031b8   0x0000000c   Code   RO         2258    .text               c_w.l(sys_exit.o)
    0x000031c4   0x00000010   Code   RO         2260    .text               c_w.l(rt_ctype_table.o)
    0x000031d4   0x00000008   Code   RO         2262    .text               c_w.l(rt_locale.o)
    0x000031dc   0x000000dc   Code   RO         2276    .text               c_w.l(bigflt0.o)
    0x000032b8   0x00000048   Code   RO         2301    .text               c_w.l(ungetc.o)
    0x00003300   0x00000032   Code   RO         2310    .text               c_w.l(defsig_general.o)
    0x00003332   0x00000002   PAD
    0x00003334   0x00000034   Code   RO         2316    .text               c_w.l(defsig_rtred_inner.o)
    0x00003368   0x00000050   Code   RO         2318    .text               c_w.l(defsig_rtmem_inner.o)
    0x000033b8   0x0000000e   Code   RO         2367    .text               c_w.l(sys_wrch.o)
    0x000033c6   0x00000002   Code   RO         2369    .text               c_w.l(use_no_semi.o)
    0x000033c8   0x00000000   Code   RO         2371    .text               c_w.l(indicate_semi.o)
    0x000033c8   0x00000318   Code   RO         2376    .text               c_w.l(scanf_hexfp.o)
    0x000036e0   0x00000134   Code   RO         2378    .text               c_w.l(scanf_infnan.o)
    0x00003814   0x00000026   Code   RO         2401    .text               c_w.l(llshl.o)
    0x0000383a   0x00000338   Code   RO         2289    CL$$btod_div_common  c_w.l(btod.o)
    0x00003b72   0x00000002   PAD
    0x00003b74   0x00000054   Code   RO         2287    CL$$btod_e2d        c_w.l(btod.o)
    0x00003bc8   0x000000c6   Code   RO         2286    CL$$btod_e2e        c_w.l(btod.o)
    0x00003c8e   0x00000028   Code   RO         2283    CL$$btod_ediv       c_w.l(btod.o)
    0x00003cb6   0x00000028   Code   RO         2285    CL$$btod_edivd      c_w.l(btod.o)
    0x00003cde   0x00000028   Code   RO         2282    CL$$btod_emul       c_w.l(btod.o)
    0x00003d06   0x00000028   Code   RO         2284    CL$$btod_emuld      c_w.l(btod.o)
    0x00003d2e   0x00000244   Code   RO         2288    CL$$btod_mult_common  c_w.l(btod.o)
    0x00003f72   0x0000000e   Code   RO          847    i.$Sub$$main        retarget.o
    0x00003f80   0x00000006   Code   RO         1423    i.<Func1>           mbed.ar(SerialBase.o)
    0x00003f86   0x00000002   PAD
    0x00003f88   0x00000030   Code   RO          827    i.NVIC_SetVector    cmsis_nvic.o
    0x00003fb8   0x0000009c   Code   RO          835    i.SystemInit        system_LPC17xx.o
    0x00004054   0x00000020   Code   RO          848    i._Z11init_serialv  retarget.o
    0x00004074   0x00000006   Code   RO          563    i._ZN3AjK18MODSERIAL_IRQ_INFOC1Ev  modserial.o
    0x0000407a   0x00000056   Code   RO          488    i._ZN3AjK18MODSERIAL_callback4callEPNS_18MODSERIAL_IRQ_INFOE  putc.o
    0x000040d0   0x00000014   Code   RO          569    i._ZN3AjK18MODSERIAL_callbackC1Ev  modserial.o
    0x000040e4   0x0000000e   Code   RO           35    i._ZN3AjK9MODSERIAL4getcEv  main.o
    0x000040f2   0x0000000e   Code   RO          581    i._ZN3AjK9MODSERIAL5_getcEv  modserial.o
    0x00004100   0x00000012   Code   RO          575    i._ZN3AjK9MODSERIAL5_putcEi  modserial.o
    0x00004112   0x0000000e   Code   RO          704    i._ZN3AjK9MODSERIAL6isr_txEv  init.o
    0x00004120   0x00000010   Code   RO           41    i._ZN3AjK9MODSERIAL8readableEv  main.o
    0x00004130   0x0000003a   Code   RO          944    i._ZN4mbed10FileHandle4flenEv  retarget.o
    0x0000416a   0x00000002   PAD
    0x0000416c   0x00000028   Code   RO          850    i._ZN4mbed10FileHandleD2Ev  retarget.o
    0x00004194   0x00000004   Code   RO         1424    i._ZN4mbed10SerialBase10_base_getcEv  mbed.ar(SerialBase.o)
    0x00004198   0x0000000c   Code   RO         1425    i._ZN4mbed10SerialBase10_base_putcEi  mbed.ar(SerialBase.o)
    0x000041a4   0x0000000e   Code   RO         1427    i._ZN4mbed10SerialBase12_irq_handlerEj9SerialIrq  mbed.ar(SerialBase.o)
    0x000041b2   0x00000002   PAD
    0x000041b4   0x0000003c   Code   RO         1433    i._ZN4mbed10SerialBaseC1E7PinNameS1_  mbed.ar(SerialBase.o)
    0x000041f0   0x00000006   Code   RO         1231    i._ZN4mbed10TimerEvent3irqEj  mbed.ar(TimerEvent.o)
    0x000041f6   0x00000008   Code   RO         1232    i._ZN4mbed10TimerEvent6insertEj  mbed.ar(TimerEvent.o)
    0x000041fe   0x00000006   Code   RO         1233    i._ZN4mbed10TimerEvent6removeEv  mbed.ar(TimerEvent.o)
    0x00004204   0x0000001c   Code   RO         1234    i._ZN4mbed10TimerEventC2Ev  mbed.ar(TimerEvent.o)
    0x00004220   0x00000018   Code   RO         1236    i._ZN4mbed10TimerEventD2Ev  mbed.ar(TimerEvent.o)
    0x00004238   0x00000018   Code   RO         1092    i._ZN4mbed15FunctionPointer4callEv  mbed.ar(FunctionPointer.o)
    0x00004250   0x00000008   Code   RO         1093    i._ZN4mbed15FunctionPointer6attachEPFvvE  mbed.ar(FunctionPointer.o)
    0x00004258   0x00000008   Code   RO         1094    i._ZN4mbed15FunctionPointerC1EPFvvE  mbed.ar(FunctionPointer.o)
    0x00004260   0x00000006   Code   RO         1103    i._ZN4mbed6Serial5_getcEv  mbed.ar(Serial.o)
    0x00004266   0x00000006   Code   RO         1104    i._ZN4mbed6Serial5_putcEi  mbed.ar(Serial.o)
    0x0000426c   0x00000020   Code   RO         1105    i._ZN4mbed6SerialC1E7PinNameS1_PKc  mbed.ar(Serial.o)
    0x0000428c   0x00000004   Code   RO         1134    i._ZN4mbed6Stream4flenEv  mbed.ar(Stream.o)
    0x00004290   0x00000018   Code   RO         1137    i._ZN4mbed6Stream4putcEi  mbed.ar(Stream.o)
    0x000042a8   0x00000028   Code   RO         1139    i._ZN4mbed6Stream4readEPvj  mbed.ar(Stream.o)
    0x000042d0   0x00000004   Code   RO         1140    i._ZN4mbed6Stream5closeEv  mbed.ar(Stream.o)
    0x000042d4   0x00000004   Code   RO         1142    i._ZN4mbed6Stream5lseekEli  mbed.ar(Stream.o)
    0x000042d8   0x00000028   Code   RO         1144    i._ZN4mbed6Stream5writeEPKvj  mbed.ar(Stream.o)
    0x00004300   0x00000004   Code   RO         1145    i._ZN4mbed6Stream6isattyEv  mbed.ar(Stream.o)
    0x00004304   0x0000003c   Code   RO         1147    i._ZN4mbed6StreamC2EPKc  mbed.ar(Stream.o)
    0x00004340   0x00000020   Code   RO         1149    i._ZN4mbed6StreamD2Ev  mbed.ar(Stream.o)
    0x00004360   0x0000001e   Code   RO         1196    i._ZN4mbed6Ticker5setupEj  mbed.ar(Ticker.o)
    0x0000437e   0x00000002   PAD
    0x00004380   0x00000038   Code   RO           26    i._ZN4mbed6Ticker6attachEPFvvEf  main.o
    0x000043b8   0x0000001c   Code   RO         1198    i._ZN4mbed6Ticker7handlerEv  mbed.ar(Ticker.o)
    0x000043d4   0x00000006   Code   RO         1215    i._ZN4mbed7Timeout7handlerEv  mbed.ar(Timeout.o)
    0x000043da   0x00000002   PAD
    0x000043dc   0x00000030   Code   RO           32    i._ZN4mbed7TimeoutC1Ev  main.o
    0x0000440c   0x00000004   Code   RO         1221    i._ZN4mbed7TimeoutD1Ev  mbed.ar(Timeout.o)
    0x00004410   0x00000004   Code   RO         1370    i._ZN4mbed8FileBase11getPathTypeEv  mbed.ar(FileBase.o)
    0x00004414   0x00000038   Code   RO         1372    i._ZN4mbed8FileBase6lookupEPKcj  mbed.ar(FileBase.o)
    0x0000444c   0x00000024   Code   RO         1374    i._ZN4mbed8FileBaseC1EPKcNS_8PathTypeE  mbed.ar(FileBase.o)
    0x00004470   0x00000030   Code   RO         1376    i._ZN4mbed8FileBaseD1Ev  mbed.ar(FileBase.o)
    0x000044a0   0x00000020   Code   RO         1400    i._ZN4mbed8FileLikeC2EPKc  mbed.ar(FileLike.o)
    0x000044c0   0x00000012   Code   RO         1402    i._ZN4mbed8FileLikeD2Ev  mbed.ar(FileLike.o)
    0x000044d2   0x00000010   Code   RO         1009    i._ZN4mbed8FilePath10fileSystemEv  mbed.ar(FilePath.o)
    0x000044e2   0x00000014   Code   RO         1010    i._ZN4mbed8FilePath12isFileSystemEv  mbed.ar(FilePath.o)
    0x000044f6   0x00000016   Code   RO         1011    i._ZN4mbed8FilePath4fileEv  mbed.ar(FilePath.o)
    0x0000450c   0x0000000a   Code   RO         1012    i._ZN4mbed8FilePath6existsEv  mbed.ar(FilePath.o)
    0x00004516   0x00000016   Code   RO         1013    i._ZN4mbed8FilePath6isFileEv  mbed.ar(FilePath.o)
    0x0000452c   0x00000004   Code   RO         1014    i._ZN4mbed8FilePath8fileNameEv  mbed.ar(FilePath.o)
    0x00004530   0x0000003e   Code   RO         1015    i._ZN4mbed8FilePathC1EPKc  mbed.ar(FilePath.o)
    0x0000456e   0x00000010   Code   RO           47    i._ZSt6strchrPci    main.o
    0x0000457e   0x00000008   Code   RO         1664    i._ZdlPv            cpprt_w.l(delete.o)
    0x00004586   0x00000032   Code   RO         1780    i.__aeabi_atexit    cpprt_w.l(aeabi_atexit.o)
    0x000045b8   0x00000024   Code   RO         1783    i.__aeabi_vec_ctor_nocookie_nodtor  cpprt_w.l(aeabi_vec_ctor_nocookie_nodtor.o)
    0x000045dc   0x00000042   Code   RO         2063    i.__cxa_finalize    cpprt_w.l(cxa_finalize.o)
    0x0000461e   0x00000006   Code   RO         1671    i.__cxa_pure_virtual  cpprt_w.l(pure_virt.o)
    0x00004624   0x0000000c   Code   RO         2107    i.__mathlib_dbl_invalid  m_ws.l(dunder.o)
    0x00004630   0x0000000e   Code   RO         2108    i.__mathlib_dbl_overflow  m_ws.l(dunder.o)
    0x0000463e   0x00000002   PAD
    0x00004640   0x00000010   Code   RO         2110    i.__mathlib_dbl_underflow  m_ws.l(dunder.o)
    0x00004650   0x00000010   Code   RO         2361    i.__mathlib_narrow  m_ws.l(narrow.o)
    0x00004660   0x00000088   Code   RO         2362    i.__mathlib_tofloat  m_ws.l(narrow.o)
    0x000046e8   0x00000016   Code   RO         2418    i.__support_ldexp   m_ws.l(ldexp.o)
    0x000046fe   0x00000002   PAD
    0x00004700   0x00000010   Code   RO          821    i.__user_setup_stackheap  sys.o
    0x00004710   0x0000000e   Code   RO         1583    i._is_digit         c_w.l(__printf_wp.o)
    0x0000471e   0x00000002   PAD
    0x00004720   0x00000028   Code   RO          851    i._sys_close        retarget.o
    0x00004748   0x00000024   Code   RO          854    i._sys_flen         retarget.o
    0x0000476c   0x00000024   Code   RO          855    i._sys_istty        retarget.o
    0x00004790   0x000000f4   Code   RO          856    i._sys_open         retarget.o
    0x00004884   0x0000003c   Code   RO          857    i._sys_read         retarget.o
    0x000048c0   0x00000028   Code   RO          858    i._sys_seek         retarget.o
    0x000048e8   0x00000054   Code   RO          859    i._sys_write        retarget.o
    0x0000493c   0x00000014   Code   RO          997    i.exit              mbed.ar(exit.o)
    0x00004950   0x00000018   Code   RO         1608    i.fgetc             c_w.l(fgetc.o)
    0x00004968   0x00000094   Code   RO         1831    i.fmod              m_ws.l(fmod.o)
    0x000049fc   0x0000001a   Code   RO         1614    i.fputc             c_w.l(fputc.o)
    0x00004a16   0x00000002   PAD
    0x00004a18   0x00000058   Code   RO         2398    i.frexp             m_ws.l(frexp.o)
    0x00004a70   0x0000001c   Code   RO         1460    i.gpio_dir          mbed.ar(gpio_api.o)
    0x00004a8c   0x0000004a   Code   RO         1461    i.gpio_init         mbed.ar(gpio_api.o)
    0x00004ad6   0x00000014   Code   RO         1463    i.gpio_set          mbed.ar(gpio_api.o)
    0x00004aea   0x0000000e   Code   RO         1281    i.gpio_write        mbed.ar(board.o)
    0x00004af8   0x00000074   Code   RO         2419    i.ldexp             m_ws.l(ldexp.o)
    0x00004b6c   0x00000084   Code   RO         1282    i.mbed_die          mbed.ar(board.o)
    0x00004bf0   0x00000004   Code   RO         1289    i.mbed_interface_connected  mbed.ar(mbed_interface.o)
    0x00004bf4   0x00000002   Code   RO          861    i.mbed_main         retarget.o
    0x00004bf6   0x00000002   PAD
    0x00004bf8   0x00000034   Code   RO         1258    i.pin_function      mbed.ar(pinmap.o)
    0x00004c2c   0x00000054   Code   RO         1259    i.pin_mode          mbed.ar(pinmap.o)
    0x00004c80   0x00000038   Code   RO         1309    i.pinmap_merge      mbed.ar(pinmap_common.o)
    0x00004cb8   0x0000004c   Code   RO         1310    i.pinmap_peripheral  mbed.ar(pinmap_common.o)
    0x00004d04   0x00000054   Code   RO         1311    i.pinmap_pinout     mbed.ar(pinmap_common.o)
    0x00004d58   0x00000010   Code   RO         1320    i.semihost_connected  mbed.ar(semihost_api.o)
    0x00004d68   0x0000000c   Code   RO         1323    i.semihost_exit     mbed.ar(semihost_api.o)
    0x00004d74   0x000001ac   Code   RO          952    i.serial_baud       mbed.ar(serial_api.o)
    0x00004f20   0x000000f0   Code   RO          956    i.serial_format     mbed.ar(serial_api.o)
    0x00005010   0x0000000e   Code   RO          958    i.serial_getc       mbed.ar(serial_api.o)
    0x0000501e   0x00000002   PAD
    0x00005020   0x00000140   Code   RO          959    i.serial_init       mbed.ar(serial_api.o)
    0x00005160   0x00000018   Code   RO          960    i.serial_irq_handler  mbed.ar(serial_api.o)
    0x00005178   0x000000b0   Code   RO          961    i.serial_irq_set    mbed.ar(serial_api.o)
    0x00005228   0x0000000e   Code   RO          963    i.serial_putc       mbed.ar(serial_api.o)
    0x00005236   0x00000002   PAD
    0x00005238   0x00000014   Code   RO          966    i.uart0_irq         mbed.ar(serial_api.o)
    0x0000524c   0x00000014   Code   RO          967    i.uart1_irq         mbed.ar(serial_api.o)
    0x00005260   0x00000014   Code   RO          968    i.uart2_irq         mbed.ar(serial_api.o)
    0x00005274   0x00000014   Code   RO          969    i.uart3_irq         mbed.ar(serial_api.o)
    0x00005288   0x0000002c   Code   RO          970    i.uart_irq          mbed.ar(serial_api.o)
    0x000052b4   0x0000000c   Code   RO         1266    i.us_ticker_clear_interrupt  mbed.ar(us_ticker.o)
    0x000052c0   0x00000010   Code   RO         1267    i.us_ticker_disable_interrupt  mbed.ar(us_ticker.o)
    0x000052d0   0x00000060   Code   RO         1268    i.us_ticker_init    mbed.ar(us_ticker.o)
    0x00005330   0x0000003c   Code   RO         1357    i.us_ticker_insert_event  mbed.ar(us_ticker_api.o)
    0x0000536c   0x00000040   Code   RO         1358    i.us_ticker_irq_handler  mbed.ar(us_ticker_api.o)
    0x000053ac   0x0000001c   Code   RO         1269    i.us_ticker_read    mbed.ar(us_ticker.o)
    0x000053c8   0x00000034   Code   RO         1359    i.us_ticker_remove_event  mbed.ar(us_ticker_api.o)
    0x000053fc   0x00000014   Code   RO         1360    i.us_ticker_set_handler  mbed.ar(us_ticker_api.o)
    0x00005410   0x00000014   Code   RO         1270    i.us_ticker_set_interrupt  mbed.ar(us_ticker.o)
    0x00005424   0x0000000a   Code   RO         1002    i.wait_ms           mbed.ar(wait_api.o)
    0x0000542e   0x00000016   Code   RO         1003    i.wait_us           mbed.ar(wait_api.o)
    0x00005444   0x0000002c   Code   RO         2304    locale$$code        c_w.l(lc_numeric_c.o)
    0x00005470   0x0000002c   Code   RO         2381    locale$$code        c_w.l(lc_ctype_c.o)
    0x0000549c   0x00000070   Code   RO          692    t._ZN4mbed10SerialBase6attachIN3AjK9MODSERIALEEEvPT_MS4_FvvENS0_7IrqTypeE  init.o
    0x0000550c   0x0000004e   Code   RO          698    t._ZN4mbed15FunctionPointer12membercallerIN3AjK9MODSERIALEEEvPvPc  init.o
    0x0000555a   0x00000002   PAD
    0x0000555c   0x00000062   Code   RO         1786    x$fpl$d2f           fz_ws.l(d2f.o)
    0x000055be   0x00000002   PAD
    0x000055c0   0x00000150   Code   RO         2079    x$fpl$dadd          fz_ws.l(daddsub_clz.o)
    0x00005710   0x00000010   Code   RO         2344    x$fpl$dcheck1       fz_ws.l(dcheck1.o)
    0x00005720   0x00000018   Code   RO         2413    x$fpl$dcmpinf       fz_ws.l(dcmpi.o)
    0x00005738   0x000002b0   Code   RO         1789    x$fpl$ddiv          fz_ws.l(ddiv.o)
    0x000059e8   0x00000078   Code   RO         2393    x$fpl$deqf          fz_ws.l(deqf.o)
    0x00005a60   0x0000005e   Code   RO         1792    x$fpl$dfix          fz_ws.l(dfix.o)
    0x00005abe   0x00000002   PAD
    0x00005ac0   0x00000078   Code   RO         2415    x$fpl$dleqf         fz_ws.l(dleqf.o)
    0x00005b38   0x00000154   Code   RO         1796    x$fpl$dmul          fz_ws.l(dmul.o)
    0x00005c8c   0x0000009c   Code   RO         2085    x$fpl$dnaninf       fz_ws.l(dnaninf.o)
    0x00005d28   0x00000150   Code   RO         2087    x$fpl$drem          fz_ws.l(drem_clz.o)
    0x00005e78   0x0000000c   Code   RO         2089    x$fpl$dretinf       fz_ws.l(dretinf.o)
    0x00005e84   0x0000006c   Code   RO         2395    x$fpl$drleqf        fz_ws.l(drleqf.o)
    0x00005ef0   0x00000016   Code   RO         2080    x$fpl$drsb          fz_ws.l(daddsub_clz.o)
    0x00005f06   0x00000002   PAD
    0x00005f08   0x000001d4   Code   RO         2081    x$fpl$dsub          fz_ws.l(daddsub_clz.o)
    0x000060dc   0x00000056   Code   RO         1798    x$fpl$f2d           fz_ws.l(f2d.o)
    0x00006132   0x00000002   PAD
    0x00006134   0x000000c4   Code   RO         1800    x$fpl$fadd          fz_ws.l(faddsub_clz.o)
    0x000061f8   0x0000000c   Code   RO         2091    x$fpl$fcheck1       fz_ws.l(fcheck1.o)
    0x00006204   0x00000018   Code   RO         2093    x$fpl$fcmpinf       fz_ws.l(fcmpi.o)
    0x0000621c   0x00000184   Code   RO         1807    x$fpl$fdiv          fz_ws.l(fdiv.o)
    0x000063a0   0x0000003e   Code   RO         1814    x$fpl$ffixu         fz_ws.l(ffixu.o)
    0x000063de   0x00000002   PAD
    0x000063e0   0x00000030   Code   RO         1819    x$fpl$fflt          fz_ws.l(fflt_clz.o)
    0x00006410   0x00000026   Code   RO         1818    x$fpl$ffltu         fz_ws.l(fflt_clz.o)
    0x00006436   0x00000002   PAD
    0x00006438   0x00000068   Code   RO         1824    x$fpl$fleqf         fz_ws.l(fleqf.o)
    0x000064a0   0x00000102   Code   RO         1826    x$fpl$fmul          fz_ws.l(fmul.o)
    0x000065a2   0x0000008c   Code   RO         2095    x$fpl$fnaninf       fz_ws.l(fnaninf.o)
    0x0000662e   0x0000000a   Code   RO         2097    x$fpl$fretinf       fz_ws.l(fretinf.o)
    0x00006638   0x000000ea   Code   RO         1802    x$fpl$fsub          fz_ws.l(faddsub_clz.o)
    0x00006722   0x00000064   Code   RO         2254    x$fpl$retnan        fz_ws.l(retnan.o)
    0x00006786   0x0000005c   Code   RO         2256    x$fpl$scalbn        fz_ws.l(scalbn.o)
    0x000067e2   0x0000004c   Code   RO         1828    x$fpl$scalbnf       fz_ws.l(scalbnf.o)
    0x0000682e   0x00000004   Code   RO         2101    x$fpl$scanf1        fz_ws.l(scanf1.o)
    0x00006832   0x00000008   Code   RO         2351    x$fpl$scanf2        fz_ws.l(scanf2.o)
    0x0000683a   0x00000030   Code   RO         2357    x$fpl$trapveneer    fz_ws.l(trapv.o)
    0x0000686a   0x00000000   Code   RO         2103    x$fpl$usenofp       fz_ws.l(usenofp.o)
    0x0000686a   0x0000001c   Data   RO            6    .constdata          main.o
    0x00006886   0x00000002   PAD
    0x00006888   0x00000008   Data   RO          547    .constdata          modserial.o
    0x00006890   0x00000010   Data   RO          678    .constdata          init.o
    0x000068a0   0x00000017   Data   RO          898    .constdata          retarget.o
    0x000068b7   0x00000001   PAD
    0x000068b8   0x000000d8   Data   RO          972    .constdata          mbed.ar(serial_api.o)
    0x00006990   0x00000028   Data   RO         1571    .constdata          c_w.l(_printf_hex_int_ll_ptr.o)
    0x000069b8   0x00000011   Data   RO         1591    .constdata          c_w.l(__printf_flags_ss_wp.o)
    0x000069c9   0x00000003   PAD
    0x000069cc   0x00000094   Data   RO         2277    .constdata          c_w.l(bigflt0.o)
    0x00006a60   0x00000044   Data   RO          562    .constdata__ZTVN3AjK9MODSERIALE  modserial.o
    0x00006aa4   0x0000002c   Data   RO          943    .constdata__ZTVN4mbed10FileHandleE  retarget.o
    0x00006ad0   0x00000014   Data   RO         1253    .constdata__ZTVN4mbed10TimerEventE  mbed.ar(TimerEvent.o)
    0x00006ae4   0x00000044   Data   RO         1115    .constdata__ZTVN4mbed6SerialE  mbed.ar(Serial.o)
    0x00006b28   0x00000044   Data   RO         1193    .constdata__ZTVN4mbed6StreamE  mbed.ar(Stream.o)
    0x00006b6c   0x00000014   Data   RO         1206    .constdata__ZTVN4mbed6TickerE  mbed.ar(Ticker.o)
    0x00006b80   0x00000014   Data   RO         1219    .constdata__ZTVN4mbed7TimeoutE  mbed.ar(Timeout.o)
    0x00006b94   0x00000010   Data   RO         1395    .constdata__ZTVN4mbed8FileBaseE  mbed.ar(FileBase.o)
    0x00006ba4   0x0000003c   Data   RO         1418    .constdata__ZTVN4mbed8FileLikeE  mbed.ar(FileLike.o)
    0x00006be0   0x00000020   Data   RO         2430    Region$$Table       anon$$obj.o
    0x00006c00   0x00000008   Data   RO         2346    c$$dinf             fz_ws.l(fpconst.o)
    0x00006c08   0x0000001c   Data   RO         2303    locale$$data        c_w.l(lc_numeric_c.o)
    0x00006c24   0x00000110   Data   RO         2380    locale$$data        c_w.l(lc_ctype_c.o)
    0x00006d34   0x00000004   Data   RO            8    .init_array         main.o
    0x00006d38   0x00000000   Data   RO         1659    .init_array         c_w.l(init_aeabi.o)


    Execution Region RW_IRAM1 (Base: 0x100000c8, Size: 0x00000744, Max: 0x00007f38, ABSOLUTE)

    Base Addr    Size         Type   Attr      Idx    E Section Name        Object

    0x100000c8   0x0000003c   Data   RW            7    .data               main.o
    0x10000104   0x00000001   Data   RW          326    .data               task1.o
    0x10000105   0x00000001   Data   RW          341    .data               task2.o
    0x10000106   0x00000001   Data   RW          356    .data               task3.o
    0x10000107   0x00000001   Data   RW          371    .data               task4.o
    0x10000108   0x00000004   Data   RW          836    .data               system_LPC17xx.o
    0x1000010c   0x00000010   Data   RW          973    .data               mbed.ar(serial_api.o)
    0x1000011c   0x00000004   Data   RW         1271    .data               mbed.ar(us_ticker.o)
    0x10000120   0x00000008   Data   RW         1361    .data               mbed.ar(us_ticker_api.o)
    0x10000128   0x00000004   Data   RW         1384    .data               mbed.ar(FileBase.o)
    0x1000012c   0x00000004   Data   RW         1626    .data               c_w.l(stdio_streams.o)
    0x10000130   0x00000004   Data   RW         1627    .data               c_w.l(stdio_streams.o)
    0x10000134   0x00000004   Data   RW         1628    .data               c_w.l(stdio_streams.o)
    0x10000138   0x00000004   Data   RW         2218    .data               c_w.l(heapauxa.o)
    0x1000013c   0x00000564   Zero   RW            5    .bss                main.o
    0x100006a0   0x00000040   Zero   RW          897    .bss                retarget.o
    0x100006e0   0x00000010   Zero   RW          971    .bss                mbed.ar(serial_api.o)
    0x100006f0   0x00000054   Zero   RW         1623    .bss                c_w.l(stdio_streams.o)
    0x10000744   0x00000054   Zero   RW         1624    .bss                c_w.l(stdio_streams.o)
    0x10000798   0x00000054   Zero   RW         1625    .bss                c_w.l(stdio_streams.o)
    0x100007ec   0x00000004   Zero   RW         1846    .bss                c_w.l(rt_heap_descriptor.o)
    0x100007f0   0x00000004   Zero   RW         1856    .bss                c_w.l(rt_ddtor_pointer_addr.o)
    0x100007f4   0x00000004   Zero   RW         2141    .bss                c_w.l(rt_errno_addr.o)
    0x100007f8   0x00000014   Zero   RW         2263    .bss                c_w.l(rt_locale.o)


    Execution Region RW_IRAM2 (Base: 0x2007c000, Size: 0x00000000, Max: 0x00004000, ABSOLUTE)

    **** No section assigned to this execution region ****


    Execution Region RW_IRAM3 (Base: 0x20080000, Size: 0x00000000, Max: 0x00004000, ABSOLUTE)

    **** No section assigned to this execution region ****


    Execution Region RW_IRAM4 (Base: 0x40038000, Size: 0x00000000, Max: 0x00000800, ABSOLUTE)

    **** No section assigned to this execution region ****


==============================================================================

Image component sizes


      Code (inc. data)   RO Data    RW Data    ZI Data      Debug   Object Name

        48          6          0          0          0         84   cmsis_nvic.o
       146          0          0          0          0       8808   getc.o
       512         82         16          0          0      12720   init.o
       168          0          0          0          0       8600   isr_rx.o
       140          0          0          0          0       8648   isr_tx.o
      1914        232         32         60       1380      48474   main.o
       702         16         76          0          0      36803   modserial.o
       298          0          0          0          0       9536   putc.o
         0          0          0          0          0       1156   resize.o
       686         70         67          0         64        888   retarget.o
        40         12        196          0          0        228   startup_LPC17xx.o
        16          6          0          0          0         68   sys.o
       156         10          0          4          0         76   system_LPC17xx.o
        40          4          0          1          0        843   task1.o
        40          4          0          1          0        843   task2.o
        40          4          0          1          0        843   task3.o
        40          4          0          1          0        843   task4.o

    ----------------------------------------------------------------------
      4992        450        422         68       1444     139461   Object Totals
         0          0         32          0          0          0   (incl. Generated)
         6          0          3          0          0          0   (incl. Padding)

    ----------------------------------------------------------------------

      Code (inc. data)   RO Data    RW Data    ZI Data      Debug   Library Member Name

        60          8          0          0          0         84   __0sscanf.o
        20          0          0          0          0         84   __2fprintf.o
        44          6          0          0          0         84   __2sprintf.o
         8          0          0          0          0         68   __main.o
       392          4         17          0          0         92   __printf_flags_ss_wp.o
        14          0          0          0          0         68   __printf_wp.o
         0          0          0          0          0          0   __rtentry.o
        12          0          0          0          0          0   __rtentry2.o
         6          0          0          0          0          0   __rtentry4.o
        52          8          0          0          0          0   __scatter.o
        26          0          0          0          0          0   __scatter_copy.o
        28          0          0          0          0          0   __scatter_zi.o
        28          0          0          0          0         68   _chval.o
        60          0          0          0          0         92   _mbrtowc.o
        48          6          0          0          0         96   _printf_char_common.o
        36          4          0          0          0         80   _printf_char_file.o
         6          0          0          0          0          0   _printf_d.o
       120         16          0          0          0         92   _printf_dec.o
       148          4         40          0          0        160   _printf_hex_int_ll_ptr.o
       178          0          0          0          0         88   _printf_intcommon.o
         6          0          0          0          0          0   _printf_p.o
         0          0          0          0          0          0   _printf_percent.o
         4          0          0          0          0          0   _printf_percent_end.o
        22          0          0          0          0        100   _rserrno.o
       884          6          0          0          0        100   _scanf.o
       332          0          0          0          0         96   _scanf_int.o
       342          0          0          0          0        100   _scanf_longlong.o
       276          0          0          0          0        100   _scanf_mbtowc.o
       224          0          0          0          0         96   _scanf_str.o
        30          0          0          0          0         76   _scanf_wcharmap.o
       232          0          0          0          0        100   _scanf_wctomb.o
       208          0          0          0          0         96   _scanf_wstr.o
        64          0          0          0          0         84   _sgetc.o
        10          0          0          0          0         68   _sputc.o
        64          0          0          0          0         92   _wcrtomb.o
        72          0          0          0          0         92   backspace.o
       220          4        148          0          0         96   bigflt0.o
      1846        132          0          0          0        736   btod.o
        10          0          0          0          0         68   defsig_exit.o
        50          0          0          0          0         88   defsig_general.o
        48         34          0          0          0         76   defsig_pvfn_inner.o
        14          0          0          0          0         80   defsig_pvfn_outer.o
        80         58          0          0          0         76   defsig_rtmem_inner.o
        14          0          0          0          0         80   defsig_rtmem_outer.o
        52         38          0          0          0         76   defsig_rtred_inner.o
        14          0          0          0          0         80   defsig_rtred_outer.o
        76          0          0          0          0         88   fclose.o
         8          0          0          0          0         68   ferror.o
       100          4          0          0          0        120   fflush.o
        24          0          0          0          0         68   fgetc.o
       570          0          0          0          0        132   filbuf.o
       470          0          0          0          0         88   flsbuf.o
        56          6          0          0          0         80   flushlinebuffered.o
       236          4          0          0          0        128   fopen.o
        26          0          0          0          0         68   fputc.o
       248          6          0          0          0         84   fseek.o
        66          0          0          0          0         76   ftell.o
        94          0          0          0          0         80   h1_alloc.o
        52          0          0          0          0         68   h1_extend.o
        78          0          0          0          0         80   h1_free.o
        14          0          0          0          0         84   h1_init.o
        80          6          0          4          0         96   heapauxa.o
         4          0          0          0          0        136   hguard.o
         0          0          0          0          0          0   indicate_semi.o
        36         10          0          0          0         80   init_aeabi.o
       138          0          0          0          0        168   init_alloc.o
       312         46          0          0          0        112   initio.o
        18          0          0          0          0         76   isspace.o
        44         10        272          0          0         76   lc_ctype_c.o
        44         10         28          0          0         76   lc_numeric_c.o
         2          0          0          0          0          0   libinit.o
        46          0          0          0          0          0   libinit2.o
         6          0          0          0          0          0   libshutdown2.o
        38          0          0          0          0         68   llshl.o
         0          0          0          0          0          0   maybetermalloc1.o
        16          4          0          0          0         76   rt_ctype_table.o
         8          4          0          0          4         68   rt_ddtor_pointer_addr.o
         8          4          0          0          4         68   rt_errno_addr.o
         8          4          0          0          4         68   rt_heap_descriptor.o
         8          4          0          0         20         68   rt_locale.o
        78          0          0          0          0         80   rt_memclr_w.o
        32          6          0          0          0         84   scanf.o
        44          8          0          0          0         84   scanf_char.o
        24          8          0          0          0         68   scanf_char_file.o
      1188         12          0          0          0        148   scanf_fp.o
       792         14          0          0          0        100   scanf_hexfp.o
       308         16          0          0          0        100   scanf_infnan.o
        20          0          0          0          0         68   setbuf.o
        70          0          0          0          0         80   setvbuf.o
       240          6          0          0          0        156   stdio.o
         0          0          0         12        252          0   stdio_streams.o
        20          0          0          0          0         68   strchr.o
       128          0          0          0          0         68   strcmpv7m.o
        62          0          0          0          0         76   strlen.o
       150          0          0          0          0         80   strncmp.o
        12          4          0          0          0         68   sys_exit.o
        14          0          0          0          0         76   sys_wrch.o
        72         12          0          0          0         68   ungetc.o
         2          0          0          0          0         68   use_no_semi.o
        50          0          0          0          0         84   aeabi_atexit.o
        36          0          0          0          0         84   aeabi_vec_ctor_nocookie_nodtor.o
        66          0          0          0          0         84   cxa_finalize.o
         8          0          0          0          0         76   delete.o
         6          0          0          0          0         68   pure_virt.o
        98          4          0          0          0         92   d2f.o
       826         16          0          0          0        348   daddsub_clz.o
        16          4          0          0          0         68   dcheck1.o
        24          0          0          0          0         68   dcmpi.o
       688        140          0          0          0        208   ddiv.o
       120          4          0          0          0         92   deqf.o
        94          4          0          0          0         92   dfix.o
       120          4          0          0          0         92   dleqf.o
       340         12          0          0          0        104   dmul.o
       156          4          0          0          0         92   dnaninf.o
       336         12          0          0          0         88   drem_clz.o
        12          0          0          0          0         68   dretinf.o
       108          0          0          0          0         80   drleqf.o
        86          4          0          0          0         84   f2d.o
       430          8          0          0          0        168   faddsub_clz.o
        12          4          0          0          0         68   fcheck1.o
        24          0          0          0          0         68   fcmpi.o
       388         76          0          0          0         96   fdiv.o
        62          4          0          0          0         84   ffixu.o
        86          0          0          0          0        136   fflt_clz.o
       104          4          0          0          0         84   fleqf.o
       258          4          0          0          0         84   fmul.o
       140          4          0          0          0         84   fnaninf.o
         0          0          8          0          0          0   fpconst.o
        10          0          0          0          0         68   fretinf.o
       100          0          0          0          0         68   retnan.o
        92          0          0          0          0         68   scalbn.o
        76          0          0          0          0         68   scalbnf.o
         4          0          0          0          0         68   scanf1.o
         8          0          0          0          0         84   scanf2.o
        48          0          0          0          0         68   trapv.o
         0          0          0          0          0          0   usenofp.o
        42          6          0          0          0        204   dunder.o
       148          4          0          0          0         88   fmod.o
        88          8          0          0          0         76   frexp.o
       138          0          0          0          0        160   ldexp.o
       152          4          0          0          0        168   narrow.o
       144         26         16          4          0        284   FileBase.o
        50          8         60          0          0        156   FileLike.o
       156          0          0          0          0        516   FilePath.o
        40          0          0          0          0        204   FunctionPointer.o
        44          4         68          0          0        212   Serial.o
        96          8          0          0          0        360   SerialBase.o
       212         18         68          0          0        688   Stream.o
        58          0         20          0          0        168   Ticker.o
        10          0         20          0          0        136   Timeout.o
        72         16         20          0          0        356   TimerEvent.o
       146          6          0          0          0        144   board.o
        20          0          0          0          0         72   exit.o
       122          0          0          0          0        236   gpio_api.o
         4          0          0          0          0         68   mbed_interface.o
       136         18          0          0          0        160   pinmap.o
       216         86          0          0          0        236   pinmap_common.o
        28          6          0          0          0        148   semihost_api.o
      1340        288        216         16         16        896   serial_api.o
       172         48          0          4          0        356   us_ticker.o
       196         20          0          8          0        320   us_ticker_api.o
        32          0          0          0          0        148   wait_api.o

    ----------------------------------------------------------------------
     21542       1424       1004         48        300      17796   Library Totals
        54          2          3          0          0          0   (incl. Padding)

    ----------------------------------------------------------------------

      Code (inc. data)   RO Data    RW Data    ZI Data      Debug   Library Name

     12594        536        505         16        284       7900   c_w.l
       166          0          0          0          0        396   cpprt_w.l
      4866        312          8          0          0       2940   fz_ws.l
       568         22          0          0          0        696   m_ws.l
      3294        552        488         32         16       5864   mbed.ar

    ----------------------------------------------------------------------
     21542       1424       1004         48        300      17796   Library Totals

    ----------------------------------------------------------------------

==============================================================================


      Code (inc. data)   RO Data    RW Data    ZI Data      Debug   

     26534       1874       1426        116       1744     143941   Grand Totals
     26534       1874       1426        116       1744     143941   ELF Image Totals
     26534       1874       1426        116          0          0   ROM Totals

==============================================================================

    Total RO  Size (Code + RO Data)                27960 (  27.30kB)
    Total RW  Size (RW Data + ZI Data)              1860 (   1.82kB)
    Total ROM Size (Code + RO Data + RW Data)      28076 (  27.42kB)

==============================================================================

