Component: ARM Compiler 5.05 update 2 (build 169) Tool: armlink [4d0f33]

==============================================================================

Section Cross References

    main.o(.text) refers to task1.o(.text) for Task1_Init()
    main.o(.text) refers to task2.o(.text) for Task2_Init()
    main.o(.text) refers to task3.o(.text) for Task3_Init()
    main.o(.text) refers to task4.o(.text) for Task4_Init()
    main.o(.text) refers to wait_api.o(i.wait_ms) for wait_ms
    main.o(.ARM.exidx) refers to main.o(.text) for .text
    task1.o(.text) refers to task1.o(.data) for task1St
    task1.o(.ARM.exidx) refers to task1.o(.text) for .text
    task2.o(.text) refers to task2.o(.data) for task2St
    task2.o(.ARM.exidx) refers to task2.o(.text) for .text
    task3.o(.text) refers to task3.o(.data) for task3St
    task3.o(.ARM.exidx) refers to task3.o(.text) for .text
    task4.o(.text) refers to task4.o(.data) for task4St
    task4.o(.ARM.exidx) refers to task4.o(.text) for .text
    sys.o(.ARM.exidx) refers to sys.o(i.__user_setup_stackheap) for i.__user_setup_stackheap
    system_LPC17xx.o(i.SystemCoreClockUpdate) refers to lludivv7m.o(.text) for __aeabi_uldivmod
    system_LPC17xx.o(i.SystemCoreClockUpdate) refers to system_LPC17xx.o(.data) for .data
    startup_LPC17xx.o(RESET) refers to startup_LPC17xx.o(.text) for Reset_Handler
    startup_LPC17xx.o(.text) refers to system_LPC17xx.o(i.SystemInit) for SystemInit
    startup_LPC17xx.o(.text) refers to __main.o(!!!main) for __main
    retarget.o(i.$Sub$$main) refers to retarget.o(i.mbed_main) for mbed_main
    retarget.o(i.$Sub$$main) refers to main.o(.text) for $Super$$main
    retarget.o(i._Z11init_serialv) refers to serial_api.o(i.serial_init) for serial_init
    retarget.o(i._Z11init_serialv) refers to serial_api.o(.data) for stdio_uart_inited
    retarget.o(i._ZN4mbed10FileHandleD0Ev) refers to retarget.o(i._ZN4mbed10FileHandleD2Ev) for mbed::FileHandle::~FileHandle__sub_object()
    retarget.o(i._ZN4mbed10FileHandleD0Ev) refers to delete.o(i._ZdlPv) for operator delete (void*)
    retarget.o(i._ZN4mbed10FileHandleD2Ev) refers to retarget.o(.constdata__ZTVN4mbed10FileHandleE) for vtable for mbed::FileHandle
    retarget.o(i._ZN4mbed10FileHandleD2Ev) refers to retarget.o(.bss) for .bss
    retarget.o(i._sys_close) refers to retarget.o(.bss) for .bss
    retarget.o(i._sys_ensure) refers to retarget.o(.bss) for .bss
    retarget.o(i._sys_flen) refers to retarget.o(.bss) for .bss
    retarget.o(i._sys_istty) refers to retarget.o(.bss) for .bss
    retarget.o(i._sys_open) refers to _scanf_int.o(.text) for _scanf_int
    retarget.o(i._sys_open) refers to strcmpv7m.o(.text) for strcmp
    retarget.o(i._sys_open) refers to retarget.o(i._Z11init_serialv) for init_serial()
    retarget.o(i._sys_open) refers to FilePath.o(i._ZN4mbed8FilePathC1EPKc) for mbed::FilePath::FilePath(const char*)
    retarget.o(i._sys_open) refers to FilePath.o(i._ZN4mbed8FilePath6existsEv) for mbed::FilePath::exists()
    retarget.o(i._sys_open) refers to FilePath.o(i._ZN4mbed8FilePath6isFileEv) for mbed::FilePath::isFile()
    retarget.o(i._sys_open) refers to FilePath.o(i._ZN4mbed8FilePath4fileEv) for mbed::FilePath::file()
    retarget.o(i._sys_open) refers to __0sscanf.o(.text) for __0sscanf
    retarget.o(i._sys_open) refers to FilePath.o(i._ZN4mbed8FilePath10fileSystemEv) for mbed::FilePath::fileSystem()
    retarget.o(i._sys_open) refers to FilePath.o(i._ZN4mbed8FilePath8fileNameEv) for mbed::FilePath::fileName()
    retarget.o(i._sys_open) refers to retarget.o(.constdata) for .constdata
    retarget.o(i._sys_open) refers to retarget.o(.bss) for .bss
    retarget.o(i._sys_read) refers to serial_api.o(i.serial_getc) for serial_getc
    retarget.o(i._sys_read) refers to serial_api.o(.data) for stdio_uart
    retarget.o(i._sys_read) refers to retarget.o(.bss) for .bss
    retarget.o(i._sys_seek) refers to retarget.o(.bss) for .bss
    retarget.o(i._sys_write) refers to retarget.o(i._Z11init_serialv) for init_serial()
    retarget.o(i._sys_write) refers to serial_api.o(i.serial_putc) for serial_putc
    retarget.o(i._sys_write) refers to serial_api.o(.data) for stdio_uart_inited
    retarget.o(i._sys_write) refers to retarget.o(.bss) for .bss
    retarget.o(i.mkdir) refers to FilePath.o(i._ZN4mbed8FilePathC1EPKc) for mbed::FilePath::FilePath(const char*)
    retarget.o(i.mkdir) refers to FilePath.o(i._ZN4mbed8FilePath10fileSystemEv) for mbed::FilePath::fileSystem()
    retarget.o(i.mkdir) refers to FilePath.o(i._ZN4mbed8FilePath8fileNameEv) for mbed::FilePath::fileName()
    retarget.o(i.opendir) refers to FilePath.o(i._ZN4mbed8FilePathC1EPKc) for mbed::FilePath::FilePath(const char*)
    retarget.o(i.opendir) refers to FilePath.o(i._ZN4mbed8FilePath10fileSystemEv) for mbed::FilePath::fileSystem()
    retarget.o(i.opendir) refers to FilePath.o(i._ZN4mbed8FilePath8fileNameEv) for mbed::FilePath::fileName()
[...]
    FileSystemLike.o(.constdata__ZTVN4mbed14FileSystemLikeE) refers to FileSystemLike.o(i._ZN4mbed14FileSystemLike7opendirEPKc) for mbed::FileSystemLike::opendir(const char*)
    FileSystemLike.o(.constdata__ZTVN4mbed14FileSystemLikeE) refers to FileSystemLike.o(i._ZN4mbed14FileSystemLike5mkdirEPKci) for mbed::FileSystemLike::mkdir(const char*, int)
    FileSystemLike.o(.ARM.exidx) refers to FileSystemLike.o(i._ZN4mbed14FileSystemLike6removeEPKc) for i._ZN4mbed14FileSystemLike6removeEPKc
    FileSystemLike.o(.ARM.exidx) refers to FileSystemLike.o(i._ZN4mbed14FileSystemLike6renameEPKcS2_) for i._ZN4mbed14FileSystemLike6renameEPKcS2_
    FileSystemLike.o(.ARM.exidx) refers to FileSystemLike.o(i._ZN4mbed14FileSystemLike7opendirEPKc) for i._ZN4mbed14FileSystemLike7opendirEPKc
    FileSystemLike.o(.ARM.exidx) refers to FileSystemLike.o(i._ZN4mbed14FileSystemLike5mkdirEPKci) for i._ZN4mbed14FileSystemLike5mkdirEPKci
    FileSystemLike.o(.constdata__ZTVN4mbed13BaseDirHandleE) refers to FileSystemLike.o(.constdata__ZTIN4mbed13BaseDirHandleE) for typeinfo for mbed::BaseDirHandle
    FileSystemLike.o(.constdata__ZTVN4mbed13BaseDirHandleE) refers to FileSystemLike.o(i._ZN4mbed13BaseDirHandle8closedirEv) for mbed::BaseDirHandle::closedir()
    FileSystemLike.o(.constdata__ZTVN4mbed13BaseDirHandleE) refers to FileSystemLike.o(i._ZN4mbed13BaseDirHandle7readdirEv) for mbed::BaseDirHandle::readdir()
    FileSystemLike.o(.constdata__ZTVN4mbed13BaseDirHandleE) refers to FileSystemLike.o(i._ZN4mbed13BaseDirHandle9rewinddirEv) for mbed::BaseDirHandle::rewinddir()
    FileSystemLike.o(.constdata__ZTVN4mbed13BaseDirHandleE) refers to FileSystemLike.o(i._ZN4mbed13BaseDirHandle7telldirEv) for mbed::BaseDirHandle::telldir()
    FileSystemLike.o(.constdata__ZTVN4mbed13BaseDirHandleE) refers to FileSystemLike.o(i._ZN4mbed13BaseDirHandle7seekdirEl) for mbed::BaseDirHandle::seekdir(long)
    FileSystemLike.o(.constdata__ZTVN4mbed13BaseDirHandleE) refers to FileSystemLike.o(i._ZN4mbed13BaseDirHandleD1Ev) for mbed::BaseDirHandle::~BaseDirHandle()
    FileSystemLike.o(.constdata__ZTVN4mbed13BaseDirHandleE) refers to FileSystemLike.o(i._ZN4mbed13BaseDirHandleD0Ev) for mbed::BaseDirHandle::~BaseDirHandle__deallocating()
    FileSystemLike.o(.constdata__ZTIN4mbed14FileSystemLikeE) refers to lib_rtti_impl.o(.constdata__ZTVN10__cxxabiv120__si_class_type_infoE) for vtable for __cxxabiv1::__si_class_type_info
    FileSystemLike.o(.constdata__ZTIN4mbed14FileSystemLikeE) refers to FileSystemLike.o(.constdata__ZTSN4mbed14FileSystemLikeE) for typeinfo name for mbed::FileSystemLike
    FileSystemLike.o(.constdata__ZTIN4mbed14FileSystemLikeE) refers to FileBase.o(.constdata__ZTIN4mbed8FileBaseE) for typeinfo for mbed::FileBase
    FileSystemLike.o(.constdata__ZTIN4mbed13BaseDirHandleE) refers to lib_rtti_impl.o(.constdata__ZTVN10__cxxabiv120__si_class_type_infoE) for vtable for __cxxabiv1::__si_class_type_info
    FileSystemLike.o(.constdata__ZTIN4mbed13BaseDirHandleE) refers to FileSystemLike.o(.constdata__ZTSN4mbed13BaseDirHandleE) for typeinfo name for mbed::BaseDirHandle
    FileSystemLike.o(.constdata__ZTIN4mbed13BaseDirHandleE) refers to FileSystemLike.o(.constdata__ZTIN4mbed9DirHandleE) for typeinfo for mbed::DirHandle
    FileSystemLike.o(.constdata__ZTIN4mbed9DirHandleE) refers to lib_rtti_impl.o(.constdata__ZTVN10__cxxabiv117__class_type_infoE) for vtable for __cxxabiv1::__class_type_info
    FileSystemLike.o(.constdata__ZTIN4mbed9DirHandleE) refers to FileSystemLike.o(.constdata__ZTSN4mbed9DirHandleE) for typeinfo name for mbed::DirHandle
    FileSystemLike.o(.ARM.exidx) refers to FileSystemLike.o(i._ZN4mbed13BaseDirHandle8closedirEv) for i._ZN4mbed13BaseDirHandle8closedirEv
    FileSystemLike.o(i._ZN4mbed13BaseDirHandle7readdirEv) refers to FileBase.o(i._ZN4mbed8FileBase3getEi) for mbed::FileBase::get(int)
    FileSystemLike.o(i._ZN4mbed13BaseDirHandle7readdirEv) refers to FileBase.o(i._ZN4mbed8FileBase7getNameEv) for mbed::FileBase::getName()
    FileSystemLike.o(i._ZN4mbed13BaseDirHandle7readdirEv) refers to strncpy.o(.text) for strncpy
    FileSystemLike.o(.ARM.exidx) refers to FileSystemLike.o(i._ZN4mbed13BaseDirHandle7readdirEv) for i._ZN4mbed13BaseDirHandle7readdirEv
    FileSystemLike.o(.ARM.exidx) refers to FileSystemLike.o(i._ZN4mbed13BaseDirHandle7telldirEv) for i._ZN4mbed13BaseDirHandle7telldirEv
    FileSystemLike.o(.ARM.exidx) refers to FileSystemLike.o(i._ZN4mbed13BaseDirHandle7seekdirEl) for i._ZN4mbed13BaseDirHandle7seekdirEl
    FileSystemLike.o(.ARM.exidx) refers to FileSystemLike.o(i._ZN4mbed13BaseDirHandle9rewinddirEv) for i._ZN4mbed13BaseDirHandle9rewinddirEv
    FileSystemLike.o(.ARM.exidx) refers to FileSystemLike.o(i._ZN4mbed13BaseDirHandleD1Ev) for i._ZN4mbed13BaseDirHandleD1Ev
    FileSystemLike.o(i._ZN4mbed13BaseDirHandleD0Ev) refers to delete.o(i._ZdlPv) for operator delete (void*)
    FileSystemLike.o(.ARM.exidx) refers to FileSystemLike.o(i._ZN4mbed13BaseDirHandleD0Ev) for i._ZN4mbed13BaseDirHandleD0Ev
    FileBase.o(.constdata__ZTVN4mbed8FileBaseE) refers to FileBase.o(.constdata__ZTIN4mbed8FileBaseE) for typeinfo for mbed::FileBase
    FileBase.o(.constdata__ZTVN4mbed8FileBaseE) refers to FileBase.o(i._ZN4mbed8FileBaseD1Ev) for mbed::FileBase::~FileBase()
    FileBase.o(.constdata__ZTVN4mbed8FileBaseE) refers to FileBase.o(i._ZN4mbed8FileBaseD0Ev) for mbed::FileBase::~FileBase__deallocating()
    FileBase.o(.constdata__ZTIN4mbed8FileBaseE) refers to lib_rtti_impl.o(.constdata__ZTVN10__cxxabiv117__class_type_infoE) for vtable for __cxxabiv1::__class_type_info
    FileBase.o(.constdata__ZTIN4mbed8FileBaseE) refers to FileBase.o(.constdata__ZTSN4mbed8FileBaseE) for typeinfo name for mbed::FileBase
    lib_rtti_impl.o(.constdata__ZTVN10__cxxabiv123__fundamental_type_infoE) refers to lib_rtti_impl.o(.constdata__ZTIN10__cxxabiv123__fundamental_type_infoE) for typeinfo for __cxxabiv1::__fundamental_type_info
    lib_rtti_impl.o(.constdata__ZTVN10__cxxabiv123__fundamental_type_infoE) refers to lib_rtti_impl.o(i._ZN10__cxxabiv123__fundamental_type_infoD1Ev) for __cxxabiv1::__fundamental_type_info::~__fundamental_type_info()
    lib_rtti_impl.o(.constdata__ZTVN10__cxxabiv123__fundamental_type_infoE) refers to lib_rtti_impl.o(i._ZN10__cxxabiv123__fundamental_type_infoD0Ev) for __cxxabiv1::__fundamental_type_info::~__fundamental_type_info__deallocating()
    lib_rtti_impl.o(.constdata__ZTVN10__cxxabiv117__array_type_infoE) refers to lib_rtti_impl.o(.constdata__ZTIN10__cxxabiv117__array_type_infoE) for typeinfo for __cxxabiv1::__array_type_info
    lib_rtti_impl.o(.constdata__ZTVN10__cxxabiv117__array_type_infoE) refers to lib_rtti_impl.o(i._ZN10__cxxabiv117__array_type_infoD1Ev) for __cxxabiv1::__array_type_info::~__array_type_info()
    lib_rtti_impl.o(.constdata__ZTVN10__cxxabiv117__array_type_infoE) refers to lib_rtti_impl.o(i._ZN10__cxxabiv117__array_type_infoD0Ev) for __cxxabiv1::__array_type_info::~__array_type_info__deallocating()
    lib_rtti_impl.o(.constdata__ZTVN10__cxxabiv120__function_type_infoE) refers to lib_rtti_impl.o(.constdata__ZTIN10__cxxabiv120__function_type_infoE) for typeinfo for __cxxabiv1::__function_type_info
    lib_rtti_impl.o(.constdata__ZTVN10__cxxabiv120__function_type_infoE) refers to lib_rtti_impl.o(i._ZN10__cxxabiv120__function_type_infoD1Ev) for __cxxabiv1::__function_type_info::~__function_type_info()
    lib_rtti_impl.o(.constdata__ZTVN10__cxxabiv120__function_type_infoE) refers to lib_rtti_impl.o(i._ZN10__cxxabiv120__function_type_infoD0Ev) for __cxxabiv1::__function_type_info::~__function_type_info__deallocating()
    lib_rtti_impl.o(.constdata__ZTVN10__cxxabiv116__enum_type_infoE) refers to lib_rtti_impl.o(.constdata__ZTIN10__cxxabiv116__enum_type_infoE) for typeinfo for __cxxabiv1::__enum_type_info
    lib_rtti_impl.o(.constdata__ZTVN10__cxxabiv116__enum_type_infoE) refers to lib_rtti_impl.o(i._ZN10__cxxabiv116__enum_type_infoD1Ev) for __cxxabiv1::__enum_type_info::~__enum_type_info()
    lib_rtti_impl.o(.constdata__ZTVN10__cxxabiv116__enum_type_infoE) refers to lib_rtti_impl.o(i._ZN10__cxxabiv116__enum_type_infoD0Ev) for __cxxabiv1::__enum_type_info::~__enum_type_info__deallocating()
    lib_rtti_impl.o(.constdata__ZTVN10__cxxabiv117__class_type_infoE) refers to lib_rtti_impl.o(.constdata__ZTIN10__cxxabiv117__class_type_infoE) for typeinfo for __cxxabiv1::__class_type_info
    lib_rtti_impl.o(.constdata__ZTVN10__cxxabiv117__class_type_infoE) refers to lib_rtti_impl.o(i._ZN10__cxxabiv117__class_type_infoD1Ev) for __cxxabiv1::__class_type_info::~__class_type_info()
    lib_rtti_impl.o(.constdata__ZTVN10__cxxabiv117__class_type_infoE) refers to lib_rtti_impl.o(i._ZN10__cxxabiv117__class_type_infoD0Ev) for __cxxabiv1::__class_type_info::~__class_type_info__deallocating()
    lib_rtti_impl.o(.constdata__ZTVN10__cxxabiv120__si_class_type_infoE) refers to lib_rtti_impl.o(.constdata__ZTIN10__cxxabiv120__si_class_type_infoE) for typeinfo for __cxxabiv1::__si_class_type_info
    lib_rtti_impl.o(.constdata__ZTVN10__cxxabiv120__si_class_type_infoE) refers to lib_rtti_impl.o(i._ZN10__cxxabiv120__si_class_type_infoD1Ev) for __cxxabiv1::__si_class_type_info::~__si_class_type_info()
    lib_rtti_impl.o(.constdata__ZTVN10__cxxabiv120__si_class_type_infoE) refers to lib_rtti_impl.o(i._ZN10__cxxabiv120__si_class_type_infoD0Ev) for __cxxabiv1::__si_class_type_info::~__si_class_type_info__deallocating()
    lib_rtti_impl.o(.constdata__ZTVN10__cxxabiv121__vmi_class_type_infoE) refers to lib_rtti_impl.o(.constdata__ZTIN10__cxxabiv121__vmi_class_type_infoE) for typeinfo for __cxxabiv1::__vmi_class_type_info
    lib_rtti_impl.o(.constdata__ZTVN10__cxxabiv121__vmi_class_type_infoE) refers to lib_rtti_impl.o(i._ZN10__cxxabiv121__vmi_class_type_infoD1Ev) for __cxxabiv1::__vmi_class_type_info::~__vmi_class_type_info()
    lib_rtti_impl.o(.constdata__ZTVN10__cxxabiv121__vmi_class_type_infoE) refers to lib_rtti_impl.o(i._ZN10__cxxabiv121__vmi_class_type_infoD0Ev) for __cxxabiv1::__vmi_class_type_info::~__vmi_class_type_info__deallocating()
    lib_rtti_impl.o(.constdata__ZTVN10__cxxabiv117__pbase_type_infoE) refers to lib_rtti_impl.o(.constdata__ZTIN10__cxxabiv117__pbase_type_infoE) for typeinfo for __cxxabiv1::__pbase_type_info
    lib_rtti_impl.o(.constdata__ZTVN10__cxxabiv117__pbase_type_infoE) refers to lib_rtti_impl.o(i._ZN10__cxxabiv117__pbase_type_infoD1Ev) for __cxxabiv1::__pbase_type_info::~__pbase_type_info()
    lib_rtti_impl.o(.constdata__ZTVN10__cxxabiv117__pbase_type_infoE) refers to lib_rtti_impl.o(i._ZN10__cxxabiv117__pbase_type_infoD0Ev) for __cxxabiv1::__pbase_type_info::~__pbase_type_info__deallocating()
    lib_rtti_impl.o(.constdata__ZTVN10__cxxabiv119__pointer_type_infoE) refers to lib_rtti_impl.o(.constdata__ZTIN10__cxxabiv119__pointer_type_infoE) for typeinfo for __cxxabiv1::__pointer_type_info
    lib_rtti_impl.o(.constdata__ZTVN10__cxxabiv119__pointer_type_infoE) refers to lib_rtti_impl.o(i._ZN10__cxxabiv119__pointer_type_infoD1Ev) for __cxxabiv1::__pointer_type_info::~__pointer_type_info()
    lib_rtti_impl.o(.constdata__ZTVN10__cxxabiv119__pointer_type_infoE) refers to lib_rtti_impl.o(i._ZN10__cxxabiv119__pointer_type_infoD0Ev) for __cxxabiv1::__pointer_type_info::~__pointer_type_info__deallocating()
    lib_rtti_impl.o(.constdata__ZTVN10__cxxabiv129__pointer_to_member_type_infoE) refers to lib_rtti_impl.o(.constdata__ZTIN10__cxxabiv129__pointer_to_member_type_infoE) for typeinfo for __cxxabiv1::__pointer_to_member_type_info
    lib_rtti_impl.o(.constdata__ZTVN10__cxxabiv129__pointer_to_member_type_infoE) refers to lib_rtti_impl.o(i._ZN10__cxxabiv129__pointer_to_member_type_infoD1Ev) for __cxxabiv1::__pointer_to_member_type_info::~__pointer_to_member_type_info()
    lib_rtti_impl.o(.constdata__ZTVN10__cxxabiv129__pointer_to_member_type_infoE) refers to lib_rtti_impl.o(i._ZN10__cxxabiv129__pointer_to_member_type_infoD0Ev) for __cxxabiv1::__pointer_to_member_type_info::~__pointer_to_member_type_info__deallocating()
    lib_rtti_impl.o(.ARM.exidx) refers to lib_rtti_impl.o(i._ZNSt9type_infodlEPv) for i._ZNSt9type_infodlEPv
    lib_rtti_impl.o(.constdata__ZTIN10__cxxabiv123__fundamental_type_infoE) refers to lib_rtti_impl.o(.constdata__ZTVN10__cxxabiv120__si_class_type_infoE) for vtable for __cxxabiv1::__si_class_type_info
    lib_rtti_impl.o(.constdata__ZTIN10__cxxabiv123__fundamental_type_infoE) refers to lib_rtti_impl.o(.constdata__ZTSN10__cxxabiv123__fundamental_type_infoE) for typeinfo name for __cxxabiv1::__fundamental_type_info
    lib_rtti_impl.o(.constdata__ZTIN10__cxxabiv123__fundamental_type_infoE) refers to type_info_dtor.o(.constdata__ZTISt9type_info) for typeinfo for std::type_info
    lib_rtti_impl.o(.constdata__ZTIN10__cxxabiv117__array_type_infoE) refers to lib_rtti_impl.o(.constdata__ZTVN10__cxxabiv120__si_class_type_infoE) for vtable for __cxxabiv1::__si_class_type_info
    lib_rtti_impl.o(.constdata__ZTIN10__cxxabiv117__array_type_infoE) refers to lib_rtti_impl.o(.constdata__ZTSN10__cxxabiv117__array_type_infoE) for typeinfo name for __cxxabiv1::__array_type_info
    lib_rtti_impl.o(.constdata__ZTIN10__cxxabiv117__array_type_infoE) refers to type_info_dtor.o(.constdata__ZTISt9type_info) for typeinfo for std::type_info
    lib_rtti_impl.o(.constdata__ZTIN10__cxxabiv120__function_type_infoE) refers to lib_rtti_impl.o(.constdata__ZTVN10__cxxabiv120__si_class_type_infoE) for vtable for __cxxabiv1::__si_class_type_info
    lib_rtti_impl.o(.constdata__ZTIN10__cxxabiv120__function_type_infoE) refers to lib_rtti_impl.o(.constdata__ZTSN10__cxxabiv120__function_type_infoE) for typeinfo name for __cxxabiv1::__function_type_info
    lib_rtti_impl.o(.constdata__ZTIN10__cxxabiv120__function_type_infoE) refers to type_info_dtor.o(.constdata__ZTISt9type_info) for typeinfo for std::type_info
    lib_rtti_impl.o(.constdata__ZTIN10__cxxabiv116__enum_type_infoE) refers to lib_rtti_impl.o(.constdata__ZTVN10__cxxabiv120__si_class_type_infoE) for vtable for __cxxabiv1::__si_class_type_info
    lib_rtti_impl.o(.constdata__ZTIN10__cxxabiv116__enum_type_infoE) refers to lib_rtti_impl.o(.constdata__ZTSN10__cxxabiv116__enum_type_infoE) for typeinfo name for __cxxabiv1::__enum_type_info
    lib_rtti_impl.o(.constdata__ZTIN10__cxxabiv116__enum_type_infoE) refers to type_info_dtor.o(.constdata__ZTISt9type_info) for typeinfo for std::type_info
    lib_rtti_impl.o(.constdata__ZTIN10__cxxabiv117__class_type_infoE) refers to lib_rtti_impl.o(.constdata__ZTVN10__cxxabiv120__si_class_type_infoE) for vtable for __cxxabiv1::__si_class_type_info
    lib_rtti_impl.o(.constdata__ZTIN10__cxxabiv117__class_type_infoE) refers to lib_rtti_impl.o(.constdata__ZTSN10__cxxabiv117__class_type_infoE) for typeinfo name for __cxxabiv1::__class_type_info
    lib_rtti_impl.o(.constdata__ZTIN10__cxxabiv117__class_type_infoE) refers to type_info_dtor.o(.constdata__ZTISt9type_info) for typeinfo for std::type_info
    lib_rtti_impl.o(.constdata__ZTIN10__cxxabiv120__si_class_type_infoE) refers to lib_rtti_impl.o(.constdata__ZTVN10__cxxabiv120__si_class_type_infoE) for vtable for __cxxabiv1::__si_class_type_info
    lib_rtti_impl.o(.constdata__ZTIN10__cxxabiv120__si_class_type_infoE) refers to lib_rtti_impl.o(.constdata__ZTSN10__cxxabiv120__si_class_type_infoE) for typeinfo name for __cxxabiv1::__si_class_type_info
    lib_rtti_impl.o(.constdata__ZTIN10__cxxabiv120__si_class_type_infoE) refers to lib_rtti_impl.o(.constdata__ZTIN10__cxxabiv117__class_type_infoE) for typeinfo for __cxxabiv1::__class_type_info
    lib_rtti_impl.o(.constdata__ZTIN10__cxxabiv121__vmi_class_type_infoE) refers to lib_rtti_impl.o(.constdata__ZTVN10__cxxabiv120__si_class_type_infoE) for vtable for __cxxabiv1::__si_class_type_info
    lib_rtti_impl.o(.constdata__ZTIN10__cxxabiv121__vmi_class_type_infoE) refers to lib_rtti_impl.o(.constdata__ZTSN10__cxxabiv121__vmi_class_type_infoE) for typeinfo name for __cxxabiv1::__vmi_class_type_info
    lib_rtti_impl.o(.constdata__ZTIN10__cxxabiv121__vmi_class_type_infoE) refers to lib_rtti_impl.o(.constdata__ZTIN10__cxxabiv117__class_type_infoE) for typeinfo for __cxxabiv1::__class_type_info
    lib_rtti_impl.o(.constdata__ZTIN10__cxxabiv117__pbase_type_infoE) refers to lib_rtti_impl.o(.constdata__ZTVN10__cxxabiv120__si_class_type_infoE) for vtable for __cxxabiv1::__si_class_type_info
    lib_rtti_impl.o(.constdata__ZTIN10__cxxabiv117__pbase_type_infoE) refers to lib_rtti_impl.o(.constdata__ZTSN10__cxxabiv117__pbase_type_infoE) for typeinfo name for __cxxabiv1::__pbase_type_info
    lib_rtti_impl.o(.constdata__ZTIN10__cxxabiv117__pbase_type_infoE) refers to type_info_dtor.o(.constdata__ZTISt9type_info) for typeinfo for std::type_info
    lib_rtti_impl.o(.constdata__ZTIN10__cxxabiv119__pointer_type_infoE) refers to lib_rtti_impl.o(.constdata__ZTVN10__cxxabiv120__si_class_type_infoE) for vtable for __cxxabiv1::__si_class_type_info
    lib_rtti_impl.o(.constdata__ZTIN10__cxxabiv119__pointer_type_infoE) refers to lib_rtti_impl.o(.constdata__ZTSN10__cxxabiv119__pointer_type_infoE) for typeinfo name for __cxxabiv1::__pointer_type_info
    lib_rtti_impl.o(.constdata__ZTIN10__cxxabiv119__pointer_type_infoE) refers to lib_rtti_impl.o(.constdata__ZTIN10__cxxabiv117__pbase_type_infoE) for typeinfo for __cxxabiv1::__pbase_type_info
    lib_rtti_impl.o(.constdata__ZTIN10__cxxabiv129__pointer_to_member_type_infoE) refers to lib_rtti_impl.o(.constdata__ZTVN10__cxxabiv120__si_class_type_infoE) for vtable for __cxxabiv1::__si_class_type_info
    lib_rtti_impl.o(.constdata__ZTIN10__cxxabiv129__pointer_to_member_type_infoE) refers to lib_rtti_impl.o(.constdata__ZTSN10__cxxabiv129__pointer_to_member_type_infoE) for typeinfo name for __cxxabiv1::__pointer_to_member_type_info
    lib_rtti_impl.o(.constdata__ZTIN10__cxxabiv129__pointer_to_member_type_infoE) refers to lib_rtti_impl.o(.constdata__ZTIN10__cxxabiv117__pbase_type_infoE) for typeinfo for __cxxabiv1::__pbase_type_info
    lib_rtti_impl.o(i.__ARM_common_noexcept_landing) refers to arm_exceptions_callterm.o(.text) for __cxa_call_terminate
    lib_rtti_impl.o(.ARM.exidx) refers to lib_rtti_impl.o(i.__ARM_common_noexcept_landing) for i.__ARM_common_noexcept_landing
    bad_alloc_dtor.o(.constdata__ZTVSt9bad_alloc) refers to bad_alloc_dtor.o(.constdata__ZTISt9bad_alloc) for typeinfo for std::bad_alloc
    bad_alloc_dtor.o(.constdata__ZTVSt9bad_alloc) refers to bad_alloc_dtor.o(i._ZNSt9bad_allocD1Ev) for std::bad_alloc::~bad_alloc()
    bad_alloc_dtor.o(.constdata__ZTVSt9bad_alloc) refers to bad_alloc_dtor.o(i._ZNSt9bad_allocD0Ev) for std::bad_alloc::~bad_alloc__deallocating()
    bad_alloc_dtor.o(.constdata__ZTVSt9bad_alloc) refers to bad_alloc_what.o(i._ZNKSt9bad_alloc4whatEv) for std::bad_alloc::what() const
    bad_alloc_dtor.o(.constdata__ZTISt9bad_alloc) refers to lib_rtti_impl.o(.constdata__ZTVN10__cxxabiv120__si_class_type_infoE) for vtable for __cxxabiv1::__si_class_type_info
    bad_alloc_dtor.o(.constdata__ZTISt9bad_alloc) refers to bad_alloc_dtor.o(.constdata__ZTSSt9bad_alloc) for typeinfo name for std::bad_alloc
    bad_alloc_dtor.o(.constdata__ZTISt9bad_alloc) refers to exception_dtor.o(.constdata__ZTISt9exception) for typeinfo for std::exception
    type_info_dtor.o(.constdata__ZTVSt9type_info) refers to type_info_dtor.o(.constdata__ZTISt9type_info) for typeinfo for std::type_info
    type_info_dtor.o(.constdata__ZTVSt9type_info) refers to type_info_dtor.o(i._ZNSt9type_infoD1Ev) for std::type_info::~type_info()
    type_info_dtor.o(.constdata__ZTVSt9type_info) refers to type_info_dtor.o(i._ZNSt9type_infoD0Ev) for std::type_info::~type_info__deallocating()
    type_info_dtor.o(.constdata__ZTISt9type_info) refers to lib_rtti_impl.o(.constdata__ZTVN10__cxxabiv117__class_type_infoE) for vtable for __cxxabiv1::__class_type_info
    type_info_dtor.o(.constdata__ZTISt9type_info) refers to type_info_dtor.o(.constdata__ZTSSt9type_info) for typeinfo name for std::type_info
    exception_dtor.o(.constdata__ZTVSt9exception) refers to exception_dtor.o(.constdata__ZTISt9exception) for typeinfo for std::exception
    exception_dtor.o(.constdata__ZTVSt9exception) refers to exception_dtor.o(i._ZNSt9exceptionD1Ev) for std::exception::~exception()
    exception_dtor.o(.constdata__ZTVSt9exception) refers to exception_dtor.o(i._ZNSt9exceptionD0Ev) for std::exception::~exception__deallocating()
    exception_dtor.o(.constdata__ZTVSt9exception) refers to exception_what.o(i._ZNKSt9exception4whatEv) for std::exception::what() const
    exception_dtor.o(.constdata__ZTISt9exception) refers to lib_rtti_impl.o(.constdata__ZTVN10__cxxabiv117__class_type_infoE) for vtable for __cxxabiv1::__class_type_info
    exception_dtor.o(.constdata__ZTISt9exception) refers to exception_dtor.o(.constdata__ZTSSt9exception) for typeinfo name for std::exception


==============================================================================

Removing Unused input sections from the image.

    Removing main.o(.rev16_text), (4 bytes).
    Removing main.o(.revsh_text), (4 bytes).
    Removing main.o(.ARM.exidx), (8 bytes).
    Removing task1.o(.ARM.exidx), (8 bytes).
    Removing task2.o(.ARM.exidx), (8 bytes).
    Removing task3.o(.ARM.exidx), (8 bytes).
    Removing task4.o(.ARM.exidx), (8 bytes).
    Removing sys.o(.ARM.exidx), (8 bytes).
    Removing cmsis_nvic.o(.rev16_text), (4 bytes).
    Removing cmsis_nvic.o(.revsh_text), (4 bytes).
    Removing cmsis_nvic.o(i.NVIC_GetVector), (16 bytes).
    Removing system_LPC17xx.o(.rev16_text), (4 bytes).
    Removing system_LPC17xx.o(.revsh_text), (4 bytes).
    Removing system_LPC17xx.o(i.SystemCoreClockUpdate), (212 bytes).
    Removing retarget.o(.rev16_text), (4 bytes).
    Removing retarget.o(.revsh_text), (4 bytes).
    Removing retarget.o(i._Z11init_serialv), (32 bytes).
    Removing retarget.o(i._ZN4mbed10FileHandleD0Ev), (14 bytes).
    Removing retarget.o(i._ZN4mbed10FileHandleD2Ev), (40 bytes).
    Removing retarget.o(i._sys_close), (40 bytes).
    Removing retarget.o(i._sys_command_string), (4 bytes).
    Removing retarget.o(i._sys_ensure), (36 bytes).
    Removing retarget.o(i._sys_flen), (36 bytes).
    Removing retarget.o(i._sys_istty), (36 bytes).
    Removing retarget.o(i._sys_open), (244 bytes).
    Removing retarget.o(i._sys_read), (60 bytes).
    Removing retarget.o(i._sys_seek), (40 bytes).
    Removing retarget.o(i._sys_write), (84 bytes).
    Removing retarget.o(i.closedir), (6 bytes).
    Removing retarget.o(i.mkdir), (48 bytes).
    Removing retarget.o(i.opendir), (56 bytes).
    Removing retarget.o(i.readdir), (6 bytes).
    Removing retarget.o(i.remove), (44 bytes).
    Removing retarget.o(i.rename), (6 bytes).
    Removing retarget.o(i.rewinddir), (6 bytes).
    Removing retarget.o(i.seekdir), (6 bytes).
    Removing retarget.o(i.telldir), (6 bytes).
    Removing retarget.o(i.tmpfile), (4 bytes).
    Removing retarget.o(i.tmpnam), (4 bytes).
    Removing retarget.o(.ARM.exidx), (8 bytes).
    Removing retarget.o(.ARM.exidx), (8 bytes).
    Removing retarget.o(.ARM.exidx), (8 bytes).
    Removing retarget.o(.ARM.exidx), (8 bytes).
    Removing retarget.o(.ARM.exidx), (8 bytes).
    Removing retarget.o(.ARM.exidx), (8 bytes).
    Removing retarget.o(.ARM.exidx), (8 bytes).
    Removing retarget.o(.ARM.exidx), (8 bytes).
    Removing retarget.o(.ARM.exidx), (8 bytes).
    Removing retarget.o(.ARM.exidx), (8 bytes).
    Removing retarget.o(.ARM.exidx), (8 bytes).
    Removing retarget.o(.ARM.exidx), (8 bytes).
    Removing retarget.o(.ARM.exidx), (8 bytes).
    Removing retarget.o(.ARM.exidx), (8 bytes).
    Removing retarget.o(.ARM.exidx), (8 bytes).
    Removing retarget.o(.ARM.exidx), (8 bytes).
    Removing retarget.o(.ARM.exidx), (8 bytes).
    Removing retarget.o(.ARM.exidx), (8 bytes).
    Removing retarget.o(.ARM.exidx), (8 bytes).
    Removing retarget.o(.ARM.exidx), (8 bytes).
    Removing retarget.o(.ARM.exidx), (8 bytes).
    Removing retarget.o(.ARM.exidx), (8 bytes).
    Removing retarget.o(.ARM.exidx), (8 bytes).
    Removing retarget.o(.ARM.exidx), (8 bytes).
    Removing retarget.o(.ARM.exidx), (8 bytes).
    Removing retarget.o(.bss), (64 bytes).
    Removing retarget.o(.constdata), (23 bytes).
    Removing serial_api.o(.rev16_text), (4 bytes).
    Removing serial_api.o(.revsh_text), (4 bytes).
    Removing serial_api.o(i.serial_baud), (428 bytes).
    Removing serial_api.o(i.serial_break_clear), (12 bytes).
    Removing serial_api.o(i.serial_break_set), (12 bytes).
    Removing serial_api.o(i.serial_clear), (8 bytes).
    Removing serial_api.o(i.serial_format), (240 bytes).
    Removing serial_api.o(i.serial_free), (16 bytes).
    Removing serial_api.o(i.serial_getc), (14 bytes).
    Removing serial_api.o(i.serial_init), (320 bytes).
    Removing serial_api.o(i.serial_irq_handler), (24 bytes).
    Removing serial_api.o(i.serial_irq_set), (176 bytes).
    Removing serial_api.o(i.serial_pinout_tx), (12 bytes).
    Removing serial_api.o(i.serial_putc), (14 bytes).
    Removing serial_api.o(i.serial_readable), (10 bytes).
    Removing serial_api.o(i.serial_writable), (10 bytes).
    Removing serial_api.o(i.uart0_irq), (20 bytes).
    Removing serial_api.o(i.uart1_irq), (20 bytes).
    Removing serial_api.o(i.uart2_irq), (20 bytes).
    Removing serial_api.o(i.uart3_irq), (20 bytes).
    Removing serial_api.o(i.uart_irq), (44 bytes).
    Removing serial_api.o(.bss), (16 bytes).
    Removing serial_api.o(.constdata), (216 bytes).
    Removing serial_api.o(.data), (16 bytes).
    Removing wait_api.o(i.wait), (24 bytes).
    Removing FilePath.o(.rev16_text), (4 bytes).
    Removing FilePath.o(.revsh_text), (4 bytes).
    Removing FilePath.o(i._ZN4mbed8FilePath10fileSystemEv), (16 bytes).
    Removing FilePath.o(i._ZN4mbed8FilePath12isFileSystemEv), (20 bytes).
    Removing FilePath.o(i._ZN4mbed8FilePath4fileEv), (22 bytes).
    Removing FilePath.o(i._ZN4mbed8FilePath6existsEv), (10 bytes).
    Removing FilePath.o(i._ZN4mbed8FilePath6isFileEv), (22 bytes).
    Removing FilePath.o(i._ZN4mbed8FilePath8fileNameEv), (4 bytes).
    Removing FilePath.o(i._ZN4mbed8FilePathC1EPKc), (62 bytes).
    Removing FilePath.o(.ARM.exidx), (8 bytes).
    Removing FilePath.o(.ARM.exidx), (8 bytes).
    Removing FilePath.o(.ARM.exidx), (8 bytes).
    Removing FilePath.o(.ARM.exidx), (8 bytes).
    Removing FilePath.o(.ARM.exidx), (8 bytes).
    Removing FilePath.o(.ARM.exidx), (8 bytes).
    Removing FilePath.o(.ARM.exidx), (8 bytes).
    Removing FileSystemLike.o(.rev16_text), (4 bytes).
    Removing FileSystemLike.o(.revsh_text), (4 bytes).
    Removing FileSystemLike.o(i._ZN4mbed14FileSystemLike7opendirEv), (24 bytes).
    Removing FileSystemLike.o(i._ZN4mbed14FileSystemLikeC2EPKc), (20 bytes).
    Removing FileSystemLike.o(i._ZN4mbed14FileSystemLikeD0Ev), (14 bytes).
    Removing FileSystemLike.o(i._ZN4mbed14FileSystemLikeD2Ev), (4 bytes).
    Removing FileSystemLike.o(.ARM.exidx), (8 bytes).
    Removing FileSystemLike.o(.ARM.exidx), (8 bytes).
    Removing FileSystemLike.o(.ARM.exidx), (8 bytes).
    Removing FileSystemLike.o(.ARM.exidx), (8 bytes).
    Removing pinmap.o(.rev16_text), (4 bytes).
    Removing pinmap.o(.revsh_text), (4 bytes).
    Removing us_ticker.o(.rev16_text), (4 bytes).
    Removing us_ticker.o(.revsh_text), (4 bytes).
    Removing exit.o(.rev16_text), (4 bytes).
    Removing exit.o(.revsh_text), (4 bytes).
    Removing pinmap_common.o(.rev16_text), (4 bytes).
    Removing pinmap_common.o(.revsh_text), (4 bytes).
    Removing pinmap_common.o(i.pinmap_merge), (56 bytes).
    Removing pinmap_common.o(i.pinmap_peripheral), (76 bytes).
    Removing pinmap_common.o(i.pinmap_pinout), (84 bytes).
    Removing FileBase.o(.rev16_text), (4 bytes).
    Removing FileBase.o(.revsh_text), (4 bytes).
    Removing FileBase.o(i._ZN4mbed8FileBase11getPathTypeEv), (4 bytes).
    Removing FileBase.o(i._ZN4mbed8FileBase3getEi), (28 bytes).
    Removing FileBase.o(i._ZN4mbed8FileBase6lookupEPKcj), (56 bytes).
    Removing FileBase.o(i._ZN4mbed8FileBase7getNameEv), (4 bytes).
    Removing FileBase.o(i._ZN4mbed8FileBaseC1EPKcNS_8PathTypeE), (36 bytes).
    Removing FileBase.o(i._ZN4mbed8FileBaseD0Ev), (14 bytes).
    Removing FileBase.o(i._ZN4mbed8FileBaseD1Ev), (48 bytes).
    Removing FileBase.o(.ARM.exidx), (8 bytes).
    Removing FileBase.o(.ARM.exidx), (8 bytes).
    Removing FileBase.o(.ARM.exidx), (8 bytes).
    Removing FileBase.o(.ARM.exidx), (8 bytes).
    Removing FileBase.o(.ARM.exidx), (8 bytes).
    Removing FileBase.o(.ARM.exidx), (8 bytes).
    Removing FileBase.o(.ARM.exidx), (8 bytes).
    Removing FileBase.o(.data), (4 bytes).
    Removing board.o(.rev16_text), (4 bytes).
    Removing board.o(.revsh_text), (4 bytes).
    Removing mbed_interface.o(.rev16_text), (4 bytes).
    Removing mbed_interface.o(.revsh_text), (4 bytes).
    Removing mbed_interface.o(i.mbed_interface_disconnect), (32 bytes).
    Removing mbed_interface.o(i.mbed_interface_powerdown), (32 bytes).
    Removing mbed_interface.o(i.mbed_interface_reset), (22 bytes).
    Removing mbed_interface.o(i.mbed_interface_uid), (28 bytes).
    Removing mbed_interface.o(i.mbed_mac_address), (72 bytes).
    Removing mbed_interface.o(i.mbed_reset), (4 bytes).
    Removing mbed_interface.o(i.mbed_uid), (8 bytes).
    Removing semihost_api.o(.rev16_text), (4 bytes).
    Removing semihost_api.o(.revsh_text), (4 bytes).
    Removing semihost_api.o(i.semihost_close), (10 bytes).
    Removing semihost_api.o(i.semihost_disabledebug), (10 bytes).
    Removing semihost_api.o(i.semihost_ensure), (10 bytes).
    Removing semihost_api.o(i.semihost_flen), (10 bytes).
    Removing semihost_api.o(i.semihost_istty), (10 bytes).
    Removing semihost_api.o(i.semihost_open), (20 bytes).
    Removing semihost_api.o(i.semihost_powerdown), (10 bytes).
    Removing semihost_api.o(i.semihost_read), (14 bytes).
    Removing semihost_api.o(i.semihost_remove), (18 bytes).
    Removing semihost_api.o(i.semihost_rename), (32 bytes).
    Removing semihost_api.o(i.semihost_reset), (10 bytes).
    Removing semihost_api.o(i.semihost_seek), (14 bytes).
    Removing semihost_api.o(i.semihost_uid), (18 bytes).
    Removing semihost_api.o(i.semihost_vbus), (10 bytes).
    Removing semihost_api.o(i.semihost_write), (20 bytes).
    Removing us_ticker_api.o(.rev16_text), (4 bytes).
    Removing us_ticker_api.o(.revsh_text), (4 bytes).
    Removing us_ticker_api.o(i.us_ticker_insert_event), (60 bytes).
    Removing us_ticker_api.o(i.us_ticker_remove_event), (52 bytes).
    Removing us_ticker_api.o(i.us_ticker_set_handler), (20 bytes).
    Removing gpio_api.o(.rev16_text), (4 bytes).
    Removing gpio_api.o(.revsh_text), (4 bytes).
    Removing gpio_api.o(i.gpio_mode), (6 bytes).
    Removing retarget.o(.constdata__ZTVN4mbed10FileHandleE), (44 bytes).
    Removing retarget.o(i._ZN4mbed10FileHandle4flenEv), (58 bytes).
    Removing retarget.o(.ARM.exidx), (8 bytes).
    Removing retarget.o(.constdata__ZTIN4mbed10FileHandleE), (8 bytes).
    Removing retarget.o(.constdata__ZTSN4mbed10FileHandleE), (20 bytes).
    Removing FileSystemLike.o(.constdata__ZTVN4mbed14FileSystemLikeE), (36 bytes).
    Removing FileSystemLike.o(i._ZN4mbed14FileSystemLike6removeEPKc), (6 bytes).
    Removing FileSystemLike.o(.ARM.exidx), (8 bytes).
    Removing FileSystemLike.o(i._ZN4mbed14FileSystemLike6renameEPKcS2_), (6 bytes).
    Removing FileSystemLike.o(.ARM.exidx), (8 bytes).
    Removing FileSystemLike.o(i._ZN4mbed14FileSystemLike7opendirEPKc), (4 bytes).
    Removing FileSystemLike.o(.ARM.exidx), (8 bytes).
    Removing FileSystemLike.o(i._ZN4mbed14FileSystemLike5mkdirEPKci), (6 bytes).
    Removing FileSystemLike.o(.ARM.exidx), (8 bytes).
    Removing FileSystemLike.o(.constdata__ZTVN4mbed13BaseDirHandleE), (36 bytes).
    Removing FileSystemLike.o(.constdata__ZTIN4mbed14FileSystemLikeE), (12 bytes).
    Removing FileSystemLike.o(.constdata__ZTIN4mbed13BaseDirHandleE), (12 bytes).
    Removing FileSystemLike.o(.constdata__ZTSN4mbed14FileSystemLikeE), (24 bytes).
    Removing FileSystemLike.o(.constdata__ZTIN4mbed9DirHandleE), (8 bytes).
    Removing FileSystemLike.o(.constdata__ZTSN4mbed13BaseDirHandleE), (23 bytes).
    Removing FileSystemLike.o(.constdata__ZTSN4mbed9DirHandleE), (18 bytes).
    Removing FileSystemLike.o(i._ZN4mbed13BaseDirHandle8closedirEv), (12 bytes).
    Removing FileSystemLike.o(.ARM.exidx), (8 bytes).
    Removing FileSystemLike.o(i._ZN4mbed13BaseDirHandle7readdirEv), (42 bytes).
    Removing FileSystemLike.o(.ARM.exidx), (8 bytes).
    Removing FileSystemLike.o(i._ZN4mbed13BaseDirHandle7telldirEv), (4 bytes).
    Removing FileSystemLike.o(.ARM.exidx), (8 bytes).
    Removing FileSystemLike.o(i._ZN4mbed13BaseDirHandle7seekdirEl), (4 bytes).
    Removing FileSystemLike.o(.ARM.exidx), (8 bytes).
    Removing FileSystemLike.o(i._ZN4mbed13BaseDirHandle9rewinddirEv), (6 bytes).
    Removing FileSystemLike.o(.ARM.exidx), (8 bytes).
    Removing FileSystemLike.o(i._ZN4mbed13BaseDirHandleD1Ev), (2 bytes).
    Removing FileSystemLike.o(.ARM.exidx), (8 bytes).
    Removing FileSystemLike.o(i._ZN4mbed13BaseDirHandleD0Ev), (4 bytes).
    Removing FileSystemLike.o(.ARM.exidx), (8 bytes).
    Removing FileBase.o(.constdata__ZTVN4mbed8FileBaseE), (16 bytes).
    Removing FileBase.o(.constdata__ZTIN4mbed8FileBaseE), (8 bytes).
    Removing FileBase.o(.constdata__ZTSN4mbed8FileBaseE), (17 bytes).

219 unused section(s) (total 5105 bytes) removed from the image.

==============================================================================

Image Symbol Table

    Local Symbols

    Symbol Name                              Value     Ov Type        Size  Object(Section)

    RESET                                    0x00000000   Section      196  startup_LPC17xx.o(RESET)
    ../../../edgfe/lib_src/arm_exceptions.c  0x00000000   Number         0  arm_exceptions_terminate.o ABSOLUTE
    ../../../edgfe/lib_src/arm_exceptions.c  0x00000000   Number         0  arm_exceptions_mem.o ABSOLUTE
    ../../../edgfe/lib_src/arm_exceptions.c  0x00000000   Number         0  arm_exceptions_callterm.o ABSOLUTE
    ../../../edgfe/lib_src/arm_exceptions.c  0x00000000   Number         0  arm_exceptions_support.o ABSOLUTE
    ../../../edgfe/lib_src/arm_exceptions.c  0x00000000   Number         0  arm_exceptions_globs.o ABSOLUTE
    ../../../edgfe/lib_src/arm_noexceptions.c 0x00000000   Number         0  arm_begincatch_noexceptions.o ABSOLUTE
    ../../../edgfe/lib_src/arm_noexceptions.c 0x00000000   Number         0  arm_newhandler_noexceptions.o ABSOLUTE
    ../../../edgfe/lib_src/arm_noexceptions.c 0x00000000   Number         0  arm_callunex_noexceptions.o ABSOLUTE
    ../../../edgfe/lib_src/bad_alloc.c       0x00000000   Number         0  bad_alloc_what.o ABSOLUTE
    ../../../edgfe/lib_src/bad_alloc.c       0x00000000   Number         0  bad_alloc_dtor.o ABSOLUTE
    ../../../edgfe/lib_src/delete.c          0x00000000   Number         0  delete.o ABSOLUTE
    ../../../edgfe/lib_src/exception.c       0x00000000   Number         0  exception_dtor.o ABSOLUTE
    ../../../edgfe/lib_src/exception.c       0x00000000   Number         0  exception_what.o ABSOLUTE
    ../../../edgfe/lib_src/new.c             0x00000000   Number         0  new.o ABSOLUTE
    ../../../edgfe/lib_src/pure_virt.c       0x00000000   Number         0  pure_virt.o ABSOLUTE
    ../../../edgfe/lib_src/typeinfo.c        0x00000000   Number         0  type_info_dtor.o ABSOLUTE
    ../../../edgfe/lib_src/typeinfo.c        0x00000000   Number         0  lib_rtti_impl.o ABSOLUTE
    ../clib/angel/boardlib.s                 0x00000000   Number         0  boardinit3.o ABSOLUTE
    ../clib/angel/boardlib.s                 0x00000000   Number         0  boardinit2.o ABSOLUTE
    ../clib/angel/boardlib.s                 0x00000000   Number         0  boardinit1.o ABSOLUTE
    ../clib/angel/handlers.s                 0x00000000   Number         0  __scatter_copy.o ABSOLUTE
    ../clib/angel/kernel.s                   0x00000000   Number         0  __rtentry4.o ABSOLUTE
    ../clib/angel/kernel.s                   0x00000000   Number         0  __rtentry2.o ABSOLUTE
    ../clib/angel/kernel.s                   0x00000000   Number         0  __rtentry.o ABSOLUTE
    ../clib/angel/rt.s                       0x00000000   Number         0  rt_new_handler_addr_intlibspace.o ABSOLUTE
    ../clib/angel/rt.s                       0x00000000   Number         0  rt_new_handler_addr.o ABSOLUTE
    ../clib/angel/rt.s                       0x00000000   Number         0  aeabi_ldiv0_sigfpe.o ABSOLUTE
    ../clib/angel/rt.s                       0x00000000   Number         0  rt_div0.o ABSOLUTE
    ../clib/angel/rt.s                       0x00000000   Number         0  rt_locale.o ABSOLUTE
    ../clib/angel/rt.s                       0x00000000   Number         0  rt_heap_descriptor.o ABSOLUTE
    ../clib/angel/rt.s                       0x00000000   Number         0  rt_heap_descriptor_intlibspace.o ABSOLUTE
    ../clib/angel/rt.s                       0x00000000   Number         0  aeabi_ldiv0.o ABSOLUTE
    ../clib/angel/rt.s                       0x00000000   Number         0  rt_eh_globals_addr_intlibspace.o ABSOLUTE
    ../clib/angel/rt.s                       0x00000000   Number         0  rt_raise.o ABSOLUTE
    ../clib/angel/rt.s                       0x00000000   Number         0  rt_ctype_table.o ABSOLUTE
    ../clib/angel/rt.s                       0x00000000   Number         0  rt_errno_addr_intlibspace.o ABSOLUTE
    ../clib/angel/rt.s                       0x00000000   Number         0  rt_locale_intlibspace.o ABSOLUTE
    ../clib/angel/rt.s                       0x00000000   Number         0  rt_errno_addr.o ABSOLUTE
    ../clib/angel/rt.s                       0x00000000   Number         0  rt_eh_globals_addr.o ABSOLUTE
    ../clib/angel/scatter.s                  0x00000000   Number         0  __scatter.o ABSOLUTE
    ../clib/angel/startup.s                  0x00000000   Number         0  __main.o ABSOLUTE
    ../clib/angel/sys.s                      0x00000000   Number         0  use_no_semi.o ABSOLUTE
    ../clib/angel/sys.s                      0x00000000   Number         0  libspace.o ABSOLUTE
    ../clib/angel/sys.s                      0x00000000   Number         0  indicate_semi.o ABSOLUTE
    ../clib/angel/sys.s                      0x00000000   Number         0  mutex_dummy.o ABSOLUTE
    ../clib/angel/sysapp.c                   0x00000000   Number         0  sys_exit.o ABSOLUTE
    ../clib/angel/sysapp.c                   0x00000000   Number         0  sys_wrch.o ABSOLUTE
    ../clib/armsys.c                         0x00000000   Number         0  argv_veneer.o ABSOLUTE
    ../clib/armsys.c                         0x00000000   Number         0  _get_argv.o ABSOLUTE
    ../clib/armsys.c                         0x00000000   Number         0  argv_veneer.o ABSOLUTE
    ../clib/armsys.c                         0x00000000   Number         0  _get_argv_nomalloc.o ABSOLUTE
    ../clib/armsys.c                         0x00000000   Number         0  no_argv.o ABSOLUTE
    ../clib/assert.c                         0x00000000   Number         0  assert_stdio.o ABSOLUTE
    ../clib/ctype.c                          0x00000000   Number         0  isspace.o ABSOLUTE
    ../clib/heap1.c                          0x00000000   Number         0  h1_final_mt.o ABSOLUTE
    ../clib/heap1.c                          0x00000000   Number         0  h1_final.o ABSOLUTE
    ../clib/heap1.c                          0x00000000   Number         0  h1_free_mt.o ABSOLUTE
    ../clib/heap1.c                          0x00000000   Number         0  h1_alloc_mt.o ABSOLUTE
    ../clib/heap1.c                          0x00000000   Number         0  h1_free.o ABSOLUTE
    ../clib/heap1.c                          0x00000000   Number         0  h1_alloc.o ABSOLUTE
    ../clib/heap1.c                          0x00000000   Number         0  h1_extend_mt.o ABSOLUTE
    ../clib/heap1.c                          0x00000000   Number         0  h1_extend.o ABSOLUTE
    ../clib/heap1.c                          0x00000000   Number         0  h1_init_mt.o ABSOLUTE
    ../clib/heap1.c                          0x00000000   Number         0  h1_init.o ABSOLUTE
    ../clib/heap2.c                          0x00000000   Number         0  heap2mt.o ABSOLUTE
    ../clib/heap2.c                          0x00000000   Number         0  heap2.o ABSOLUTE
    ../clib/heap2.c                          0x00000000   Number         0  fdtree.o ABSOLUTE
    ../clib/heapalloc.c                      0x00000000   Number         0  maybetermalloc1.o ABSOLUTE
    ../clib/heapalloc.c                      0x00000000   Number         0  hrguard.o ABSOLUTE
    ../clib/heapalloc.c                      0x00000000   Number         0  maybetermalloc2.o ABSOLUTE
    ../clib/heapalloc.c                      0x00000000   Number         0  term_alloc.o ABSOLUTE
    ../clib/heapalloc.c                      0x00000000   Number         0  free.o ABSOLUTE
    ../clib/heapalloc.c                      0x00000000   Number         0  malloc.o ABSOLUTE
    ../clib/heapalloc.c                      0x00000000   Number         0  maybetermalloc2.o ABSOLUTE
    ../clib/heapalloc.c                      0x00000000   Number         0  heapstubs.o ABSOLUTE
    ../clib/heapalloc.c                      0x00000000   Number         0  init_alloc.o ABSOLUTE
    ../clib/heapalloc.c                      0x00000000   Number         0  hguard.o ABSOLUTE
    ../clib/heapalloc.c                      0x00000000   Number         0  maybetermalloc1.o ABSOLUTE
    ../clib/heapaux.c                        0x00000000   Number         0  heapauxi.o ABSOLUTE
    ../clib/heapaux.c                        0x00000000   Number         0  heapauxa.o ABSOLUTE
    ../clib/libinit.s                        0x00000000   Number         0  libshutdown2.o ABSOLUTE
    ../clib/libinit.s                        0x00000000   Number         0  libinit.o ABSOLUTE
    ../clib/libinit.s                        0x00000000   Number         0  libinit2.o ABSOLUTE
    ../clib/locale.s                         0x00000000   Number         0  lc_ctype_c.o ABSOLUTE
    ../clib/longlong.s                       0x00000000   Number         0  lludivv7m.o ABSOLUTE
    ../clib/memcpset.s                       0x00000000   Number         0  rt_memclr_w.o ABSOLUTE
    ../clib/memcpset.s                       0x00000000   Number         0  strncpy.o ABSOLUTE
    ../clib/memcpset.s                       0x00000000   Number         0  strcmpv7m.o ABSOLUTE
    ../clib/memcpset.s                       0x00000000   Number         0  rt_memclr.o ABSOLUTE
    ../clib/memcpset.s                       0x00000000   Number         0  rt_memcpy_v6.o ABSOLUTE
    ../clib/memcpset.s                       0x00000000   Number         0  rt_memcpy_w.o ABSOLUTE
    ../clib/printf.c                         0x00000000   Number         0  _printf_dec.o ABSOLUTE
    ../clib/printf.c                         0x00000000   Number         0  __printf_flags.o ABSOLUTE
    ../clib/printf.c                         0x00000000   Number         0  __printf_nopercent.o ABSOLUTE
    ../clib/printf.c                         0x00000000   Number         0  __printf_ss.o ABSOLUTE
    ../clib/printf.c                         0x00000000   Number         0  __2fprintf.o ABSOLUTE
    ../clib/printf.c                         0x00000000   Number         0  noretval__2fprintf.o ABSOLUTE
    ../clib/printf.c                         0x00000000   Number         0  __printf.o ABSOLUTE
    ../clib/printf.c                         0x00000000   Number         0  __printf_flags_ss.o ABSOLUTE
    ../clib/printf.c                         0x00000000   Number         0  __printf_wp.o ABSOLUTE
    ../clib/printf.c                         0x00000000   Number         0  __printf_flags_wp.o ABSOLUTE
    ../clib/printf.c                         0x00000000   Number         0  __printf_ss_wp.o ABSOLUTE
    ../clib/printf.c                         0x00000000   Number         0  __printf_flags_ss_wp.o ABSOLUTE
    ../clib/printf.c                         0x00000000   Number         0  _printf_char_file_locked.o ABSOLUTE
    ../clib/printf.c                         0x00000000   Number         0  _printf_char_common.o ABSOLUTE
    ../clib/printf.c                         0x00000000   Number         0  _printf_intcommon.o ABSOLUTE
    ../clib/printf.c                         0x00000000   Number         0  _printf_char_file.o ABSOLUTE
    ../clib/printf_percent.s                 0x00000000   Number         0  _printf_d.o ABSOLUTE
    ../clib/printf_percent.s                 0x00000000   Number         0  _printf_percent.o ABSOLUTE
    ../clib/printf_percent.s                 0x00000000   Number         0  _printf_percent_end.o ABSOLUTE
    ../clib/scanf.c                          0x00000000   Number         0  scanf_char.o ABSOLUTE
    ../clib/scanf.c                          0x00000000   Number         0  __0sscanf.o ABSOLUTE
    ../clib/scanf.c                          0x00000000   Number         0  _scanf_int.o ABSOLUTE
    ../clib/scanf.c                          0x00000000   Number         0  _chval.o ABSOLUTE
    ../clib/scanf.c                          0x00000000   Number         0  _sgetc.o ABSOLUTE
    ../clib/scanf.c                          0x00000000   Number         0  _scanf.o ABSOLUTE
    ../clib/signal.c                         0x00000000   Number         0  defsig_rtmem_outer.o ABSOLUTE
    ../clib/signal.c                         0x00000000   Number         0  defsig_fpe_inner.o ABSOLUTE
    ../clib/signal.c                         0x00000000   Number         0  defsig_other.o ABSOLUTE
    ../clib/signal.c                         0x00000000   Number         0  defsig_segv_inner.o ABSOLUTE
    ../clib/signal.c                         0x00000000   Number         0  defsig_cppl_inner.o ABSOLUTE
    ../clib/signal.c                         0x00000000   Number         0  defsig_stak_inner.o ABSOLUTE
    ../clib/signal.c                         0x00000000   Number         0  defsig_abrt_inner.o ABSOLUTE
    ../clib/signal.c                         0x00000000   Number         0  defsig_fpe_outer.o ABSOLUTE
    ../clib/signal.c                         0x00000000   Number         0  defsig_pvfn_formal.o ABSOLUTE
    ../clib/signal.c                         0x00000000   Number         0  defsig_abrt_formal.o ABSOLUTE
    ../clib/signal.c                         0x00000000   Number         0  defsig_rtred_outer.o ABSOLUTE
    ../clib/signal.c                         0x00000000   Number         0  defsig_pvfn_inner.o ABSOLUTE
    ../clib/signal.c                         0x00000000   Number         0  __raise.o ABSOLUTE
    ../clib/signal.c                         0x00000000   Number         0  defsig_general.o ABSOLUTE
    ../clib/signal.c                         0x00000000   Number         0  defsig_fpe_formal.o ABSOLUTE
    ../clib/signal.c                         0x00000000   Number         0  defsig_rtred_inner.o ABSOLUTE
    ../clib/signal.c                         0x00000000   Number         0  defsig_rtred_formal.o ABSOLUTE
    ../clib/signal.c                         0x00000000   Number         0  defsig_rtmem_formal.o ABSOLUTE
    ../clib/signal.c                         0x00000000   Number         0  defsig_abrt_outer.o ABSOLUTE
    ../clib/signal.c                         0x00000000   Number         0  defsig_exit.o ABSOLUTE
    ../clib/signal.c                         0x00000000   Number         0  defsig_rtmem_inner.o ABSOLUTE
    ../clib/signal.c                         0x00000000   Number         0  defsig_pvfn_outer.o ABSOLUTE
    ../clib/signal.s                         0x00000000   Number         0  defsig.o ABSOLUTE
    ../clib/stdio.c                          0x00000000   Number         0  ferror.o ABSOLUTE
    ../clib/stdio.c                          0x00000000   Number         0  flsbuf.o ABSOLUTE
    ../clib/stdio.c                          0x00000000   Number         0  fseek.o ABSOLUTE
    ../clib/stdio.c                          0x00000000   Number         0  stdio.o ABSOLUTE
    ../clib/stdio.c                          0x00000000   Number         0  streamlock.o ABSOLUTE
    ../clib/stdio.c                          0x00000000   Number         0  fopen.o ABSOLUTE
    ../clib/stdio.c                          0x00000000   Number         0  initio.o ABSOLUTE
    ../clib/stdio.c                          0x00000000   Number         0  initio_locked.o ABSOLUTE
    ../clib/stdio.c                          0x00000000   Number         0  fclose.o ABSOLUTE
    ../clib/stdio.c                          0x00000000   Number         0  fputc_locked.o ABSOLUTE
    ../clib/stdio.c                          0x00000000   Number         0  ferror_locked.o ABSOLUTE
    ../clib/stdio.c                          0x00000000   Number         0  setvbuf_locked.o ABSOLUTE
    ../clib/stdio.c                          0x00000000   Number         0  fputc.o ABSOLUTE
    ../clib/stdio.c                          0x00000000   Number         0  setvbuf.o ABSOLUTE
    ../clib/stdio.c                          0x00000000   Number         0  stdio_streams.o ABSOLUTE
    ../clib/stdio.c                          0x00000000   Number         0  ftell.o ABSOLUTE
    ../clib/stdio.c                          0x00000000   Number         0  fwritefast.o ABSOLUTE
    ../clib/stdio.c                          0x00000000   Number         0  fwritefast_locked.o ABSOLUTE
    ../clib/stdio.c                          0x00000000   Number         0  fopen_locked.o ABSOLUTE
    ../clib/stdio.c                          0x00000000   Number         0  fflush.o ABSOLUTE
    ../clib/stdio.c                          0x00000000   Number         0  fputs.o ABSOLUTE
    ../clib/stdio.c                          0x00000000   Number         0  fputs_locked.o ABSOLUTE
    ../clib/stdio.c                          0x00000000   Number         0  fflush_locked.o ABSOLUTE
    ../clib/stdlib.c                         0x00000000   Number         0  abort.o ABSOLUTE
    ../clib/stdlib.c                         0x00000000   Number         0  bsearchnoex.o ABSOLUTE
    ../clib/string.c                         0x00000000   Number         0  strlen.o ABSOLUTE
    ../clib/string.c                         0x00000000   Number         0  strncmp.o ABSOLUTE
    ../clib/unwind_pr.c                      0x00000000   Number         0  unwind_prcommon.o ABSOLUTE
    ../clib/unwind_pr.c                      0x00000000   Number         0  unwind_pr0.o ABSOLUTE
    ../clib/unwinder.c                       0x00000000   Number         0  unwind_activity.o ABSOLUTE
    ../clib/unwinder.c                       0x00000000   Number         0  unwind_activity.o ABSOLUTE
    ../clib/unwinder.c                       0x00000000   Number         0  unwinder.o ABSOLUTE
    ../clib/unwinder.c                       0x00000000   Number         0  unwinder.o ABSOLUTE
    ../clib/wchar.c                          0x00000000   Number         0  flsbuf_fwide.o ABSOLUTE
    ../fplib/faddsub.s                       0x00000000   Number         0  faddsub_clz.o ABSOLUTE
    ../fplib/fcheck1.s                       0x00000000   Number         0  fcheck1.o ABSOLUTE
    ../fplib/fcmpi.s                         0x00000000   Number         0  fcmpi.o ABSOLUTE
    ../fplib/fdiv.s                          0x00000000   Number         0  fdiv.o ABSOLUTE
    ../fplib/ffix.s                          0x00000000   Number         0  ffix.o ABSOLUTE
    ../fplib/fflt.s                          0x00000000   Number         0  fflt_clz.o ABSOLUTE
    ../fplib/fleqf.s                         0x00000000   Number         0  fleqf.o ABSOLUTE
    ../fplib/fmul.s                          0x00000000   Number         0  fmul.o ABSOLUTE
    ../fplib/fnaninf.s                       0x00000000   Number         0  fnaninf.o ABSOLUTE
    ../fplib/fpinit.s                        0x00000000   Number         0  fpinit.o ABSOLUTE
    ../fplib/fretinf.s                       0x00000000   Number         0  fretinf.o ABSOLUTE
    ../fplib/retnan.s                        0x00000000   Number         0  retnan.o ABSOLUTE
    ../fplib/scalbnf.s                       0x00000000   Number         0  scalbnf.o ABSOLUTE
    ../fplib/trapv.s                         0x00000000   Number         0  trapv.o ABSOLUTE
    ../fplib/usenofp.s                       0x00000000   Number         0  usenofp.o ABSOLUTE
    C:\\work\\mbed\\git_arm\\libraries\\mbed\\common\\FileBase.cpp 0x00000000   Number         0  FileBase.o ABSOLUTE
    C:\\work\\mbed\\git_arm\\libraries\\mbed\\common\\FilePath.cpp 0x00000000   Number         0  FilePath.o ABSOLUTE
    C:\\work\\mbed\\git_arm\\libraries\\mbed\\common\\FileSystemLike.cpp 0x00000000   Number         0  FileSystemLike.o ABSOLUTE
    C:\\work\\mbed\\git_arm\\libraries\\mbed\\common\\board.c 0x00000000   Number         0  board.o ABSOLUTE
    C:\\work\\mbed\\git_arm\\libraries\\mbed\\common\\exit.c 0x00000000   Number         0  exit.o ABSOLUTE
    C:\\work\\mbed\\git_arm\\libraries\\mbed\\common\\mbed_interface.c 0x00000000   Number         0  mbed_interface.o ABSOLUTE
    C:\\work\\mbed\\git_arm\\libraries\\mbed\\common\\pinmap_common.c 0x00000000   Number         0  pinmap_common.o ABSOLUTE
    C:\\work\\mbed\\git_arm\\libraries\\mbed\\common\\retarget.cpp 0x00000000   Number         0  retarget.o ABSOLUTE
    C:\\work\\mbed\\git_arm\\libraries\\mbed\\common\\semihost_api.c 0x00000000   Number         0  semihost_api.o ABSOLUTE
    C:\\work\\mbed\\git_arm\\libraries\\mbed\\common\\us_ticker_api.c 0x00000000   Number         0  us_ticker_api.o ABSOLUTE
    C:\\work\\mbed\\git_arm\\libraries\\mbed\\targets\\cmsis\\TARGET_NXP\\TARGET_LPC176X\\cmsis_nvic.c 0x00000000   Number         0  cmsis_nvic.o ABSOLUTE
    C:\\work\\mbed\\git_arm\\libraries\\mbed\\targets\\cmsis\\TARGET_NXP\\TARGET_LPC176X\\system_LPC17xx.c 0x00000000   Number         0  system_LPC17xx.o ABSOLUTE
    C:\\work\\mbed\\git_arm\\libraries\\mbed\\targets\\hal\\TARGET_NXP\\TARGET_LPC176X\\gpio_api.c 0x00000000   Number         0  gpio_api.o ABSOLUTE
    C:\\work\\mbed\\git_arm\\libraries\\mbed\\targets\\hal\\TARGET_NXP\\TARGET_LPC176X\\pinmap.c 0x00000000   Number         0  pinmap.o ABSOLUTE
    C:\\work\\mbed\\git_arm\\libraries\\mbed\\targets\\hal\\TARGET_NXP\\TARGET_LPC176X\\serial_api.c 0x00000000   Number         0  serial_api.o ABSOLUTE
    C:\\work\\mbed\\git_arm\\libraries\\mbed\\targets\\hal\\TARGET_NXP\\TARGET_LPC176X\\us_ticker.c 0x00000000   Number         0  us_ticker.o ABSOLUTE
    C:\work\mbed\git_arm\libraries\mbed\common\FileBase.cpp 0x00000000   Number         0  FileBase.o ABSOLUTE
    C:\work\mbed\git_arm\libraries\mbed\common\FilePath.cpp 0x00000000   Number         0  FilePath.o ABSOLUTE
    C:\work\mbed\git_arm\libraries\mbed\common\FileSystemLike.cpp 0x00000000   Number         0  FileSystemLike.o ABSOLUTE
    C:\work\mbed\git_arm\libraries\mbed\common\board.c 0x00000000   Number         0  board.o ABSOLUTE
    C:\work\mbed\git_arm\libraries\mbed\common\exit.c 0x00000000   Number         0  exit.o ABSOLUTE
    C:\work\mbed\git_arm\libraries\mbed\common\mbed_interface.c 0x00000000   Number         0  mbed_interface.o ABSOLUTE
    C:\work\mbed\git_arm\libraries\mbed\common\pinmap_common.c 0x00000000   Number         0  pinmap_common.o ABSOLUTE
    C:\work\mbed\git_arm\libraries\mbed\common\retarget.cpp 0x00000000   Number         0  retarget.o ABSOLUTE
    C:\work\mbed\git_arm\libraries\mbed\common\semihost_api.c 0x00000000   Number         0  semihost_api.o ABSOLUTE
    C:\work\mbed\git_arm\libraries\mbed\common\us_ticker_api.c 0x00000000   Number         0  us_ticker_api.o ABSOLUTE
    C:\work\mbed\git_arm\libraries\mbed\common\wait_api.c 0x00000000   Number         0  wait_api.o ABSOLUTE
    C:\work\mbed\git_arm\libraries\mbed\targets\cmsis\TARGET_NXP\TARGET_LPC176X\TOOLCHAIN_ARM_STD\startup_LPC17xx.s 0x00000000   Number         0  startup_LPC17xx.o ABSOLUTE
    C:\work\mbed\git_arm\libraries\mbed\targets\cmsis\TARGET_NXP\TARGET_LPC176X\TOOLCHAIN_ARM_STD\sys.cpp 0x00000000   Number         0  sys.o ABSOLUTE
    C:\work\mbed\git_arm\libraries\mbed\targets\cmsis\TARGET_NXP\TARGET_LPC176X\cmsis_nvic.c 0x00000000   Number         0  cmsis_nvic.o ABSOLUTE
    C:\work\mbed\git_arm\libraries\mbed\targets\cmsis\TARGET_NXP\TARGET_LPC176X\system_LPC17xx.c 0x00000000   Number         0  system_LPC17xx.o ABSOLUTE
    C:\work\mbed\git_arm\libraries\mbed\targets\hal\TARGET_NXP\TARGET_LPC176X\gpio_api.c 0x00000000   Number         0  gpio_api.o ABSOLUTE
    C:\work\mbed\git_arm\libraries\mbed\targets\hal\TARGET_NXP\TARGET_LPC176X\pinmap.c 0x00000000   Number         0  pinmap.o ABSOLUTE
    C:\work\mbed\git_arm\libraries\mbed\targets\hal\TARGET_NXP\TARGET_LPC176X\serial_api.c 0x00000000   Number         0  serial_api.o ABSOLUTE
    C:\work\mbed\git_arm\libraries\mbed\targets\hal\TARGET_NXP\TARGET_LPC176X\us_ticker.c 0x00000000   Number         0  us_ticker.o ABSOLUTE
    Task1\Task1.cpp                          0x00000000   Number         0  task1.o ABSOLUTE
    Task2\Task2.cpp                          0x00000000   Number         0  task2.o ABSOLUTE
    Task3\Task3.cpp                          0x00000000   Number         0  task3.o ABSOLUTE
    Task4\Task4.cpp                          0x00000000   Number         0  task4.o ABSOLUTE
    dc.s                                     0x00000000   Number         0  dc.o ABSOLUTE
    main.cpp                                 0x00000000   Number         0  main.o ABSOLUTE
    main.cpp                                 0x00000000   Number         0  main.o ABSOLUTE
    !!!main                                  0x000000c4   Section        8  __main.o(!!!main)
    !!!scatter                               0x000000cc   Section       52  __scatter.o(!!!scatter)
    !!handler_copy                           0x00000100   Section       26  __scatter_copy.o(!!handler_copy)
    .ARM.Collect$$libinit$$00000000          0x0000011a   Section        2  libinit.o(.ARM.Collect$$libinit$$00000000)
    .ARM.Collect$$libinit$$00000002          0x0000011c   Section        0  libinit2.o(.ARM.Collect$$libinit$$00000002)
    .ARM.Collect$$libinit$$00000004          0x0000011c   Section        0  libinit2.o(.ARM.Collect$$libinit$$00000004)
    .ARM.Collect$$libinit$$0000000A          0x0000011c   Section        0  libinit2.o(.ARM.Collect$$libinit$$0000000A)
    .ARM.Collect$$libinit$$0000000C          0x0000011c   Section        0  libinit2.o(.ARM.Collect$$libinit$$0000000C)
    .ARM.Collect$$libinit$$0000000E          0x0000011c   Section        0  libinit2.o(.ARM.Collect$$libinit$$0000000E)
    .ARM.Collect$$libinit$$00000011          0x0000011c   Section        0  libinit2.o(.ARM.Collect$$libinit$$00000011)
    .ARM.Collect$$libinit$$00000013          0x0000011c   Section        0  libinit2.o(.ARM.Collect$$libinit$$00000013)
    .ARM.Collect$$libinit$$00000015          0x0000011c   Section        0  libinit2.o(.ARM.Collect$$libinit$$00000015)
    .ARM.Collect$$libinit$$00000017          0x0000011c   Section        0  libinit2.o(.ARM.Collect$$libinit$$00000017)
    .ARM.Collect$$libinit$$00000019          0x0000011c   Section        0  libinit2.o(.ARM.Collect$$libinit$$00000019)
    .ARM.Collect$$libinit$$0000001B          0x0000011c   Section        0  libinit2.o(.ARM.Collect$$libinit$$0000001B)
    .ARM.Collect$$libinit$$0000001D          0x0000011c   Section        0  libinit2.o(.ARM.Collect$$libinit$$0000001D)
    .ARM.Collect$$libinit$$0000001F          0x0000011c   Section        0  libinit2.o(.ARM.Collect$$libinit$$0000001F)
    .ARM.Collect$$libinit$$00000021          0x0000011c   Section        0  libinit2.o(.ARM.Collect$$libinit$$00000021)
    .ARM.Collect$$libinit$$00000023          0x0000011c   Section        0  libinit2.o(.ARM.Collect$$libinit$$00000023)
    .ARM.Collect$$libinit$$00000025          0x0000011c   Section        0  libinit2.o(.ARM.Collect$$libinit$$00000025)
    .ARM.Collect$$libinit$$0000002C          0x0000011c   Section        0  libinit2.o(.ARM.Collect$$libinit$$0000002C)
    .ARM.Collect$$libinit$$0000002E          0x0000011c   Section        0  libinit2.o(.ARM.Collect$$libinit$$0000002E)
    .ARM.Collect$$libinit$$00000030          0x0000011c   Section        0  libinit2.o(.ARM.Collect$$libinit$$00000030)
    .ARM.Collect$$libinit$$00000032          0x0000011c   Section        0  libinit2.o(.ARM.Collect$$libinit$$00000032)
    .ARM.Collect$$libinit$$00000033          0x0000011c   Section        2  libinit2.o(.ARM.Collect$$libinit$$00000033)
    .ARM.Collect$$rtentry$$00000000          0x0000011e   Section        0  __rtentry.o(.ARM.Collect$$rtentry$$00000000)
    .ARM.Collect$$rtentry$$00000002          0x0000011e   Section        0  __rtentry2.o(.ARM.Collect$$rtentry$$00000002)
    .ARM.Collect$$rtentry$$00000004          0x0000011e   Section        6  __rtentry4.o(.ARM.Collect$$rtentry$$00000004)
    .ARM.Collect$$rtentry$$00000009          0x00000124   Section        0  __rtentry2.o(.ARM.Collect$$rtentry$$00000009)
    .ARM.Collect$$rtentry$$0000000A          0x00000124   Section        4  __rtentry2.o(.ARM.Collect$$rtentry$$0000000A)
    .ARM.Collect$$rtentry$$0000000C          0x00000128   Section        0  __rtentry2.o(.ARM.Collect$$rtentry$$0000000C)
    .ARM.Collect$$rtentry$$0000000D          0x00000128   Section        8  __rtentry2.o(.ARM.Collect$$rtentry$$0000000D)
    .text                                    0x00000130   Section        0  main.o(.text)
    .text                                    0x00000168   Section        0  task1.o(.text)
    .text                                    0x00000190   Section        0  task2.o(.text)
    .text                                    0x000001b8   Section        0  task3.o(.text)
    .text                                    0x000001e0   Section        0  task4.o(.text)
    .text                                    0x00000208   Section       36  startup_LPC17xx.o(.text)
    i.$Sub$$main                             0x0000022c   Section        0  retarget.o(i.$Sub$$main)
    i.NVIC_SetVector                         0x0000023c   Section        0  cmsis_nvic.o(i.NVIC_SetVector)
    i.__user_setup_stackheap                 0x0000026c   Section        0  sys.o(i.__user_setup_stackheap)
    i.exit                                   0x0000027c   Section        0  exit.o(i.exit)
    i.gpio_dir                               0x00000290   Section        0  gpio_api.o(i.gpio_dir)
    i.gpio_init                              0x000002ac   Section        0  gpio_api.o(i.gpio_init)
    i.mbed_interface_connected               0x000002f6   Section        0  mbed_interface.o(i.mbed_interface_connected)
    i.mbed_main                              0x000002fa   Section        0  retarget.o(i.mbed_main)
    .ARM.__at_0x02FC                         0x000002fc   Section        4  startup_LPC17xx.o(.ARM.__at_0x02FC)
    i.SystemInit                             0x00000300   Section        0  system_LPC17xx.o(i.SystemInit)
    i.gpio_set                               0x0000039c   Section        0  gpio_api.o(i.gpio_set)
    i.gpio_write                             0x000003b0   Section        0  board.o(i.gpio_write)
    gpio_write                               0x000003b1   Thumb Code    14  board.o(i.gpio_write)
    i.mbed_die                               0x000003c0   Section        0  board.o(i.mbed_die)
    i.pin_function                           0x00000444   Section        0  pinmap.o(i.pin_function)
    i.pin_mode                               0x00000478   Section        0  pinmap.o(i.pin_mode)
    i.semihost_connected                     0x000004cc   Section        0  semihost_api.o(i.semihost_connected)
    i.semihost_exit                          0x000004dc   Section        0  semihost_api.o(i.semihost_exit)
    i.us_ticker_clear_interrupt              0x000004e8   Section        0  us_ticker.o(i.us_ticker_clear_interrupt)
    i.us_ticker_disable_interrupt            0x000004f4   Section        0  us_ticker.o(i.us_ticker_disable_interrupt)
    i.us_ticker_init                         0x00000504   Section        0  us_ticker.o(i.us_ticker_init)
    i.us_ticker_irq_handler                  0x00000564   Section        0  us_ticker_api.o(i.us_ticker_irq_handler)
    i.us_ticker_read                         0x000005a4   Section        0  us_ticker.o(i.us_ticker_read)
    i.us_ticker_set_interrupt                0x000005c0   Section        0  us_ticker.o(i.us_ticker_set_interrupt)
    i.wait_ms                                0x000005d4   Section        0  wait_api.o(i.wait_ms)
    i.wait_us                                0x000005de   Section        0  wait_api.o(i.wait_us)
    .data                                    0x100000c8   Section        1  task1.o(.data)
    task1St                                  0x100000c8   Data           1  task1.o(.data)
    .data                                    0x100000c9   Section        1  task2.o(.data)
    task2St                                  0x100000c9   Data           1  task2.o(.data)
    .data                                    0x100000ca   Section        1  task3.o(.data)
    task3St                                  0x100000ca   Data           1  task3.o(.data)
    .data                                    0x100000cb   Section        1  task4.o(.data)
    task4St                                  0x100000cb   Data           1  task4.o(.data)
    .data                                    0x100000cc   Section        4  system_LPC17xx.o(.data)
    .data                                    0x100000d0   Section        4  us_ticker.o(.data)
    .data                                    0x100000d4   Section        8  us_ticker_api.o(.data)
    head                                     0x100000d4   Data           4  us_ticker_api.o(.data)
    event_handler                            0x100000d8   Data           4  us_ticker_api.o(.data)

    Global Symbols

    Symbol Name                              Value     Ov Type        Size  Object(Section)

    BuildAttributes$$THM_ISAv4$P$D$K$B$S$PE$A:L22UL41UL21$X:L11$S22US41US21$IEEE1$IW$USESV6$~STKCKD$USESV7$~SHL$OTIME$ROPI$EBA8$UX$STANDARDLIB$REQ8$PRES8$EABIv2 0x00000000   Number         0  anon$$obj.o ABSOLUTE
    __ARM_use_no_argv                        0x00000000   Number         0  main.o ABSOLUTE
    __Vectors                                0x00000000   Data           4  startup_LPC17xx.o(RESET)
    SHT$$ARM_EXIDX$$Base                      - Undefined Reference
    SHT$$ARM_EXIDX$$Limit                     - Undefined Reference
    __ARM::default_unexpected_handler()       - Undefined Weak Reference
    __ARM_exceptions_buffer_required          - Undefined Weak Reference
    __ARM_exceptions_init                     - Undefined Weak Reference
    __aeabi_unwind_cpp_pr1                    - Undefined Weak Reference
    __aeabi_unwind_cpp_pr2                    - Undefined Weak Reference
    __alloca_initialize                       - Undefined Weak Reference
    __arm_preinit_                            - Undefined Weak Reference
    __cpp_initialize__aeabi_                  - Undefined Weak Reference
    __cxa_begin_cleanup                       - Undefined Weak Reference
    __cxa_finalize                            - Undefined Weak Reference
    __cxa_type_match                          - Undefined Weak Reference
    __rt_lib_shutdown                         - Undefined Weak Reference
    __sigvec_lookup                           - Undefined Weak Reference
    __user_heap_extent                        - Undefined Weak Reference
    _atexit_init                              - Undefined Weak Reference
    _clock_init                               - Undefined Weak Reference
    _fp_trap_init                             - Undefined Weak Reference
    _fp_trap_shutdown                         - Undefined Weak Reference
    _get_lc_collate                           - Undefined Weak Reference
    _get_lc_monetary                          - Undefined Weak Reference
    _get_lc_numeric                           - Undefined Weak Reference
    _get_lc_time                              - Undefined Weak Reference
    _getenv_init                              - Undefined Weak Reference
    _handle_redirection                       - Undefined Weak Reference
    _mutex_acquire                            - Undefined Weak Reference
    _mutex_free                               - Undefined Weak Reference
    _mutex_release                            - Undefined Weak Reference
    _printf_post_padding                      - Undefined Weak Reference
    _printf_pre_padding                       - Undefined Weak Reference
    _printf_truncate_signed                   - Undefined Weak Reference
    _printf_truncate_unsigned                 - Undefined Weak Reference
    _rand_init                                - Undefined Weak Reference
    _scanf_longlong                           - Undefined Weak Reference
    _scanf_mbtowc                             - Undefined Weak Reference
    _scanf_real                               - Undefined Weak Reference
    _scanf_string                             - Undefined Weak Reference
    _scanf_wctomb                             - Undefined Weak Reference
    _scanf_wstring                            - Undefined Weak Reference
    _signal_finish                            - Undefined Weak Reference
    _signal_init                              - Undefined Weak Reference
    __main                                   0x000000c5   Thumb Code     8  __main.o(!!!main)
    __scatterload                            0x000000cd   Thumb Code     0  __scatter.o(!!!scatter)
    __scatterload_rt2                        0x000000cd   Thumb Code    44  __scatter.o(!!!scatter)
    __scatterload_rt2_thumb_only             0x000000cd   Thumb Code     0  __scatter.o(!!!scatter)
    __scatterload_null                       0x000000db   Thumb Code     0  __scatter.o(!!!scatter)
    __scatterload_copy                       0x00000101   Thumb Code    26  __scatter_copy.o(!!handler_copy)
    __rt_lib_init                            0x0000011b   Thumb Code     0  libinit.o(.ARM.Collect$$libinit$$00000000)
    __rt_lib_init_alloca_1                   0x0000011d   Thumb Code     0  libinit2.o(.ARM.Collect$$libinit$$0000002E)
    __rt_lib_init_argv_1                     0x0000011d   Thumb Code     0  libinit2.o(.ARM.Collect$$libinit$$0000002C)
    __rt_lib_init_atexit_1                   0x0000011d   Thumb Code     0  libinit2.o(.ARM.Collect$$libinit$$0000001B)
    __rt_lib_init_clock_1                    0x0000011d   Thumb Code     0  libinit2.o(.ARM.Collect$$libinit$$00000021)
    __rt_lib_init_cpp_1                      0x0000011d   Thumb Code     0  libinit2.o(.ARM.Collect$$libinit$$00000032)
    __rt_lib_init_exceptions_1               0x0000011d   Thumb Code     0  libinit2.o(.ARM.Collect$$libinit$$00000030)
    __rt_lib_init_fp_1                       0x0000011d   Thumb Code     0  libinit2.o(.ARM.Collect$$libinit$$00000002)
    __rt_lib_init_fp_trap_1                  0x0000011d   Thumb Code     0  libinit2.o(.ARM.Collect$$libinit$$0000001F)
    __rt_lib_init_getenv_1                   0x0000011d   Thumb Code     0  libinit2.o(.ARM.Collect$$libinit$$00000023)
    __rt_lib_init_heap_1                     0x0000011d   Thumb Code     0  libinit2.o(.ARM.Collect$$libinit$$0000000A)
    __rt_lib_init_lc_collate_1               0x0000011d   Thumb Code     0  libinit2.o(.ARM.Collect$$libinit$$00000011)
    __rt_lib_init_lc_ctype_1                 0x0000011d   Thumb Code     0  libinit2.o(.ARM.Collect$$libinit$$00000013)
    __rt_lib_init_lc_monetary_1              0x0000011d   Thumb Code     0  libinit2.o(.ARM.Collect$$libinit$$00000015)
    __rt_lib_init_lc_numeric_1               0x0000011d   Thumb Code     0  libinit2.o(.ARM.Collect$$libinit$$00000017)
    __rt_lib_init_lc_time_1                  0x0000011d   Thumb Code     0  libinit2.o(.ARM.Collect$$libinit$$00000019)
    __rt_lib_init_preinit_1                  0x0000011d   Thumb Code     0  libinit2.o(.ARM.Collect$$libinit$$00000004)
    __rt_lib_init_rand_1                     0x0000011d   Thumb Code     0  libinit2.o(.ARM.Collect$$libinit$$0000000E)
    __rt_lib_init_return                     0x0000011d   Thumb Code     0  libinit2.o(.ARM.Collect$$libinit$$00000033)
    __rt_lib_init_signal_1                   0x0000011d   Thumb Code     0  libinit2.o(.ARM.Collect$$libinit$$0000001D)
    __rt_lib_init_stdio_1                    0x0000011d   Thumb Code     0  libinit2.o(.ARM.Collect$$libinit$$00000025)
    __rt_lib_init_user_alloc_1               0x0000011d   Thumb Code     0  libinit2.o(.ARM.Collect$$libinit$$0000000C)
    __rt_entry                               0x0000011f   Thumb Code     0  __rtentry.o(.ARM.Collect$$rtentry$$00000000)
    __rt_entry_presh_1                       0x0000011f   Thumb Code     0  __rtentry2.o(.ARM.Collect$$rtentry$$00000002)
    __rt_entry_sh                            0x0000011f   Thumb Code     0  __rtentry4.o(.ARM.Collect$$rtentry$$00000004)
    __rt_entry_li                            0x00000125   Thumb Code     0  __rtentry2.o(.ARM.Collect$$rtentry$$0000000A)
    __rt_entry_postsh_1                      0x00000125   Thumb Code     0  __rtentry2.o(.ARM.Collect$$rtentry$$00000009)
    __rt_entry_main                          0x00000129   Thumb Code     0  __rtentry2.o(.ARM.Collect$$rtentry$$0000000D)
    __rt_entry_postli_1                      0x00000129   Thumb Code     0  __rtentry2.o(.ARM.Collect$$rtentry$$0000000C)
    EnInterrupts()                           0x00000131   Thumb Code     2  main.o(.text)
    Mcu_Init()                               0x00000133   Thumb Code     2  main.o(.text)
    $Super$$main                             0x00000135   Thumb Code    52  main.o(.text)
    Task1_Init()                             0x00000169   Thumb Code     2  task1.o(.text)
    Task1_Run()                              0x0000016b   Thumb Code    26  task1.o(.text)
    Task1_Flush()                            0x00000185   Thumb Code     8  task1.o(.text)
    Task2_Init()                             0x00000191   Thumb Code     2  task2.o(.text)
    Task2_Run()                              0x00000193   Thumb Code    26  task2.o(.text)
    Task2_Flush()                            0x000001ad   Thumb Code     8  task2.o(.text)
    Task3_Init()                             0x000001b9   Thumb Code     2  task3.o(.text)
    Task3_Run()                              0x000001bb   Thumb Code    26  task3.o(.text)
    Task3_Flush()                            0x000001d5   Thumb Code     8  task3.o(.text)
    Task4_Init()                             0x000001e1   Thumb Code     2  task4.o(.text)
    Task4_Run()                              0x000001e3   Thumb Code    26  task4.o(.text)
    Task4_Flush()                            0x000001fd   Thumb Code     8  task4.o(.text)
    Reset_Handler                            0x00000209   Thumb Code     8  startup_LPC17xx.o(.text)
    NMI_Handler                              0x00000211   Thumb Code     2  startup_LPC17xx.o(.text)
    HardFault_Handler                        0x00000213   Thumb Code     2  startup_LPC17xx.o(.text)
    MemManage_Handler                        0x00000215   Thumb Code     2  startup_LPC17xx.o(.text)
    BusFault_Handler                         0x00000217   Thumb Code     2  startup_LPC17xx.o(.text)
    UsageFault_Handler                       0x00000219   Thumb Code     2  startup_LPC17xx.o(.text)
    SVC_Handler                              0x0000021b   Thumb Code     2  startup_LPC17xx.o(.text)
    DebugMon_Handler                         0x0000021d   Thumb Code     2  startup_LPC17xx.o(.text)
    PendSV_Handler                           0x0000021f   Thumb Code     2  startup_LPC17xx.o(.text)
    SysTick_Handler                          0x00000221   Thumb Code     2  startup_LPC17xx.o(.text)
    ADC_IRQHandler                           0x00000223   Thumb Code     0  startup_LPC17xx.o(.text)
    BOD_IRQHandler                           0x00000223   Thumb Code     0  startup_LPC17xx.o(.text)
    CAN_IRQHandler                           0x00000223   Thumb Code     0  startup_LPC17xx.o(.text)
    DMA_IRQHandler                           0x00000223   Thumb Code     0  startup_LPC17xx.o(.text)
    EINT0_IRQHandler                         0x00000223   Thumb Code     0  startup_LPC17xx.o(.text)
    EINT1_IRQHandler                         0x00000223   Thumb Code     0  startup_LPC17xx.o(.text)
    EINT2_IRQHandler                         0x00000223   Thumb Code     0  startup_LPC17xx.o(.text)
    EINT3_IRQHandler                         0x00000223   Thumb Code     0  startup_LPC17xx.o(.text)
    ENET_IRQHandler                          0x00000223   Thumb Code     0  startup_LPC17xx.o(.text)
    I2C0_IRQHandler                          0x00000223   Thumb Code     0  startup_LPC17xx.o(.text)
    I2C1_IRQHandler                          0x00000223   Thumb Code     0  startup_LPC17xx.o(.text)
    I2C2_IRQHandler                          0x00000223   Thumb Code     0  startup_LPC17xx.o(.text)
    I2S_IRQHandler                           0x00000223   Thumb Code     0  startup_LPC17xx.o(.text)
    MCPWM_IRQHandler                         0x00000223   Thumb Code     0  startup_LPC17xx.o(.text)
    PLL0_IRQHandler                          0x00000223   Thumb Code     0  startup_LPC17xx.o(.text)
    PLL1_IRQHandler                          0x00000223   Thumb Code     0  startup_LPC17xx.o(.text)
    PWM1_IRQHandler                          0x00000223   Thumb Code     0  startup_LPC17xx.o(.text)
    QEI_IRQHandler                           0x00000223   Thumb Code     0  startup_LPC17xx.o(.text)
    RIT_IRQHandler                           0x00000223   Thumb Code     0  startup_LPC17xx.o(.text)
    RTC_IRQHandler                           0x00000223   Thumb Code     0  startup_LPC17xx.o(.text)
    SPI_IRQHandler                           0x00000223   Thumb Code     0  startup_LPC17xx.o(.text)
    SSP0_IRQHandler                          0x00000223   Thumb Code     0  startup_LPC17xx.o(.text)
    SSP1_IRQHandler                          0x00000223   Thumb Code     0  startup_LPC17xx.o(.text)
    TIMER0_IRQHandler                        0x00000223   Thumb Code     0  startup_LPC17xx.o(.text)
    TIMER1_IRQHandler                        0x00000223   Thumb Code     0  startup_LPC17xx.o(.text)
    TIMER2_IRQHandler                        0x00000223   Thumb Code     0  startup_LPC17xx.o(.text)
    TIMER3_IRQHandler                        0x00000223   Thumb Code     0  startup_LPC17xx.o(.text)
    UART0_IRQHandler                         0x00000223   Thumb Code     0  startup_LPC17xx.o(.text)
    UART1_IRQHandler                         0x00000223   Thumb Code     0  startup_LPC17xx.o(.text)
    UART2_IRQHandler                         0x00000223   Thumb Code     0  startup_LPC17xx.o(.text)
    UART3_IRQHandler                         0x00000223   Thumb Code     0  startup_LPC17xx.o(.text)
    USB_IRQHandler                           0x00000223   Thumb Code     0  startup_LPC17xx.o(.text)
    WDT_IRQHandler                           0x00000223   Thumb Code     0  startup_LPC17xx.o(.text)
    main                                     0x0000022d   Thumb Code    14  retarget.o(i.$Sub$$main)
    NVIC_SetVector                           0x0000023d   Thumb Code    42  cmsis_nvic.o(i.NVIC_SetVector)
    __user_setup_stackheap                   0x0000026d   Thumb Code    10  sys.o(i.__user_setup_stackheap)
    exit                                     0x0000027d   Thumb Code    20  exit.o(i.exit)
    gpio_dir                                 0x00000291   Thumb Code    28  gpio_api.o(i.gpio_dir)
    gpio_init                                0x000002ad   Thumb Code    74  gpio_api.o(i.gpio_init)
    mbed_interface_connected                 0x000002f7   Thumb Code     4  mbed_interface.o(i.mbed_interface_connected)
    mbed_main                                0x000002fb   Thumb Code     2  retarget.o(i.mbed_main)
    SystemInit                               0x00000301   Thumb Code   146  system_LPC17xx.o(i.SystemInit)
    gpio_set                                 0x0000039d   Thumb Code    20  gpio_api.o(i.gpio_set)
    mbed_die                                 0x000003c1   Thumb Code   126  board.o(i.mbed_die)
    pin_function                             0x00000445   Thumb Code    42  pinmap.o(i.pin_function)
    pin_mode                                 0x00000479   Thumb Code    76  pinmap.o(i.pin_mode)
    semihost_connected                       0x000004cd   Thumb Code    10  semihost_api.o(i.semihost_connected)
    semihost_exit                            0x000004dd   Thumb Code    12  semihost_api.o(i.semihost_exit)
    us_ticker_clear_interrupt                0x000004e9   Thumb Code     8  us_ticker.o(i.us_ticker_clear_interrupt)
    us_ticker_disable_interrupt              0x000004f5   Thumb Code    12  us_ticker.o(i.us_ticker_disable_interrupt)
    us_ticker_init                           0x00000505   Thumb Code    72  us_ticker.o(i.us_ticker_init)
    us_ticker_irq_handler                    0x00000565   Thumb Code    60  us_ticker_api.o(i.us_ticker_irq_handler)
    us_ticker_read                           0x000005a5   Thumb Code    18  us_ticker.o(i.us_ticker_read)
    us_ticker_set_interrupt                  0x000005c1   Thumb Code    14  us_ticker.o(i.us_ticker_set_interrupt)
    wait_ms                                  0x000005d5   Thumb Code    10  wait_api.o(i.wait_ms)
    wait_us                                  0x000005df   Thumb Code    22  wait_api.o(i.wait_us)
    Region$$Table$$Base                      0x000005f4   Number         0  anon$$obj.o(Region$$Table)
    Region$$Table$$Limit                     0x00000604   Number         0  anon$$obj.o(Region$$Table)
    SystemCoreClock                          0x100000cc   Data           4  system_LPC17xx.o(.data)
    us_ticker_inited                         0x100000d0   Data           4  us_ticker.o(.data)
    Image$$RW_IRAM1$$ZI$$Limit               0x100000dc   Number         0  anon$$obj.o ABSOLUTE



==============================================================================

Memory Map of the image

  Image Entry point : 0x000000c5

  Load Region LR_IROM1 (Base: 0x00000000, Size: 0x00000618, Max: 0x00080000, ABSOLUTE)

    Execution Region ER_IROM1 (Base: 0x00000000, Size: 0x00000604, Max: 0x00080000, ABSOLUTE)

    Base Addr    Size         Type   Attr      Idx    E Section Name        Object

    0x00000000   0x000000c4   Data   RO          352    RESET               startup_LPC17xx.o
    0x000000c4   0x00000008   Code   RO          809  * !!!main             c_w.l(__main.o)
    0x000000cc   0x00000034   Code   RO         1410    !!!scatter          c_w.l(__scatter.o)
    0x00000100   0x0000001a   Code   RO         1412    !!handler_copy      c_w.l(__scatter_copy.o)
    0x0000011a   0x00000002   Code   RO         1319    .ARM.Collect$$libinit$$00000000  c_w.l(libinit.o)
    0x0000011c   0x00000000   Code   RO         1177    .ARM.Collect$$libinit$$00000002  c_w.l(libinit2.o)
    0x0000011c   0x00000000   Code   RO         1179    .ARM.Collect$$libinit$$00000004  c_w.l(libinit2.o)
    0x0000011c   0x00000000   Code   RO         1182    .ARM.Collect$$libinit$$0000000A  c_w.l(libinit2.o)
    0x0000011c   0x00000000   Code   RO         1184    .ARM.Collect$$libinit$$0000000C  c_w.l(libinit2.o)
    0x0000011c   0x00000000   Code   RO         1186    .ARM.Collect$$libinit$$0000000E  c_w.l(libinit2.o)
    0x0000011c   0x00000000   Code   RO         1189    .ARM.Collect$$libinit$$00000011  c_w.l(libinit2.o)
    0x0000011c   0x00000000   Code   RO         1191    .ARM.Collect$$libinit$$00000013  c_w.l(libinit2.o)
    0x0000011c   0x00000000   Code   RO         1193    .ARM.Collect$$libinit$$00000015  c_w.l(libinit2.o)
    0x0000011c   0x00000000   Code   RO         1195    .ARM.Collect$$libinit$$00000017  c_w.l(libinit2.o)
    0x0000011c   0x00000000   Code   RO         1197    .ARM.Collect$$libinit$$00000019  c_w.l(libinit2.o)
    0x0000011c   0x00000000   Code   RO         1199    .ARM.Collect$$libinit$$0000001B  c_w.l(libinit2.o)
    0x0000011c   0x00000000   Code   RO         1201    .ARM.Collect$$libinit$$0000001D  c_w.l(libinit2.o)
    0x0000011c   0x00000000   Code   RO         1203    .ARM.Collect$$libinit$$0000001F  c_w.l(libinit2.o)
    0x0000011c   0x00000000   Code   RO         1205    .ARM.Collect$$libinit$$00000021  c_w.l(libinit2.o)
    0x0000011c   0x00000000   Code   RO         1207    .ARM.Collect$$libinit$$00000023  c_w.l(libinit2.o)
    0x0000011c   0x00000000   Code   RO         1209    .ARM.Collect$$libinit$$00000025  c_w.l(libinit2.o)
    0x0000011c   0x00000000   Code   RO         1213    .ARM.Collect$$libinit$$0000002C  c_w.l(libinit2.o)
    0x0000011c   0x00000000   Code   RO         1215    .ARM.Collect$$libinit$$0000002E  c_w.l(libinit2.o)
    0x0000011c   0x00000000   Code   RO         1217    .ARM.Collect$$libinit$$00000030  c_w.l(libinit2.o)
    0x0000011c   0x00000000   Code   RO         1219    .ARM.Collect$$libinit$$00000032  c_w.l(libinit2.o)
    0x0000011c   0x00000002   Code   RO         1220    .ARM.Collect$$libinit$$00000033  c_w.l(libinit2.o)
    0x0000011e   0x00000000   Code   RO          953    .ARM.Collect$$rtentry$$00000000  c_w.l(__rtentry.o)
    0x0000011e   0x00000000   Code   RO         1092    .ARM.Collect$$rtentry$$00000002  c_w.l(__rtentry2.o)
    0x0000011e   0x00000006   Code   RO         1104    .ARM.Collect$$rtentry$$00000004  c_w.l(__rtentry4.o)
    0x00000124   0x00000000   Code   RO         1094    .ARM.Collect$$rtentry$$00000009  c_w.l(__rtentry2.o)
    0x00000124   0x00000004   Code   RO         1095    .ARM.Collect$$rtentry$$0000000A  c_w.l(__rtentry2.o)
    0x00000128   0x00000000   Code   RO         1097    .ARM.Collect$$rtentry$$0000000C  c_w.l(__rtentry2.o)
    0x00000128   0x00000008   Code   RO         1098    .ARM.Collect$$rtentry$$0000000D  c_w.l(__rtentry2.o)
    0x00000130   0x00000038   Code   RO            3    .text               main.o
    0x00000168   0x00000028   Code   RO          272    .text               task1.o
    0x00000190   0x00000028   Code   RO          287    .text               task2.o
    0x000001b8   0x00000028   Code   RO          302    .text               task3.o
    0x000001e0   0x00000028   Code   RO          317    .text               task4.o
    0x00000208   0x00000024   Code   RO          354    .text               startup_LPC17xx.o
    0x0000022c   0x0000000e   Code   RO          358    i.$Sub$$main        retarget.o
    0x0000023a   0x00000002   PAD
    0x0000023c   0x00000030   Code   RO          338    i.NVIC_SetVector    cmsis_nvic.o
    0x0000026c   0x00000010   Code   RO          332    i.__user_setup_stackheap  sys.o
    0x0000027c   0x00000014   Code   RO          622    i.exit              mbed.ar(exit.o)
    0x00000290   0x0000001c   Code   RO          747    i.gpio_dir          mbed.ar(gpio_api.o)
    0x000002ac   0x0000004a   Code   RO          748    i.gpio_init         mbed.ar(gpio_api.o)
    0x000002f6   0x00000004   Code   RO          676    i.mbed_interface_connected  mbed.ar(mbed_interface.o)
    0x000002fa   0x00000002   Code   RO          372    i.mbed_main         retarget.o
    0x000002fc   0x00000004   Code   RO          353    .ARM.__at_0x02FC    startup_LPC17xx.o
    0x00000300   0x0000009c   Code   RO          346    i.SystemInit        system_LPC17xx.o
    0x0000039c   0x00000014   Code   RO          750    i.gpio_set          mbed.ar(gpio_api.o)
    0x000003b0   0x0000000e   Code   RO          668    i.gpio_write        mbed.ar(board.o)
    0x000003be   0x00000002   PAD
    0x000003c0   0x00000084   Code   RO          669    i.mbed_die          mbed.ar(board.o)
    0x00000444   0x00000034   Code   RO          599    i.pin_function      mbed.ar(pinmap.o)
    0x00000478   0x00000054   Code   RO          600    i.pin_mode          mbed.ar(pinmap.o)
    0x000004cc   0x00000010   Code   RO          697    i.semihost_connected  mbed.ar(semihost_api.o)
    0x000004dc   0x0000000c   Code   RO          700    i.semihost_exit     mbed.ar(semihost_api.o)
    0x000004e8   0x0000000c   Code   RO          607    i.us_ticker_clear_interrupt  mbed.ar(us_ticker.o)
    0x000004f4   0x00000010   Code   RO          608    i.us_ticker_disable_interrupt  mbed.ar(us_ticker.o)
    0x00000504   0x00000060   Code   RO          609    i.us_ticker_init    mbed.ar(us_ticker.o)
    0x00000564   0x00000040   Code   RO          735    i.us_ticker_irq_handler  mbed.ar(us_ticker_api.o)
    0x000005a4   0x0000001c   Code   RO          610    i.us_ticker_read    mbed.ar(us_ticker.o)
    0x000005c0   0x00000014   Code   RO          611    i.us_ticker_set_interrupt  mbed.ar(us_ticker.o)
    0x000005d4   0x0000000a   Code   RO          507    i.wait_ms           mbed.ar(wait_api.o)
    0x000005de   0x00000016   Code   RO          508    i.wait_us           mbed.ar(wait_api.o)
    0x000005f4   0x00000010   Data   RO         1408    Region$$Table       anon$$obj.o


    Execution Region RW_IRAM1 (Base: 0x100000c8, Size: 0x00000014, Max: 0x00007f38, ABSOLUTE)

    Base Addr    Size         Type   Attr      Idx    E Section Name        Object

    0x100000c8   0x00000001   Data   RW          274    .data               task1.o
    0x100000c9   0x00000001   Data   RW          289    .data               task2.o
    0x100000ca   0x00000001   Data   RW          304    .data               task3.o
    0x100000cb   0x00000001   Data   RW          319    .data               task4.o
    0x100000cc   0x00000004   Data   RW          347    .data               system_LPC17xx.o
    0x100000d0   0x00000004   Data   RW          612    .data               mbed.ar(us_ticker.o)
    0x100000d4   0x00000008   Data   RW          738    .data               mbed.ar(us_ticker_api.o)


    Execution Region RW_IRAM2 (Base: 0x2007c000, Size: 0x00000000, Max: 0x00004000, ABSOLUTE)

    **** No section assigned to this execution region ****


    Execution Region RW_IRAM3 (Base: 0x20080000, Size: 0x00000000, Max: 0x00004000, ABSOLUTE)

    **** No section assigned to this execution region ****


    Execution Region RW_IRAM4 (Base: 0x40038000, Size: 0x00000000, Max: 0x00000800, ABSOLUTE)

    **** No section assigned to this execution region ****


==============================================================================

Image component sizes


      Code (inc. data)   RO Data    RW Data    ZI Data      Debug   Object Name

        48          6          0          0          0         84   cmsis_nvic.o
        56          0          0          0          0       3737   main.o
        16          0          0          0          0        148   retarget.o
        40         12        196          0          0        228   startup_LPC17xx.o
        16          6          0          0          0         68   sys.o
       156         10          0          4          0         76   system_LPC17xx.o
        40          4          0          1          0        843   task1.o
        40          4          0          1          0        843   task2.o
        40          4          0          1          0        843   task3.o
        40          4          0          1          0        843   task4.o

    ----------------------------------------------------------------------
       494         50        212          8          0       7713   Object Totals
         0          0         16          0          0          0   (incl. Generated)
         2          0          0          0          0          0   (incl. Padding)

    ----------------------------------------------------------------------

      Code (inc. data)   RO Data    RW Data    ZI Data      Debug   Library Member Name

         8          0          0          0          0         68   __main.o
         0          0          0          0          0          0   __rtentry.o
        12          0          0          0          0          0   __rtentry2.o
         6          0          0          0          0          0   __rtentry4.o
        52          8          0          0          0          0   __scatter.o
        26          0          0          0          0          0   __scatter_copy.o
         2          0          0          0          0          0   libinit.o
         2          0          0          0          0          0   libinit2.o
       146          6          0          0          0        144   board.o
        20          0          0          0          0         72   exit.o
       122          0          0          0          0        236   gpio_api.o
         4          0          0          0          0         68   mbed_interface.o
       136         18          0          0          0        160   pinmap.o
        28          6          0          0          0        148   semihost_api.o
       172         48          0          4          0        356   us_ticker.o
        64          4          0          8          0         88   us_ticker_api.o
        32          0          0          0          0        148   wait_api.o

    ----------------------------------------------------------------------
       834         90          0         12          0       1488   Library Totals
         2          0          0          0          0          0   (incl. Padding)

    ----------------------------------------------------------------------

      Code (inc. data)   RO Data    RW Data    ZI Data      Debug   Library Name

       108          8          0          0          0         68   c_w.l
       724         82          0         12          0       1420   mbed.ar

    ----------------------------------------------------------------------
       834         90          0         12          0       1488   Library Totals

    ----------------------------------------------------------------------

==============================================================================


      Code (inc. data)   RO Data    RW Data    ZI Data      Debug   

      1328        140        212         20          0       7725   Grand Totals
      1328        140        212         20          0       7725   ELF Image Totals
      1328        140        212         20          0          0   ROM Totals

==============================================================================

    Total RO  Size (Code + RO Data)                 1540 (   1.50kB)
    Total RW  Size (RW Data + ZI Data)                20 (   0.02kB)
    Total ROM Size (Code + RO Data + RW Data)       1560 (   1.52kB)

==============================================================================

