<html>
<body>
<pre>
<h1>µVision Build Log</h1>
<h2>Tool Versions:</h2>
IDE-Version: µVision V5.15
Copyright (C) 2015 ARM Ltd and ARM Germany GmbH. All rights reserved.
License Information: Margarito Rodriguez, Stratia Consultores SA de CV, LIC=47GVE-5XK9S-DY9V3-AXIEL-3GT91-MB7P0
 
Tool Versions:
Toolchain:       MDK-ARM Standard  Version: 5.15.0
Toolchain Path:  C:\Keil_v5\ARM\ARMCC\Bin
C Compiler:      Armcc.exe V5.05 update 2 (build 169)
Assembler:       Armasm.exe V5.05 update 2 (build 169)
Linker/Locator:  ArmLink.exe V5.05 update 2 (build 169)
Library Manager: ArmAr.exe V5.05 update 2 (build 169)
Hex Converter:   FromElf.exe V5.05 update 2 (build 169)
CPU DLL:         SARMCM3.DLL V5.15.0
Dialog DLL:      DARMP1.DLL V1.25.0.0
Target DLL:      CMSIS_AGDI.dll V1.21.12.0
Dialog DLL:      TARMP1.DLL V1.24.0.0
 
<h2>Project:</h2>
C:\Users\str-har-pc\Documents\Tsla\Tess\RTOS_Pproject.uvproj
Project File Date:  12/23/2015

<h2>Output:</h2>
*** Using Compiler 'V5.05 update 2 (build 169)', folder: 'C:\Keil_v5\ARM\ARMCC\Bin'
Rebuild target 'mbed NXP LPC1768'
compiling main.cpp...
compiling Task1.cpp...
compiling Task2.cpp...
compiling Task3.cpp...
compiling Task4.cpp...
linking...
Program Size: Code=1328 RO-data=212 RW-data=20 ZI-data=0  
FromELF: creating hex file...
".\build\RTOS_Pproject.axf" - 0 Error(s), 0 Warning(s).
</pre>
</body>
</html>
