<!doctype html public "-//w3c//dtd html 4.0 transitional//en">
<html><head>
<title>Static Call Graph - [.\build\RTOS_Pproject.axf]</title></head>
<body><HR>
<H1>Static Call Graph for image .\build\RTOS_Pproject.axf</H1><HR>
<BR><P>#&#060CALLGRAPH&#062# ARM Linker, 5050169: Last Updated: Wed Jan 13 14:29:59 2016
<BR><P>
<H3>Maximum Stack Usage =        132 bytes + Unknown(Cycles, Untraceable Function Pointers)</H3><H3>
Call chain for Maximum Stack Depth:</H3>
__rt_entry_main &rArr; exit &rArr; mbed_die &rArr; gpio_init &rArr; pin_mode
<P>
<H3>
Mutually Recursive functions
</H3> <LI><a href="#[11]">NMI_Handler</a>&nbsp;&nbsp;&nbsp;&rArr;&nbsp;&nbsp;&nbsp;<a href="#[11]">NMI_Handler</a><BR>
 <LI><a href="#[12]">HardFault_Handler</a>&nbsp;&nbsp;&nbsp;&rArr;&nbsp;&nbsp;&nbsp;<a href="#[12]">HardFault_Handler</a><BR>
 <LI><a href="#[13]">MemManage_Handler</a>&nbsp;&nbsp;&nbsp;&rArr;&nbsp;&nbsp;&nbsp;<a href="#[13]">MemManage_Handler</a><BR>
 <LI><a href="#[14]">BusFault_Handler</a>&nbsp;&nbsp;&nbsp;&rArr;&nbsp;&nbsp;&nbsp;<a href="#[14]">BusFault_Handler</a><BR>
 <LI><a href="#[15]">UsageFault_Handler</a>&nbsp;&nbsp;&nbsp;&rArr;&nbsp;&nbsp;&nbsp;<a href="#[15]">UsageFault_Handler</a><BR>
 <LI><a href="#[16]">SVC_Handler</a>&nbsp;&nbsp;&nbsp;&rArr;&nbsp;&nbsp;&nbsp;<a href="#[16]">SVC_Handler</a><BR>
 <LI><a href="#[17]">DebugMon_Handler</a>&nbsp;&nbsp;&nbsp;&rArr;&nbsp;&nbsp;&nbsp;<a href="#[17]">DebugMon_Handler</a><BR>
 <LI><a href="#[18]">PendSV_Handler</a>&nbsp;&nbsp;&nbsp;&rArr;&nbsp;&nbsp;&nbsp;<a href="#[18]">PendSV_Handler</a><BR>
 <LI><a href="#[19]">SysTick_Handler</a>&nbsp;&nbsp;&nbsp;&rArr;&nbsp;&nbsp;&nbsp;<a href="#[19]">SysTick_Handler</a><BR>
 <LI><a href="#[30]">ADC_IRQHandler</a>&nbsp;&nbsp;&nbsp;&rArr;&nbsp;&nbsp;&nbsp;<a href="#[30]">ADC_IRQHandler</a><BR>
</UL>
<P>
<H3>
Function Pointers
</H3><UL>
 <LI><a href="#[30]">ADC_IRQHandler</a> from startup_LPC17xx.o(.text) referenced from startup_LPC17xx.o(RESET)
 <LI><a href="#[31]">BOD_IRQHandler</a> from startup_LPC17xx.o(.text) referenced from startup_LPC17xx.o(RESET)
 <LI><a href="#[14]">BusFault_Handler</a> from startup_LPC17xx.o(.text) referenced from startup_LPC17xx.o(RESET)
 <LI><a href="#[33]">CAN_IRQHandler</a> from startup_LPC17xx.o(.text) referenced from startup_LPC17xx.o(RESET)
 <LI><a href="#[34]">DMA_IRQHandler</a> from startup_LPC17xx.o(.text) referenced from startup_LPC17xx.o(RESET)
 <LI><a href="#[17]">DebugMon_Handler</a> from startup_LPC17xx.o(.text) referenced from startup_LPC17xx.o(RESET)
 <LI><a href="#[2c]">EINT0_IRQHandler</a> from startup_LPC17xx.o(.text) referenced from startup_LPC17xx.o(RESET)
 <LI><a href="#[2d]">EINT1_IRQHandler</a> from startup_LPC17xx.o(.text) referenced from startup_LPC17xx.o(RESET)
 <LI><a href="#[2e]">EINT2_IRQHandler</a> from startup_LPC17xx.o(.text) referenced from startup_LPC17xx.o(RESET)
 <LI><a href="#[2f]">EINT3_IRQHandler</a> from startup_LPC17xx.o(.text) referenced from startup_LPC17xx.o(RESET)
 <LI><a href="#[36]">ENET_IRQHandler</a> from startup_LPC17xx.o(.text) referenced from startup_LPC17xx.o(RESET)
 <LI><a href="#[12]">HardFault_Handler</a> from startup_LPC17xx.o(.text) referenced from startup_LPC17xx.o(RESET)
 <LI><a href="#[24]">I2C0_IRQHandler</a> from startup_LPC17xx.o(.text) referenced from startup_LPC17xx.o(RESET)
 <LI><a href="#[25]">I2C1_IRQHandler</a> from startup_LPC17xx.o(.text) referenced from startup_LPC17xx.o(RESET)
 <LI><a href="#[26]">I2C2_IRQHandler</a> from startup_LPC17xx.o(.text) referenced from startup_LPC17xx.o(RESET)
 <LI><a href="#[35]">I2S_IRQHandler</a> from startup_LPC17xx.o(.text) referenced from startup_LPC17xx.o(RESET)
 <LI><a href="#[38]">MCPWM_IRQHandler</a> from startup_LPC17xx.o(.text) referenced from startup_LPC17xx.o(RESET)
 <LI><a href="#[13]">MemManage_Handler</a> from startup_LPC17xx.o(.text) referenced from startup_LPC17xx.o(RESET)
 <LI><a href="#[11]">NMI_Handler</a> from startup_LPC17xx.o(.text) referenced from startup_LPC17xx.o(RESET)
 <LI><a href="#[2a]">PLL0_IRQHandler</a> from startup_LPC17xx.o(.text) referenced from startup_LPC17xx.o(RESET)
 <LI><a href="#[3a]">PLL1_IRQHandler</a> from startup_LPC17xx.o(.text) referenced from startup_LPC17xx.o(RESET)
 <LI><a href="#[23]">PWM1_IRQHandler</a> from startup_LPC17xx.o(.text) referenced from startup_LPC17xx.o(RESET)
 <LI><a href="#[18]">PendSV_Handler</a> from startup_LPC17xx.o(.text) referenced from startup_LPC17xx.o(RESET)
 <LI><a href="#[39]">QEI_IRQHandler</a> from startup_LPC17xx.o(.text) referenced from startup_LPC17xx.o(RESET)
 <LI><a href="#[37]">RIT_IRQHandler</a> from startup_LPC17xx.o(.text) referenced from startup_LPC17xx.o(RESET)
 <LI><a href="#[2b]">RTC_IRQHandler</a> from startup_LPC17xx.o(.text) referenced from startup_LPC17xx.o(RESET)
 <LI><a href="#[10]">Reset_Handler</a> from startup_LPC17xx.o(.text) referenced from startup_LPC17xx.o(RESET)
 <LI><a href="#[27]">SPI_IRQHandler</a> from startup_LPC17xx.o(.text) referenced from startup_LPC17xx.o(RESET)
 <LI><a href="#[28]">SSP0_IRQHandler</a> from startup_LPC17xx.o(.text) referenced from startup_LPC17xx.o(RESET)
 <LI><a href="#[29]">SSP1_IRQHandler</a> from startup_LPC17xx.o(.text) referenced from startup_LPC17xx.o(RESET)
 <LI><a href="#[16]">SVC_Handler</a> from startup_LPC17xx.o(.text) referenced from startup_LPC17xx.o(RESET)
 <LI><a href="#[19]">SysTick_Handler</a> from startup_LPC17xx.o(.text) referenced from startup_LPC17xx.o(RESET)
 <LI><a href="#[3b]">SystemInit</a> from system_LPC17xx.o(i.SystemInit) referenced from startup_LPC17xx.o(.text)
 <LI><a href="#[1b]">TIMER0_IRQHandler</a> from startup_LPC17xx.o(.text) referenced from startup_LPC17xx.o(RESET)
 <LI><a href="#[1c]">TIMER1_IRQHandler</a> from startup_LPC17xx.o(.text) referenced from startup_LPC17xx.o(RESET)
 <LI><a href="#[1d]">TIMER2_IRQHandler</a> from startup_LPC17xx.o(.text) referenced from startup_LPC17xx.o(RESET)
 <LI><a href="#[1e]">TIMER3_IRQHandler</a> from startup_LPC17xx.o(.text) referenced from startup_LPC17xx.o(RESET)
 <LI><a href="#[1f]">UART0_IRQHandler</a> from startup_LPC17xx.o(.text) referenced from startup_LPC17xx.o(RESET)
 <LI><a href="#[20]">UART1_IRQHandler</a> from startup_LPC17xx.o(.text) referenced from startup_LPC17xx.o(RESET)
 <LI><a href="#[21]">UART2_IRQHandler</a> from startup_LPC17xx.o(.text) referenced from startup_LPC17xx.o(RESET)
 <LI><a href="#[22]">UART3_IRQHandler</a> from startup_LPC17xx.o(.text) referenced from startup_LPC17xx.o(RESET)
 <LI><a href="#[32]">USB_IRQHandler</a> from startup_LPC17xx.o(.text) referenced from startup_LPC17xx.o(RESET)
 <LI><a href="#[15]">UsageFault_Handler</a> from startup_LPC17xx.o(.text) referenced from startup_LPC17xx.o(RESET)
 <LI><a href="#[1a]">WDT_IRQHandler</a> from startup_LPC17xx.o(.text) referenced from startup_LPC17xx.o(RESET)
 <LI><a href="#[3e]">__main</a> from __main.o(!!!main) referenced from startup_LPC17xx.o(.text)
 <LI><a href="#[3d]">us_ticker_irq_handler</a> from us_ticker_api.o(i.us_ticker_irq_handler) referenced from us_ticker.o(i.us_ticker_init)
</UL>
<P>
<H3>
Global Symbols
</H3>
<P><STRONG><a name="[3e]"></a>__main</STRONG> (Thumb, 8 bytes, Stack size 0 bytes, __main.o(!!!main))
<BR><BR>[Calls]<UL><LI><a href="#[40]">&gt;&gt;</a>&nbsp;&nbsp;&nbsp;__rt_entry
<LI><a href="#[3f]">&gt;&gt;</a>&nbsp;&nbsp;&nbsp;__scatterload
</UL>

<P><STRONG><a name="[3f]"></a>__scatterload</STRONG> (Thumb, 0 bytes, Stack size unknown bytes, __scatter.o(!!!scatter))
<BR><BR>[Called By]<UL><LI><a href="#[3e]">&gt;&gt;</a>&nbsp;&nbsp;&nbsp;__main
</UL>

<P><STRONG><a name="[41]"></a>__scatterload_rt2</STRONG> (Thumb, 44 bytes, Stack size unknown bytes, __scatter.o(!!!scatter), UNUSED)
<BR><BR>[Calls]<UL><LI><a href="#[40]">&gt;&gt;</a>&nbsp;&nbsp;&nbsp;__rt_entry
</UL>

<P><STRONG><a name="[68]"></a>__scatterload_rt2_thumb_only</STRONG> (Thumb, 0 bytes, Stack size unknown bytes, __scatter.o(!!!scatter), UNUSED)

<P><STRONG><a name="[69]"></a>__scatterload_null</STRONG> (Thumb, 0 bytes, Stack size unknown bytes, __scatter.o(!!!scatter), UNUSED)

<P><STRONG><a name="[42]"></a>__scatterload_copy</STRONG> (Thumb, 26 bytes, Stack size unknown bytes, __scatter_copy.o(!!handler_copy), UNUSED)
<BR><BR>[Calls]<UL><LI><a href="#[42]">&gt;&gt;</a>&nbsp;&nbsp;&nbsp;__scatterload_copy
</UL>
<BR>[Called By]<UL><LI><a href="#[42]">&gt;&gt;</a>&nbsp;&nbsp;&nbsp;__scatterload_copy
</UL>

<P><STRONG><a name="[46]"></a>__rt_lib_init</STRONG> (Thumb, 0 bytes, Stack size unknown bytes, libinit.o(.ARM.Collect$$libinit$$00000000))
<BR><BR>[Called By]<UL><LI><a href="#[45]">&gt;&gt;</a>&nbsp;&nbsp;&nbsp;__rt_entry_li
</UL>

<P><STRONG><a name="[6a]"></a>__rt_lib_init_alloca_1</STRONG> (Thumb, 0 bytes, Stack size unknown bytes, libinit2.o(.ARM.Collect$$libinit$$0000002E))

<P><STRONG><a name="[6b]"></a>__rt_lib_init_argv_1</STRONG> (Thumb, 0 bytes, Stack size unknown bytes, libinit2.o(.ARM.Collect$$libinit$$0000002C))

<P><STRONG><a name="[6c]"></a>__rt_lib_init_atexit_1</STRONG> (Thumb, 0 bytes, Stack size unknown bytes, libinit2.o(.ARM.Collect$$libinit$$0000001B))

<P><STRONG><a name="[6d]"></a>__rt_lib_init_clock_1</STRONG> (Thumb, 0 bytes, Stack size unknown bytes, libinit2.o(.ARM.Collect$$libinit$$00000021))

<P><STRONG><a name="[6e]"></a>__rt_lib_init_cpp_1</STRONG> (Thumb, 0 bytes, Stack size unknown bytes, libinit2.o(.ARM.Collect$$libinit$$00000032))

<P><STRONG><a name="[6f]"></a>__rt_lib_init_exceptions_1</STRONG> (Thumb, 0 bytes, Stack size unknown bytes, libinit2.o(.ARM.Collect$$libinit$$00000030))

<P><STRONG><a name="[70]"></a>__rt_lib_init_fp_1</STRONG> (Thumb, 0 bytes, Stack size unknown bytes, libinit2.o(.ARM.Collect$$libinit$$00000002))

<P><STRONG><a name="[71]"></a>__rt_lib_init_fp_trap_1</STRONG> (Thumb, 0 bytes, Stack size unknown bytes, libinit2.o(.ARM.Collect$$libinit$$0000001F))

<P><STRONG><a name="[72]"></a>__rt_lib_init_getenv_1</STRONG> (Thumb, 0 bytes, Stack size unknown bytes, libinit2.o(.ARM.Collect$$libinit$$00000023))

<P><STRONG><a name="[73]"></a>__rt_lib_init_heap_1</STRONG> (Thumb, 0 bytes, Stack size unknown bytes, libinit2.o(.ARM.Collect$$libinit$$0000000A))

<P><STRONG><a name="[74]"></a>__rt_lib_init_lc_collate_1</STRONG> (Thumb, 0 bytes, Stack size unknown bytes, libinit2.o(.ARM.Collect$$libinit$$00000011))

<P><STRONG><a name="[75]"></a>__rt_lib_init_lc_ctype_1</STRONG> (Thumb, 0 bytes, Stack size unknown bytes, libinit2.o(.ARM.Collect$$libinit$$00000013))

<P><STRONG><a name="[76]"></a>__rt_lib_init_lc_monetary_1</STRONG> (Thumb, 0 bytes, Stack size unknown bytes, libinit2.o(.ARM.Collect$$libinit$$00000015))

<P><STRONG><a name="[77]"></a>__rt_lib_init_lc_numeric_1</STRONG> (Thumb, 0 bytes, Stack size unknown bytes, libinit2.o(.ARM.Collect$$libinit$$00000017))

<P><STRONG><a name="[78]"></a>__rt_lib_init_lc_time_1</STRONG> (Thumb, 0 bytes, Stack size unknown bytes, libinit2.o(.ARM.Collect$$libinit$$00000019))

<P><STRONG><a name="[79]"></a>__rt_lib_init_preinit_1</STRONG> (Thumb, 0 bytes, Stack size unknown bytes, libinit2.o(.ARM.Collect$$libinit$$00000004))

<P><STRONG><a name="[7a]"></a>__rt_lib_init_rand_1</STRONG> (Thumb, 0 bytes, Stack size unknown bytes, libinit2.o(.ARM.Collect$$libinit$$0000000E))

<P><STRONG><a name="[7b]"></a>__rt_lib_init_return</STRONG> (Thumb, 0 bytes, Stack size unknown bytes, libinit2.o(.ARM.Collect$$libinit$$00000033))

<P><STRONG><a name="[7c]"></a>__rt_lib_init_signal_1</STRONG> (Thumb, 0 bytes, Stack size unknown bytes, libinit2.o(.ARM.Collect$$libinit$$0000001D))

<P><STRONG><a name="[7d]"></a>__rt_lib_init_stdio_1</STRONG> (Thumb, 0 bytes, Stack size unknown bytes, libinit2.o(.ARM.Collect$$libinit$$00000025))

<P><STRONG><a name="[7e]"></a>__rt_lib_init_user_alloc_1</STRONG> (Thumb, 0 bytes, Stack size unknown bytes, libinit2.o(.ARM.Collect$$libinit$$0000000C))

<P><STRONG><a name="[40]"></a>__rt_entry</STRONG> (Thumb, 0 bytes, Stack size unknown bytes, __rtentry.o(.ARM.Collect$$rtentry$$00000000))
<BR><BR>[Called By]<UL><LI><a href="#[3e]">&gt;&gt;</a>&nbsp;&nbsp;&nbsp;__main
<LI><a href="#[41]">&gt;&gt;</a>&nbsp;&nbsp;&nbsp;__scatterload_rt2
</UL>

<P><STRONG><a name="[7f]"></a>__rt_entry_presh_1</STRONG> (Thumb, 0 bytes, Stack size unknown bytes, __rtentry2.o(.ARM.Collect$$rtentry$$00000002))

<P><STRONG><a name="[43]"></a>__rt_entry_sh</STRONG> (Thumb, 0 bytes, Stack size unknown bytes, __rtentry4.o(.ARM.Collect$$rtentry$$00000004))
<BR><BR>[Calls]<UL><LI><a href="#[44]">&gt;&gt;</a>&nbsp;&nbsp;&nbsp;__user_setup_stackheap
</UL>

<P><STRONG><a name="[45]"></a>__rt_entry_li</STRONG> (Thumb, 0 bytes, Stack size unknown bytes, __rtentry2.o(.ARM.Collect$$rtentry$$0000000A))
<BR><BR>[Calls]<UL><LI><a href="#[46]">&gt;&gt;</a>&nbsp;&nbsp;&nbsp;__rt_lib_init
</UL>

<P><STRONG><a name="[80]"></a>__rt_entry_postsh_1</STRONG> (Thumb, 0 bytes, Stack size unknown bytes, __rtentry2.o(.ARM.Collect$$rtentry$$00000009))

<P><STRONG><a name="[47]"></a>__rt_entry_main</STRONG> (Thumb, 0 bytes, Stack size unknown bytes, __rtentry2.o(.ARM.Collect$$rtentry$$0000000D))
<BR><BR>[Stack]<UL><LI>Max Depth = 132 + Unknown Stack Size
<LI>Call Chain = __rt_entry_main &rArr; exit &rArr; mbed_die &rArr; gpio_init &rArr; pin_mode
</UL>
<BR>[Calls]<UL><LI><a href="#[49]">&gt;&gt;</a>&nbsp;&nbsp;&nbsp;exit
<LI><a href="#[48]">&gt;&gt;</a>&nbsp;&nbsp;&nbsp;main
</UL>

<P><STRONG><a name="[81]"></a>__rt_entry_postli_1</STRONG> (Thumb, 0 bytes, Stack size unknown bytes, __rtentry2.o(.ARM.Collect$$rtentry$$0000000C))

<P><STRONG><a name="[50]"></a>EnInterrupts()</STRONG> (Thumb, 2 bytes, Stack size 0 bytes, main.o(.text))
<BR><BR>[Called By]<UL><LI><a href="#[4a]">&gt;&gt;</a>&nbsp;&nbsp;&nbsp;$Super$$main
</UL>

<P><STRONG><a name="[4b]"></a>Mcu_Init()</STRONG> (Thumb, 2 bytes, Stack size 0 bytes, main.o(.text))
<BR><BR>[Called By]<UL><LI><a href="#[4a]">&gt;&gt;</a>&nbsp;&nbsp;&nbsp;$Super$$main
</UL>

<P><STRONG><a name="[4a]"></a>$Super$$main</STRONG> (Thumb, 52 bytes, Stack size 0 bytes, main.o(.text))
<BR><BR>[Calls]<UL><LI><a href="#[55]">&gt;&gt;</a>&nbsp;&nbsp;&nbsp;wait_ms
<LI><a href="#[54]">&gt;&gt;</a>&nbsp;&nbsp;&nbsp;Task4_Run()
<LI><a href="#[53]">&gt;&gt;</a>&nbsp;&nbsp;&nbsp;Task3_Run()
<LI><a href="#[52]">&gt;&gt;</a>&nbsp;&nbsp;&nbsp;Task2_Run()
<LI><a href="#[51]">&gt;&gt;</a>&nbsp;&nbsp;&nbsp;Task1_Run()
<LI><a href="#[4f]">&gt;&gt;</a>&nbsp;&nbsp;&nbsp;Task4_Init()
<LI><a href="#[4e]">&gt;&gt;</a>&nbsp;&nbsp;&nbsp;Task3_Init()
<LI><a href="#[4d]">&gt;&gt;</a>&nbsp;&nbsp;&nbsp;Task2_Init()
<LI><a href="#[4c]">&gt;&gt;</a>&nbsp;&nbsp;&nbsp;Task1_Init()
<LI><a href="#[4b]">&gt;&gt;</a>&nbsp;&nbsp;&nbsp;Mcu_Init()
<LI><a href="#[50]">&gt;&gt;</a>&nbsp;&nbsp;&nbsp;EnInterrupts()
</UL>
<BR>[Called By]<UL><LI><a href="#[48]">&gt;&gt;</a>&nbsp;&nbsp;&nbsp;main
</UL>

<P><STRONG><a name="[4c]"></a>Task1_Init()</STRONG> (Thumb, 2 bytes, Stack size 0 bytes, task1.o(.text))
<BR><BR>[Called By]<UL><LI><a href="#[4a]">&gt;&gt;</a>&nbsp;&nbsp;&nbsp;$Super$$main
</UL>

<P><STRONG><a name="[51]"></a>Task1_Run()</STRONG> (Thumb, 26 bytes, Stack size 0 bytes, task1.o(.text))
<BR><BR>[Called By]<UL><LI><a href="#[4a]">&gt;&gt;</a>&nbsp;&nbsp;&nbsp;$Super$$main
</UL>

<P><STRONG><a name="[82]"></a>Task1_Flush()</STRONG> (Thumb, 8 bytes, Stack size 0 bytes, task1.o(.text), UNUSED)

<P><STRONG><a name="[4d]"></a>Task2_Init()</STRONG> (Thumb, 2 bytes, Stack size 0 bytes, task2.o(.text))
<BR><BR>[Called By]<UL><LI><a href="#[4a]">&gt;&gt;</a>&nbsp;&nbsp;&nbsp;$Super$$main
</UL>

<P><STRONG><a name="[52]"></a>Task2_Run()</STRONG> (Thumb, 26 bytes, Stack size 0 bytes, task2.o(.text))
<BR><BR>[Called By]<UL><LI><a href="#[4a]">&gt;&gt;</a>&nbsp;&nbsp;&nbsp;$Super$$main
</UL>

<P><STRONG><a name="[83]"></a>Task2_Flush()</STRONG> (Thumb, 8 bytes, Stack size 0 bytes, task2.o(.text), UNUSED)

<P><STRONG><a name="[4e]"></a>Task3_Init()</STRONG> (Thumb, 2 bytes, Stack size 0 bytes, task3.o(.text))
<BR><BR>[Called By]<UL><LI><a href="#[4a]">&gt;&gt;</a>&nbsp;&nbsp;&nbsp;$Super$$main
</UL>

<P><STRONG><a name="[53]"></a>Task3_Run()</STRONG> (Thumb, 26 bytes, Stack size 0 bytes, task3.o(.text))
<BR><BR>[Called By]<UL><LI><a href="#[4a]">&gt;&gt;</a>&nbsp;&nbsp;&nbsp;$Super$$main
</UL>

<P><STRONG><a name="[84]"></a>Task3_Flush()</STRONG> (Thumb, 8 bytes, Stack size 0 bytes, task3.o(.text), UNUSED)

<P><STRONG><a name="[4f]"></a>Task4_Init()</STRONG> (Thumb, 2 bytes, Stack size 0 bytes, task4.o(.text))
<BR><BR>[Called By]<UL><LI><a href="#[4a]">&gt;&gt;</a>&nbsp;&nbsp;&nbsp;$Super$$main
</UL>

<P><STRONG><a name="[54]"></a>Task4_Run()</STRONG> (Thumb, 26 bytes, Stack size 0 bytes, task4.o(.text))
<BR><BR>[Called By]<UL><LI><a href="#[4a]">&gt;&gt;</a>&nbsp;&nbsp;&nbsp;$Super$$main
</UL>

<P><STRONG><a name="[85]"></a>Task4_Flush()</STRONG> (Thumb, 8 bytes, Stack size 0 bytes, task4.o(.text), UNUSED)

<P><STRONG><a name="[10]"></a>Reset_Handler</STRONG> (Thumb, 8 bytes, Stack size 0 bytes, startup_LPC17xx.o(.text))
<BR>[Address Reference Count : 1]<UL><LI> startup_LPC17xx.o(RESET)
</UL>
<P><STRONG><a name="[11]"></a>NMI_Handler</STRONG> (Thumb, 2 bytes, Stack size 0 bytes, startup_LPC17xx.o(.text))
<BR><BR>[Calls]<UL><LI><a href="#[11]">&gt;&gt;</a>&nbsp;&nbsp;&nbsp;NMI_Handler
</UL>
<BR>[Called By]<UL><LI><a href="#[11]">&gt;&gt;</a>&nbsp;&nbsp;&nbsp;NMI_Handler
</UL>
<BR>[Address Reference Count : 1]<UL><LI> startup_LPC17xx.o(RESET)
</UL>
<P><STRONG><a name="[12]"></a>HardFault_Handler</STRONG> (Thumb, 2 bytes, Stack size 0 bytes, startup_LPC17xx.o(.text))
<BR><BR>[Calls]<UL><LI><a href="#[12]">&gt;&gt;</a>&nbsp;&nbsp;&nbsp;HardFault_Handler
</UL>
<BR>[Called By]<UL><LI><a href="#[12]">&gt;&gt;</a>&nbsp;&nbsp;&nbsp;HardFault_Handler
</UL>
<BR>[Address Reference Count : 1]<UL><LI> startup_LPC17xx.o(RESET)
</UL>
<P><STRONG><a name="[13]"></a>MemManage_Handler</STRONG> (Thumb, 2 bytes, Stack size 0 bytes, startup_LPC17xx.o(.text))
<BR><BR>[Calls]<UL><LI><a href="#[13]">&gt;&gt;</a>&nbsp;&nbsp;&nbsp;MemManage_Handler
</UL>
<BR>[Called By]<UL><LI><a href="#[13]">&gt;&gt;</a>&nbsp;&nbsp;&nbsp;MemManage_Handler
</UL>
<BR>[Address Reference Count : 1]<UL><LI> startup_LPC17xx.o(RESET)
</UL>
<P><STRONG><a name="[14]"></a>BusFault_Handler</STRONG> (Thumb, 2 bytes, Stack size 0 bytes, startup_LPC17xx.o(.text))
<BR><BR>[Calls]<UL><LI><a href="#[14]">&gt;&gt;</a>&nbsp;&nbsp;&nbsp;BusFault_Handler
</UL>
<BR>[Called By]<UL><LI><a href="#[14]">&gt;&gt;</a>&nbsp;&nbsp;&nbsp;BusFault_Handler
</UL>
<BR>[Address Reference Count : 1]<UL><LI> startup_LPC17xx.o(RESET)
</UL>
<P><STRONG><a name="[15]"></a>UsageFault_Handler</STRONG> (Thumb, 2 bytes, Stack size 0 bytes, startup_LPC17xx.o(.text))
<BR><BR>[Calls]<UL><LI><a href="#[15]">&gt;&gt;</a>&nbsp;&nbsp;&nbsp;UsageFault_Handler
</UL>
<BR>[Called By]<UL><LI><a href="#[15]">&gt;&gt;</a>&nbsp;&nbsp;&nbsp;UsageFault_Handler
</UL>
<BR>[Address Reference Count : 1]<UL><LI> startup_LPC17xx.o(RESET)
</UL>
<P><STRONG><a name="[16]"></a>SVC_Handler</STRONG> (Thumb, 2 bytes, Stack size 0 bytes, startup_LPC17xx.o(.text))
<BR><BR>[Calls]<UL><LI><a href="#[16]">&gt;&gt;</a>&nbsp;&nbsp;&nbsp;SVC_Handler
</UL>
<BR>[Called By]<UL><LI><a href="#[16]">&gt;&gt;</a>&nbsp;&nbsp;&nbsp;SVC_Handler
</UL>
<BR>[Address Reference Count : 1]<UL><LI> startup_LPC17xx.o(RESET)
</UL>
<P><STRONG><a name="[17]"></a>DebugMon_Handler</STRONG> (Thumb, 2 bytes, Stack size 0 bytes, startup_LPC17xx.o(.text))
<BR><BR>[Calls]<UL><LI><a href="#[17]">&gt;&gt;</a>&nbsp;&nbsp;&nbsp;DebugMon_Handler
</UL>
<BR>[Called By]<UL><LI><a href="#[17]">&gt;&gt;</a>&nbsp;&nbsp;&nbsp;DebugMon_Handler
</UL>
<BR>[Address Reference Count : 1]<UL><LI> startup_LPC17xx.o(RESET)
</UL>
<P><STRONG><a name="[18]"></a>PendSV_Handler</STRONG> (Thumb, 2 bytes, Stack size 0 bytes, startup_LPC17xx.o(.text))
<BR><BR>[Calls]<UL><LI><a href="#[18]">&gt;&gt;</a>&nbsp;&nbsp;&nbsp;PendSV_Handler
</UL>
<BR>[Called By]<UL><LI><a href="#[18]">&gt;&gt;</a>&nbsp;&nbsp;&nbsp;PendSV_Handler
</UL>
<BR>[Address Reference Count : 1]<UL><LI> startup_LPC17xx.o(RESET)
</UL>
<P><STRONG><a name="[19]"></a>SysTick_Handler</STRONG> (Thumb, 2 bytes, Stack size 0 bytes, startup_LPC17xx.o(.text))
<BR><BR>[Calls]<UL><LI><a href="#[19]">&gt;&gt;</a>&nbsp;&nbsp;&nbsp;SysTick_Handler
</UL>
<BR>[Called By]<UL><LI><a href="#[19]">&gt;&gt;</a>&nbsp;&nbsp;&nbsp;SysTick_Handler
</UL>
<BR>[Address Reference Count : 1]<UL><LI> startup_LPC17xx.o(RESET)
</UL>
<P><STRONG><a name="[30]"></a>ADC_IRQHandler</STRONG> (Thumb, 0 bytes, Stack size 0 bytes, startup_LPC17xx.o(.text))
<BR><BR>[Calls]<UL><LI><a href="#[30]">&gt;&gt;</a>&nbsp;&nbsp;&nbsp;ADC_IRQHandler
</UL>
<BR>[Called By]<UL><LI><a href="#[30]">&gt;&gt;</a>&nbsp;&nbsp;&nbsp;ADC_IRQHandler
</UL>
<BR>[Address Reference Count : 1]<UL><LI> startup_LPC17xx.o(RESET)
</UL>
<P><STRONG><a name="[31]"></a>BOD_IRQHandler</STRONG> (Thumb, 0 bytes, Stack size 0 bytes, startup_LPC17xx.o(.text))
<BR>[Address Reference Count : 1]<UL><LI> startup_LPC17xx.o(RESET)
</UL>
<P><STRONG><a name="[33]"></a>CAN_IRQHandler</STRONG> (Thumb, 0 bytes, Stack size 0 bytes, startup_LPC17xx.o(.text))
<BR>[Address Reference Count : 1]<UL><LI> startup_LPC17xx.o(RESET)
</UL>
<P><STRONG><a name="[34]"></a>DMA_IRQHandler</STRONG> (Thumb, 0 bytes, Stack size 0 bytes, startup_LPC17xx.o(.text))
<BR>[Address Reference Count : 1]<UL><LI> startup_LPC17xx.o(RESET)
</UL>
<P><STRONG><a name="[2c]"></a>EINT0_IRQHandler</STRONG> (Thumb, 0 bytes, Stack size 0 bytes, startup_LPC17xx.o(.text))
<BR>[Address Reference Count : 1]<UL><LI> startup_LPC17xx.o(RESET)
</UL>
<P><STRONG><a name="[2d]"></a>EINT1_IRQHandler</STRONG> (Thumb, 0 bytes, Stack size 0 bytes, startup_LPC17xx.o(.text))
<BR>[Address Reference Count : 1]<UL><LI> startup_LPC17xx.o(RESET)
</UL>
<P><STRONG><a name="[2e]"></a>EINT2_IRQHandler</STRONG> (Thumb, 0 bytes, Stack size 0 bytes, startup_LPC17xx.o(.text))
<BR>[Address Reference Count : 1]<UL><LI> startup_LPC17xx.o(RESET)
</UL>
<P><STRONG><a name="[2f]"></a>EINT3_IRQHandler</STRONG> (Thumb, 0 bytes, Stack size 0 bytes, startup_LPC17xx.o(.text))
<BR>[Address Reference Count : 1]<UL><LI> startup_LPC17xx.o(RESET)
</UL>
<P><STRONG><a name="[36]"></a>ENET_IRQHandler</STRONG> (Thumb, 0 bytes, Stack size 0 bytes, startup_LPC17xx.o(.text))
<BR>[Address Reference Count : 1]<UL><LI> startup_LPC17xx.o(RESET)
</UL>
<P><STRONG><a name="[24]"></a>I2C0_IRQHandler</STRONG> (Thumb, 0 bytes, Stack size 0 bytes, startup_LPC17xx.o(.text))
<BR>[Address Reference Count : 1]<UL><LI> startup_LPC17xx.o(RESET)
</UL>
<P><STRONG><a name="[25]"></a>I2C1_IRQHandler</STRONG> (Thumb, 0 bytes, Stack size 0 bytes, startup_LPC17xx.o(.text))
<BR>[Address Reference Count : 1]<UL><LI> startup_LPC17xx.o(RESET)
</UL>
<P><STRONG><a name="[26]"></a>I2C2_IRQHandler</STRONG> (Thumb, 0 bytes, Stack size 0 bytes, startup_LPC17xx.o(.text))
<BR>[Address Reference Count : 1]<UL><LI> startup_LPC17xx.o(RESET)
</UL>
<P><STRONG><a name="[35]"></a>I2S_IRQHandler</STRONG> (Thumb, 0 bytes, Stack size 0 bytes, startup_LPC17xx.o(.text))
<BR>[Address Reference Count : 1]<UL><LI> startup_LPC17xx.o(RESET)
</UL>
<P><STRONG><a name="[38]"></a>MCPWM_IRQHandler</STRONG> (Thumb, 0 bytes, Stack size 0 bytes, startup_LPC17xx.o(.text))
<BR>[Address Reference Count : 1]<UL><LI> startup_LPC17xx.o(RESET)
</UL>
<P><STRONG><a name="[2a]"></a>PLL0_IRQHandler</STRONG> (Thumb, 0 bytes, Stack size 0 bytes, startup_LPC17xx.o(.text))
<BR>[Address Reference Count : 1]<UL><LI> startup_LPC17xx.o(RESET)
</UL>
<P><STRONG><a name="[3a]"></a>PLL1_IRQHandler</STRONG> (Thumb, 0 bytes, Stack size 0 bytes, startup_LPC17xx.o(.text))
<BR>[Address Reference Count : 1]<UL><LI> startup_LPC17xx.o(RESET)
</UL>
<P><STRONG><a name="[23]"></a>PWM1_IRQHandler</STRONG> (Thumb, 0 bytes, Stack size 0 bytes, startup_LPC17xx.o(.text))
<BR>[Address Reference Count : 1]<UL><LI> startup_LPC17xx.o(RESET)
</UL>
<P><STRONG><a name="[39]"></a>QEI_IRQHandler</STRONG> (Thumb, 0 bytes, Stack size 0 bytes, startup_LPC17xx.o(.text))
<BR>[Address Reference Count : 1]<UL><LI> startup_LPC17xx.o(RESET)
</UL>
<P><STRONG><a name="[37]"></a>RIT_IRQHandler</STRONG> (Thumb, 0 bytes, Stack size 0 bytes, startup_LPC17xx.o(.text))
<BR>[Address Reference Count : 1]<UL><LI> startup_LPC17xx.o(RESET)
</UL>
<P><STRONG><a name="[2b]"></a>RTC_IRQHandler</STRONG> (Thumb, 0 bytes, Stack size 0 bytes, startup_LPC17xx.o(.text))
<BR>[Address Reference Count : 1]<UL><LI> startup_LPC17xx.o(RESET)
</UL>
<P><STRONG><a name="[27]"></a>SPI_IRQHandler</STRONG> (Thumb, 0 bytes, Stack size 0 bytes, startup_LPC17xx.o(.text))
<BR>[Address Reference Count : 1]<UL><LI> startup_LPC17xx.o(RESET)
</UL>
<P><STRONG><a name="[28]"></a>SSP0_IRQHandler</STRONG> (Thumb, 0 bytes, Stack size 0 bytes, startup_LPC17xx.o(.text))
<BR>[Address Reference Count : 1]<UL><LI> startup_LPC17xx.o(RESET)
</UL>
<P><STRONG><a name="[29]"></a>SSP1_IRQHandler</STRONG> (Thumb, 0 bytes, Stack size 0 bytes, startup_LPC17xx.o(.text))
<BR>[Address Reference Count : 1]<UL><LI> startup_LPC17xx.o(RESET)
</UL>
<P><STRONG><a name="[1b]"></a>TIMER0_IRQHandler</STRONG> (Thumb, 0 bytes, Stack size 0 bytes, startup_LPC17xx.o(.text))
<BR>[Address Reference Count : 1]<UL><LI> startup_LPC17xx.o(RESET)
</UL>
<P><STRONG><a name="[1c]"></a>TIMER1_IRQHandler</STRONG> (Thumb, 0 bytes, Stack size 0 bytes, startup_LPC17xx.o(.text))
<BR>[Address Reference Count : 1]<UL><LI> startup_LPC17xx.o(RESET)
</UL>
<P><STRONG><a name="[1d]"></a>TIMER2_IRQHandler</STRONG> (Thumb, 0 bytes, Stack size 0 bytes, startup_LPC17xx.o(.text))
<BR>[Address Reference Count : 1]<UL><LI> startup_LPC17xx.o(RESET)
</UL>
<P><STRONG><a name="[1e]"></a>TIMER3_IRQHandler</STRONG> (Thumb, 0 bytes, Stack size 0 bytes, startup_LPC17xx.o(.text))
<BR>[Address Reference Count : 1]<UL><LI> startup_LPC17xx.o(RESET)
</UL>
<P><STRONG><a name="[1f]"></a>UART0_IRQHandler</STRONG> (Thumb, 0 bytes, Stack size 0 bytes, startup_LPC17xx.o(.text))
<BR>[Address Reference Count : 1]<UL><LI> startup_LPC17xx.o(RESET)
</UL>
<P><STRONG><a name="[20]"></a>UART1_IRQHandler</STRONG> (Thumb, 0 bytes, Stack size 0 bytes, startup_LPC17xx.o(.text))
<BR>[Address Reference Count : 1]<UL><LI> startup_LPC17xx.o(RESET)
</UL>
<P><STRONG><a name="[21]"></a>UART2_IRQHandler</STRONG> (Thumb, 0 bytes, Stack size 0 bytes, startup_LPC17xx.o(.text))
<BR>[Address Reference Count : 1]<UL><LI> startup_LPC17xx.o(RESET)
</UL>
<P><STRONG><a name="[22]"></a>UART3_IRQHandler</STRONG> (Thumb, 0 bytes, Stack size 0 bytes, startup_LPC17xx.o(.text))
<BR>[Address Reference Count : 1]<UL><LI> startup_LPC17xx.o(RESET)
</UL>
<P><STRONG><a name="[32]"></a>USB_IRQHandler</STRONG> (Thumb, 0 bytes, Stack size 0 bytes, startup_LPC17xx.o(.text))
<BR>[Address Reference Count : 1]<UL><LI> startup_LPC17xx.o(RESET)
</UL>
<P><STRONG><a name="[1a]"></a>WDT_IRQHandler</STRONG> (Thumb, 0 bytes, Stack size 0 bytes, startup_LPC17xx.o(.text))
<BR>[Address Reference Count : 1]<UL><LI> startup_LPC17xx.o(RESET)
</UL>
<P><STRONG><a name="[48]"></a>main</STRONG> (Thumb, 14 bytes, Stack size 8 bytes, retarget.o(i.$Sub$$main))
<BR><BR>[Stack]<UL><LI>Max Depth = 8<LI>Call Chain = main
</UL>
<BR>[Calls]<UL><LI><a href="#[56]">&gt;&gt;</a>&nbsp;&nbsp;&nbsp;mbed_main
<LI><a href="#[4a]">&gt;&gt;</a>&nbsp;&nbsp;&nbsp;$Super$$main
</UL>
<BR>[Called By]<UL><LI><a href="#[47]">&gt;&gt;</a>&nbsp;&nbsp;&nbsp;__rt_entry_main
</UL>

<P><STRONG><a name="[62]"></a>NVIC_SetVector</STRONG> (Thumb, 42 bytes, Stack size 20 bytes, cmsis_nvic.o(i.NVIC_SetVector))
<BR><BR>[Stack]<UL><LI>Max Depth = 20<LI>Call Chain = NVIC_SetVector
</UL>
<BR>[Called By]<UL><LI><a href="#[61]">&gt;&gt;</a>&nbsp;&nbsp;&nbsp;us_ticker_init
</UL>

<P><STRONG><a name="[44]"></a>__user_setup_stackheap</STRONG> (Thumb, 10 bytes, Stack size 0 bytes, sys.o(i.__user_setup_stackheap))
<BR><BR>[Called By]<UL><LI><a href="#[43]">&gt;&gt;</a>&nbsp;&nbsp;&nbsp;__rt_entry_sh
</UL>

<P><STRONG><a name="[49]"></a>exit</STRONG> (Thumb, 20 bytes, Stack size 0 bytes, exit.o(i.exit))
<BR><BR>[Stack]<UL><LI>Max Depth = 132<LI>Call Chain = exit &rArr; mbed_die &rArr; gpio_init &rArr; pin_mode
</UL>
<BR>[Calls]<UL><LI><a href="#[58]">&gt;&gt;</a>&nbsp;&nbsp;&nbsp;semihost_exit
<LI><a href="#[57]">&gt;&gt;</a>&nbsp;&nbsp;&nbsp;mbed_interface_connected
<LI><a href="#[59]">&gt;&gt;</a>&nbsp;&nbsp;&nbsp;mbed_die
</UL>
<BR>[Called By]<UL><LI><a href="#[47]">&gt;&gt;</a>&nbsp;&nbsp;&nbsp;__rt_entry_main
</UL>

<P><STRONG><a name="[5c]"></a>gpio_dir</STRONG> (Thumb, 28 bytes, Stack size 0 bytes, gpio_api.o(i.gpio_dir))
<BR><BR>[Called By]<UL><LI><a href="#[5a]">&gt;&gt;</a>&nbsp;&nbsp;&nbsp;gpio_init
</UL>

<P><STRONG><a name="[5a]"></a>gpio_init</STRONG> (Thumb, 74 bytes, Stack size 16 bytes, gpio_api.o(i.gpio_init))
<BR><BR>[Stack]<UL><LI>Max Depth = 36<LI>Call Chain = gpio_init &rArr; pin_mode
</UL>
<BR>[Calls]<UL><LI><a href="#[5d]">&gt;&gt;</a>&nbsp;&nbsp;&nbsp;pin_mode
<LI><a href="#[5b]">&gt;&gt;</a>&nbsp;&nbsp;&nbsp;gpio_set
<LI><a href="#[5c]">&gt;&gt;</a>&nbsp;&nbsp;&nbsp;gpio_dir
</UL>
<BR>[Called By]<UL><LI><a href="#[59]">&gt;&gt;</a>&nbsp;&nbsp;&nbsp;mbed_die
</UL>

<P><STRONG><a name="[57]"></a>mbed_interface_connected</STRONG> (Thumb, 4 bytes, Stack size 0 bytes, mbed_interface.o(i.mbed_interface_connected))
<BR><BR>[Calls]<UL><LI><a href="#[5e]">&gt;&gt;</a>&nbsp;&nbsp;&nbsp;semihost_connected
</UL>
<BR>[Called By]<UL><LI><a href="#[49]">&gt;&gt;</a>&nbsp;&nbsp;&nbsp;exit
</UL>

<P><STRONG><a name="[56]"></a>mbed_main</STRONG> (Thumb, 2 bytes, Stack size 0 bytes, retarget.o(i.mbed_main))
<BR><BR>[Called By]<UL><LI><a href="#[48]">&gt;&gt;</a>&nbsp;&nbsp;&nbsp;main
</UL>

<P><STRONG><a name="[3b]"></a>SystemInit</STRONG> (Thumb, 146 bytes, Stack size 8 bytes, system_LPC17xx.o(i.SystemInit))
<BR><BR>[Stack]<UL><LI>Max Depth = 8<LI>Call Chain = SystemInit
</UL>
<BR>[Address Reference Count : 1]<UL><LI> startup_LPC17xx.o(.text)
</UL>
<P><STRONG><a name="[5b]"></a>gpio_set</STRONG> (Thumb, 20 bytes, Stack size 8 bytes, gpio_api.o(i.gpio_set))
<BR><BR>[Stack]<UL><LI>Max Depth = 16<LI>Call Chain = gpio_set &rArr; pin_function
</UL>
<BR>[Calls]<UL><LI><a href="#[5f]">&gt;&gt;</a>&nbsp;&nbsp;&nbsp;pin_function
</UL>
<BR>[Called By]<UL><LI><a href="#[5a]">&gt;&gt;</a>&nbsp;&nbsp;&nbsp;gpio_init
</UL>

<P><STRONG><a name="[59]"></a>mbed_die</STRONG> (Thumb, 126 bytes, Stack size 96 bytes, board.o(i.mbed_die))
<BR><BR>[Stack]<UL><LI>Max Depth = 132<LI>Call Chain = mbed_die &rArr; gpio_init &rArr; pin_mode
</UL>
<BR>[Calls]<UL><LI><a href="#[5a]">&gt;&gt;</a>&nbsp;&nbsp;&nbsp;gpio_init
<LI><a href="#[60]">&gt;&gt;</a>&nbsp;&nbsp;&nbsp;gpio_write
<LI><a href="#[55]">&gt;&gt;</a>&nbsp;&nbsp;&nbsp;wait_ms
</UL>
<BR>[Called By]<UL><LI><a href="#[49]">&gt;&gt;</a>&nbsp;&nbsp;&nbsp;exit
</UL>

<P><STRONG><a name="[5f]"></a>pin_function</STRONG> (Thumb, 42 bytes, Stack size 8 bytes, pinmap.o(i.pin_function))
<BR><BR>[Stack]<UL><LI>Max Depth = 8<LI>Call Chain = pin_function
</UL>
<BR>[Called By]<UL><LI><a href="#[5b]">&gt;&gt;</a>&nbsp;&nbsp;&nbsp;gpio_set
</UL>

<P><STRONG><a name="[5d]"></a>pin_mode</STRONG> (Thumb, 76 bytes, Stack size 20 bytes, pinmap.o(i.pin_mode))
<BR><BR>[Stack]<UL><LI>Max Depth = 20<LI>Call Chain = pin_mode
</UL>
<BR>[Called By]<UL><LI><a href="#[5a]">&gt;&gt;</a>&nbsp;&nbsp;&nbsp;gpio_init
</UL>

<P><STRONG><a name="[5e]"></a>semihost_connected</STRONG> (Thumb, 10 bytes, Stack size 0 bytes, semihost_api.o(i.semihost_connected))
<BR><BR>[Called By]<UL><LI><a href="#[57]">&gt;&gt;</a>&nbsp;&nbsp;&nbsp;mbed_interface_connected
</UL>

<P><STRONG><a name="[58]"></a>semihost_exit</STRONG> (Thumb, 12 bytes, Stack size 24 bytes, semihost_api.o(i.semihost_exit))
<BR><BR>[Stack]<UL><LI>Max Depth = 24<LI>Call Chain = semihost_exit
</UL>
<BR>[Called By]<UL><LI><a href="#[49]">&gt;&gt;</a>&nbsp;&nbsp;&nbsp;exit
</UL>

<P><STRONG><a name="[63]"></a>us_ticker_clear_interrupt</STRONG> (Thumb, 8 bytes, Stack size 0 bytes, us_ticker.o(i.us_ticker_clear_interrupt))
<BR><BR>[Called By]<UL><LI><a href="#[3d]">&gt;&gt;</a>&nbsp;&nbsp;&nbsp;us_ticker_irq_handler
</UL>

<P><STRONG><a name="[65]"></a>us_ticker_disable_interrupt</STRONG> (Thumb, 12 bytes, Stack size 0 bytes, us_ticker.o(i.us_ticker_disable_interrupt))
<BR><BR>[Called By]<UL><LI><a href="#[3d]">&gt;&gt;</a>&nbsp;&nbsp;&nbsp;us_ticker_irq_handler
</UL>

<P><STRONG><a name="[61]"></a>us_ticker_init</STRONG> (Thumb, 72 bytes, Stack size 8 bytes, us_ticker.o(i.us_ticker_init))
<BR><BR>[Stack]<UL><LI>Max Depth = 28<LI>Call Chain = us_ticker_init &rArr; NVIC_SetVector
</UL>
<BR>[Calls]<UL><LI><a href="#[62]">&gt;&gt;</a>&nbsp;&nbsp;&nbsp;NVIC_SetVector
</UL>
<BR>[Called By]<UL><LI><a href="#[64]">&gt;&gt;</a>&nbsp;&nbsp;&nbsp;us_ticker_read
</UL>

<P><STRONG><a name="[3d]"></a>us_ticker_irq_handler</STRONG> (Thumb, 60 bytes, Stack size 8 bytes, us_ticker_api.o(i.us_ticker_irq_handler))
<BR><BR>[Stack]<UL><LI>Max Depth = 44<LI>Call Chain = us_ticker_irq_handler &rArr; us_ticker_read &rArr; us_ticker_init &rArr; NVIC_SetVector
</UL>
<BR>[Calls]<UL><LI><a href="#[66]">&gt;&gt;</a>&nbsp;&nbsp;&nbsp;us_ticker_set_interrupt
<LI><a href="#[65]">&gt;&gt;</a>&nbsp;&nbsp;&nbsp;us_ticker_disable_interrupt
<LI><a href="#[63]">&gt;&gt;</a>&nbsp;&nbsp;&nbsp;us_ticker_clear_interrupt
<LI><a href="#[64]">&gt;&gt;</a>&nbsp;&nbsp;&nbsp;us_ticker_read
</UL>
<BR>[Address Reference Count : 1]<UL><LI> us_ticker.o(i.us_ticker_init)
</UL>
<P><STRONG><a name="[64]"></a>us_ticker_read</STRONG> (Thumb, 18 bytes, Stack size 8 bytes, us_ticker.o(i.us_ticker_read))
<BR><BR>[Stack]<UL><LI>Max Depth = 36<LI>Call Chain = us_ticker_read &rArr; us_ticker_init &rArr; NVIC_SetVector
</UL>
<BR>[Calls]<UL><LI><a href="#[61]">&gt;&gt;</a>&nbsp;&nbsp;&nbsp;us_ticker_init
</UL>
<BR>[Called By]<UL><LI><a href="#[3d]">&gt;&gt;</a>&nbsp;&nbsp;&nbsp;us_ticker_irq_handler
<LI><a href="#[67]">&gt;&gt;</a>&nbsp;&nbsp;&nbsp;wait_us
</UL>

<P><STRONG><a name="[66]"></a>us_ticker_set_interrupt</STRONG> (Thumb, 14 bytes, Stack size 0 bytes, us_ticker.o(i.us_ticker_set_interrupt))
<BR><BR>[Called By]<UL><LI><a href="#[3d]">&gt;&gt;</a>&nbsp;&nbsp;&nbsp;us_ticker_irq_handler
</UL>

<P><STRONG><a name="[55]"></a>wait_ms</STRONG> (Thumb, 10 bytes, Stack size 0 bytes, wait_api.o(i.wait_ms))
<BR><BR>[Called By]<UL><LI><a href="#[59]">&gt;&gt;</a>&nbsp;&nbsp;&nbsp;mbed_die
<LI><a href="#[4a]">&gt;&gt;</a>&nbsp;&nbsp;&nbsp;$Super$$main
</UL>

<P><STRONG><a name="[67]"></a>wait_us</STRONG> (Thumb, 22 bytes, Stack size 16 bytes, wait_api.o(i.wait_us), UNUSED)
<BR><BR>[Calls]<UL><LI><a href="#[64]">&gt;&gt;</a>&nbsp;&nbsp;&nbsp;us_ticker_read
</UL>
<P>
<H3>
Local Symbols
</H3>
<P><STRONG><a name="[60]"></a>gpio_write</STRONG> (Thumb, 14 bytes, Stack size 0 bytes, board.o(i.gpio_write))
<BR><BR>[Called By]<UL><LI><a href="#[59]">&gt;&gt;</a>&nbsp;&nbsp;&nbsp;mbed_die
</UL>
<P>
<H3>
Undefined Global Symbols
</H3><HR></body></html>
